Component: ARM Compiler 5.06 update 7 (build 960) Tool: armlink [4d3601]

==============================================================================

Section Cross References

    cs32l010_starterkit.o(i.BSP_LED_DeInit) refers to cs32l010_hal_gpio.o(i.HAL_GPIO_WritePin) for HAL_GPIO_WritePin
    cs32l010_starterkit.o(i.BSP_LED_DeInit) refers to cs32l010_hal_gpio.o(i.HAL_GPIO_DeInit) for HAL_GPIO_DeInit
    cs32l010_starterkit.o(i.BSP_LED_DeInit) refers to cs32l010_starterkit.o(.constdata) for LED_PIN
    cs32l010_starterkit.o(i.BSP_LED_DeInit) refers to cs32l010_starterkit.o(.data) for LED_PORT
    cs32l010_starterkit.o(i.BSP_LED_Init) refers to memseta.o(.text) for __aeabi_memclr4
    cs32l010_starterkit.o(i.BSP_LED_Init) refers to cs32l010_hal_gpio.o(i.HAL_GPIO_Init) for HAL_GPIO_Init
    cs32l010_starterkit.o(i.BSP_LED_Init) refers to cs32l010_hal_gpio.o(i.HAL_GPIO_WritePin) for HAL_GPIO_WritePin
    cs32l010_starterkit.o(i.BSP_LED_Init) refers to cs32l010_starterkit.o(.constdata) for LED_PIN
    cs32l010_starterkit.o(i.BSP_LED_Init) refers to cs32l010_starterkit.o(.data) for LED_PORT
    cs32l010_starterkit.o(i.BSP_LED_Off) refers to cs32l010_hal_gpio.o(i.HAL_GPIO_WritePin) for HAL_GPIO_WritePin
    cs32l010_starterkit.o(i.BSP_LED_Off) refers to cs32l010_starterkit.o(.constdata) for LED_PIN
    cs32l010_starterkit.o(i.BSP_LED_Off) refers to cs32l010_starterkit.o(.data) for LED_PORT
    cs32l010_starterkit.o(i.BSP_LED_On) refers to cs32l010_hal_gpio.o(i.HAL_GPIO_WritePin) for HAL_GPIO_WritePin
    cs32l010_starterkit.o(i.BSP_LED_On) refers to cs32l010_starterkit.o(.constdata) for LED_PIN
    cs32l010_starterkit.o(i.BSP_LED_On) refers to cs32l010_starterkit.o(.data) for LED_PORT
    cs32l010_starterkit.o(i.BSP_LED_Toggle) refers to cs32l010_hal_gpio.o(i.HAL_GPIO_TogglePin) for HAL_GPIO_TogglePin
    cs32l010_starterkit.o(i.BSP_LED_Toggle) refers to cs32l010_starterkit.o(.constdata) for LED_PIN
    cs32l010_starterkit.o(i.BSP_LED_Toggle) refers to cs32l010_starterkit.o(.data) for LED_PORT
    cs32l010_starterkit.o(i.BSP_PB_DeInit) refers to cs32l010_hal_cortex.o(i.HAL_NVIC_DisableIRQ) for HAL_NVIC_DisableIRQ
    cs32l010_starterkit.o(i.BSP_PB_DeInit) refers to cs32l010_hal_gpio.o(i.HAL_GPIO_DeInit) for HAL_GPIO_DeInit
    cs32l010_starterkit.o(i.BSP_PB_DeInit) refers to cs32l010_starterkit.o(.constdata) for BUTTON_PIN
    cs32l010_starterkit.o(i.BSP_PB_DeInit) refers to cs32l010_starterkit.o(.data) for BUTTON_PORT
    cs32l010_starterkit.o(i.BSP_PB_GetState) refers to cs32l010_hal_gpio.o(i.HAL_GPIO_ReadPin) for HAL_GPIO_ReadPin
    cs32l010_starterkit.o(i.BSP_PB_GetState) refers to cs32l010_starterkit.o(.constdata) for BUTTON_PIN
    cs32l010_starterkit.o(i.BSP_PB_GetState) refers to cs32l010_starterkit.o(.data) for BUTTON_PORT
    cs32l010_starterkit.o(i.BSP_PB_Init) refers to memseta.o(.text) for __aeabi_memclr4
    cs32l010_starterkit.o(i.BSP_PB_Init) refers to cs32l010_hal_gpio.o(i.HAL_GPIO_Init) for HAL_GPIO_Init
    cs32l010_starterkit.o(i.BSP_PB_Init) refers to cs32l010_hal_cortex.o(i.HAL_NVIC_SetPriority) for HAL_NVIC_SetPriority
    cs32l010_starterkit.o(i.BSP_PB_Init) refers to cs32l010_hal_cortex.o(i.HAL_NVIC_EnableIRQ) for HAL_NVIC_EnableIRQ
    cs32l010_starterkit.o(i.BSP_PB_Init) refers to cs32l010_starterkit.o(.constdata) for BUTTON_PIN
    cs32l010_starterkit.o(i.BSP_PB_Init) refers to cs32l010_starterkit.o(.data) for BUTTON_PORT
    cs32l010_it.o(i.I2C_IRQHandler) refers to cs32l010_hal_i2c.o(i.HAL_I2C_IRQHandler) for HAL_I2C_IRQHandler
    cs32l010_it.o(i.I2C_IRQHandler) refers to dfrobot_i2c_slave.o(.bss) for i2cSlave
    cs32l010_it.o(i.SysTick_Handler) refers to cs32l010_hal.o(i.HAL_IncTick) for HAL_IncTick
    cs32l010_it.o(i.UART1_IRQHandler) refers to cs32l010_hal_uart.o(i.HAL_UART_IRQHandler) for HAL_UART_IRQHandler
    cs32l010_it.o(i.UART1_IRQHandler) refers to log.o(.bss) for huart1
    main.o(i.HAL_UART_RxCpltCallback) refers to cs32l010_hal_uart.o(i.HAL_UART_Receive_IT) for HAL_UART_Receive_IT
    main.o(i.HAL_UART_RxCpltCallback) refers to main.o(.data) for ReceiveData
    main.o(i.HAL_UART_RxCpltCallback) refers to log.o(.bss) for huart1
    main.o(i.SystemClock_Config) refers to memseta.o(.text) for __aeabi_memclr4
    main.o(i.SystemClock_Config) refers to cs32l010_hal_rcc.o(i.HAL_RCC_OscConfig) for HAL_RCC_OscConfig
    main.o(i.SystemClock_Config) refers to main.o(i.Error_Handler) for Error_Handler
    main.o(i.SystemClock_Config) refers to cs32l010_hal_rcc.o(i.HAL_RCC_ClockConfig) for HAL_RCC_ClockConfig
    main.o(i.key_init) refers to cs32l010_hal_gpio.o(i.HAL_GPIO_Init) for HAL_GPIO_Init
    main.o(i.main) refers to cs32l010_hal.o(i.HAL_Init) for HAL_Init
    main.o(i.main) refers to main.o(i.SystemClock_Config) for SystemClock_Config
    main.o(i.main) refers to main.o(i.key_init) for key_init
    main.o(i.main) refers to ads1115.o(i.Ads1115_I2C_Init) for Ads1115_I2C_Init
    main.o(i.main) refers to cs32l010_hal_gpio.o(i.HAL_GPIO_ReadPin) for HAL_GPIO_ReadPin
[...]
    Removing cs32l010_hal_pca.o(.revsh_text), (4 bytes).
    Removing cs32l010_hal_pca.o(i.HAL_PCA_Base_DeInit), (38 bytes).
    Removing cs32l010_hal_pca.o(i.HAL_PCA_Base_Init), (46 bytes).
    Removing cs32l010_hal_pca.o(i.HAL_PCA_Base_MspDeInit), (2 bytes).
    Removing cs32l010_hal_pca.o(i.HAL_PCA_Base_MspInit), (2 bytes).
    Removing cs32l010_hal_pca.o(i.HAL_PCA_IC_ConfigChannel), (106 bytes).
    Removing cs32l010_hal_pca.o(i.HAL_PCA_IC_DeInit), (38 bytes).
    Removing cs32l010_hal_pca.o(i.HAL_PCA_IC_Init), (46 bytes).
    Removing cs32l010_hal_pca.o(i.HAL_PCA_IC_MspDeInit), (2 bytes).
    Removing cs32l010_hal_pca.o(i.HAL_PCA_IC_MspInit), (2 bytes).
    Removing cs32l010_hal_pca.o(i.HAL_PCA_IRQHandler), (404 bytes).
    Removing cs32l010_hal_pca.o(i.HAL_PCA_InputCaptureCallback), (2 bytes).
    Removing cs32l010_hal_pca.o(i.HAL_PCA_OC_ConfigChannel), (106 bytes).
    Removing cs32l010_hal_pca.o(i.HAL_PCA_OC_DeInit), (38 bytes).
    Removing cs32l010_hal_pca.o(i.HAL_PCA_OC_Init), (46 bytes).
    Removing cs32l010_hal_pca.o(i.HAL_PCA_OC_MspDeInit), (2 bytes).
    Removing cs32l010_hal_pca.o(i.HAL_PCA_OC_MspInit), (2 bytes).
    Removing cs32l010_hal_pca.o(i.HAL_PCA_OC_Start), (140 bytes).
    Removing cs32l010_hal_pca.o(i.HAL_PCA_OC_Start_IT), (220 bytes).
    Removing cs32l010_hal_pca.o(i.HAL_PCA_OC_Stop), (140 bytes).
    Removing cs32l010_hal_pca.o(i.HAL_PCA_OC_Stop_IT), (220 bytes).
    Removing cs32l010_hal_pca.o(i.HAL_PCA_OutputCompareCallback), (2 bytes).
    Removing cs32l010_hal_pca.o(i.HAL_PCA_OverflowCallback), (2 bytes).
    Removing cs32l010_hal_pca.o(i.HAL_PCA_Start), (26 bytes).
    Removing cs32l010_hal_pca.o(i.HAL_PCA_Start_IT), (142 bytes).
    Removing cs32l010_hal_pca.o(i.HAL_PCA_Stop), (26 bytes).
    Removing cs32l010_hal_pca.o(i.HAL_PCA_Stop_IT), (142 bytes).
    Removing cs32l010_hal_pca.o(i.PCA_Base_SetConfig), (26 bytes).
    Removing cs32l010_hal_pca.o(i.PCA_OC0_SetConfig), (28 bytes).
    Removing cs32l010_hal_pca.o(i.PCA_OC1_SetConfig), (28 bytes).
    Removing cs32l010_hal_pca.o(i.PCA_OC2_SetConfig), (28 bytes).
    Removing cs32l010_hal_pca.o(i.PCA_OC3_SetConfig), (28 bytes).
    Removing cs32l010_hal_pca.o(i.PCA_OC4_SetConfig), (28 bytes).
    Removing cs32l010_hal_pca.o(i.PCA_TI0_SetConfig), (12 bytes).
    Removing cs32l010_hal_pca.o(i.PCA_TI1_SetConfig), (12 bytes).
    Removing cs32l010_hal_pca.o(i.PCA_TI2_SetConfig), (12 bytes).
    Removing cs32l010_hal_pca.o(i.PCA_TI3_SetConfig), (12 bytes).
    Removing cs32l010_hal_pca.o(i.PCA_TI4_SetConfig), (12 bytes).
    Removing cs32l010_hal_pwr.o(.rev16_text), (4 bytes).
    Removing cs32l010_hal_pwr.o(.revsh_text), (4 bytes).
    Removing cs32l010_hal_pwr.o(i.HAL_PWR_DisableSEVOnPend), (20 bytes).
    Removing cs32l010_hal_pwr.o(i.HAL_PWR_DisableSleepOnExit), (20 bytes).
    Removing cs32l010_hal_pwr.o(i.HAL_PWR_EnableSEVOnPend), (20 bytes).
    Removing cs32l010_hal_pwr.o(i.HAL_PWR_EnableSleepOnExit), (20 bytes).
    Removing cs32l010_hal_pwr.o(i.HAL_PWR_EnterDEEPSLEEPMode), (24 bytes).
    Removing cs32l010_hal_pwr.o(i.HAL_PWR_EnterSLEEPMode), (32 bytes).
    Removing cs32l010_hal_rcc.o(.rev16_text), (4 bytes).
    Removing cs32l010_hal_rcc.o(.revsh_text), (4 bytes).
    Removing cs32l010_hal_rcc.o(i.HAL_RCC_DeInit), (368 bytes).
    Removing cs32l010_hal_rcc.o(i.HAL_RCC_GetClockConfig), (36 bytes).
    Removing cs32l010_hal_rcc.o(i.HAL_RCC_GetOscConfig), (140 bytes).
    Removing cs32l010_hal_rcc.o(i.HAL_RCC_MCOConfig), (120 bytes).
    Removing cs32l010_hal_rtc.o(.rev16_text), (4 bytes).
    Removing cs32l010_hal_rtc.o(.revsh_text), (4 bytes).
    Removing cs32l010_hal_rtc.o(i.HAL_RTC_1HZ_Config), (88 bytes).
    Removing cs32l010_hal_rtc.o(i.HAL_RTC_Alarm1_Config), (88 bytes).
    Removing cs32l010_hal_rtc.o(i.HAL_RTC_Alarm1_GetDate), (124 bytes).
    Removing cs32l010_hal_rtc.o(i.HAL_RTC_Alarm1_GetTime), (138 bytes).
    Removing cs32l010_hal_rtc.o(i.HAL_RTC_Alarm1_SetDate), (216 bytes).
    Removing cs32l010_hal_rtc.o(i.HAL_RTC_Alarm1_SetTime), (260 bytes).
    Removing cs32l010_hal_rtc.o(i.HAL_RTC_Alarm1_Set_INT_Source), (58 bytes).
    Removing cs32l010_hal_rtc.o(i.HAL_RTC_Alarm2_Config), (76 bytes).
    Removing cs32l010_hal_rtc.o(i.HAL_RTC_Alarm_Clear_Flag), (48 bytes).
    Removing cs32l010_hal_rtc.o(i.HAL_RTC_Alarm_Get_Flag), (52 bytes).
    Removing cs32l010_hal_rtc.o(i.HAL_RTC_Alarm_INT_Config), (84 bytes).
    Removing cs32l010_hal_rtc.o(i.HAL_RTC_DeInit), (162 bytes).
    Removing cs32l010_hal_rtc.o(i.HAL_RTC_GetState), (6 bytes).
    Removing cs32l010_hal_rtc.o(i.HAL_RTC_GetTime_Date), (412 bytes).
    Removing cs32l010_hal_rtc.o(i.HAL_RTC_Init), (324 bytes).
    Removing cs32l010_hal_rtc.o(i.HAL_RTC_MspDeInit), (2 bytes).
    Removing cs32l010_hal_rtc.o(i.HAL_RTC_MspInit), (2 bytes).
    Removing cs32l010_hal_rtc.o(i.HAL_RTC_SetDate), (232 bytes).
    Removing cs32l010_hal_rtc.o(i.HAL_RTC_SetTime), (306 bytes).
    Removing cs32l010_hal_rtc.o(i.HAL_RTC_SetTime_SetDate), (448 bytes).
    Removing cs32l010_hal_rtc.o(i.RTC_Bcd2ToByte), (26 bytes).
    Removing cs32l010_hal_rtc.o(i.RTC_ByteToBcd2), (26 bytes).
    Removing cs32l010_hal_rtc.o(i.RTC_Clear_RSF_Flag), (28 bytes).
    Removing cs32l010_hal_rtc.o(i.RTC_Disable_Write_Protected), (14 bytes).
    Removing cs32l010_hal_rtc.o(i.RTC_Enter_Init_Mode), (72 bytes).
    Removing cs32l010_hal_rtc.o(i.RTC_Exit_Init_Mode), (72 bytes).
    Removing cs32l010_hal_rtc.o(i.RTC_Get_RSF_Flag), (24 bytes).
    Removing cs32l010_hal_spi.o(.rev16_text), (4 bytes).
    Removing cs32l010_hal_spi.o(.revsh_text), (4 bytes).
    Removing cs32l010_hal_spi.o(i.HAL_SPI_DeInit), (50 bytes).
    Removing cs32l010_hal_spi.o(i.HAL_SPI_Get_ErrorFlags), (8 bytes).
    Removing cs32l010_hal_spi.o(i.HAL_SPI_Get_SPIIF), (22 bytes).
    Removing cs32l010_hal_spi.o(i.HAL_SPI_Init), (86 bytes).
    Removing cs32l010_hal_spi.o(i.HAL_SPI_Master_Receive_Data), (110 bytes).
    Removing cs32l010_hal_spi.o(i.HAL_SPI_Master_Send_Data), (120 bytes).
    Removing cs32l010_hal_spi.o(i.HAL_SPI_Master_TransmitReceive), (102 bytes).
    Removing cs32l010_hal_spi.o(i.HAL_SPI_MspDeInit), (2 bytes).
    Removing cs32l010_hal_spi.o(i.HAL_SPI_MspInit), (2 bytes).
    Removing cs32l010_hal_spi.o(i.HAL_SPI_Set_NSS), (12 bytes).
    Removing cs32l010_hal_spi.o(i.HAL_SPI_Slave_Receive_Data), (132 bytes).
    Removing cs32l010_hal_spi.o(i.HAL_SPI_Slave_Send_Data), (100 bytes).
    Removing cs32l010_hal_spi.o(i.LL_SPI_Master_TransmitReceive), (100 bytes).
    Removing cs32l010_hal_tim.o(.rev16_text), (4 bytes).
    Removing cs32l010_hal_tim.o(.revsh_text), (4 bytes).
    Removing cs32l010_hal_tim.o(i.HAL_TIM_Base_DeInit), (72 bytes).
    Removing cs32l010_hal_tim.o(i.HAL_TIM_Base_GetState), (6 bytes).
    Removing cs32l010_hal_tim.o(i.HAL_TIM_Base_Init), (46 bytes).
    Removing cs32l010_hal_tim.o(i.HAL_TIM_Base_MspDeInit), (2 bytes).
    Removing cs32l010_hal_tim.o(i.HAL_TIM_Base_MspInit), (2 bytes).
    Removing cs32l010_hal_tim.o(i.HAL_TIM_Base_Start), (26 bytes).
    Removing cs32l010_hal_tim.o(i.HAL_TIM_Base_Start_IT), (30 bytes).
    Removing cs32l010_hal_tim.o(i.HAL_TIM_Base_Stop), (60 bytes).
    Removing cs32l010_hal_tim.o(i.HAL_TIM_Base_Stop_IT), (64 bytes).
    Removing cs32l010_hal_tim.o(i.HAL_TIM_BreakCallback), (2 bytes).
    Removing cs32l010_hal_tim.o(i.HAL_TIM_CommutationCallback), (2 bytes).
    Removing cs32l010_hal_tim.o(i.HAL_TIM_ConfigBreakDeadTime), (148 bytes).
    Removing cs32l010_hal_tim.o(i.HAL_TIM_ConfigClockSource), (308 bytes).
    Removing cs32l010_hal_tim.o(i.HAL_TIM_ConfigOCrefClear), (262 bytes).
    Removing cs32l010_hal_tim.o(i.HAL_TIM_ConfigTI1Input), (34 bytes).
    Removing cs32l010_hal_tim.o(i.HAL_TIM_Encoder_DeInit), (72 bytes).
    Removing cs32l010_hal_tim.o(i.HAL_TIM_Encoder_GetState), (6 bytes).
    Removing cs32l010_hal_tim.o(i.HAL_TIM_Encoder_Init), (188 bytes).
    Removing cs32l010_hal_tim.o(i.HAL_TIM_Encoder_MspDeInit), (2 bytes).
    Removing cs32l010_hal_tim.o(i.HAL_TIM_Encoder_MspInit), (2 bytes).
    Removing cs32l010_hal_tim.o(i.HAL_TIM_Encoder_Start), (80 bytes).
    Removing cs32l010_hal_tim.o(i.HAL_TIM_Encoder_Start_IT), (128 bytes).
    Removing cs32l010_hal_tim.o(i.HAL_TIM_Encoder_Stop), (112 bytes).
    Removing cs32l010_hal_tim.o(i.HAL_TIM_Encoder_Stop_IT), (160 bytes).
    Removing cs32l010_hal_tim.o(i.HAL_TIM_ErrorCallback), (2 bytes).
    Removing cs32l010_hal_tim.o(i.HAL_TIM_GenerateEvent), (44 bytes).
    Removing cs32l010_hal_tim.o(i.HAL_TIM_IC_CaptureCallback), (2 bytes).
    Removing cs32l010_hal_tim.o(i.HAL_TIM_IC_ConfigChannel), (216 bytes).
    Removing cs32l010_hal_tim.o(i.HAL_TIM_IC_DeInit), (72 bytes).
    Removing cs32l010_hal_tim.o(i.HAL_TIM_IC_GetState), (6 bytes).
    Removing cs32l010_hal_tim.o(i.HAL_TIM_IC_Init), (46 bytes).
    Removing cs32l010_hal_tim.o(i.HAL_TIM_IC_MspDeInit), (2 bytes).
    Removing cs32l010_hal_tim.o(i.HAL_TIM_IC_MspInit), (2 bytes).
    Removing cs32l010_hal_tim.o(i.HAL_TIM_IC_Start), (32 bytes).
    Removing cs32l010_hal_tim.o(i.HAL_TIM_IC_Start_IT), (110 bytes).
    Removing cs32l010_hal_tim.o(i.HAL_TIM_IC_Stop), (64 bytes).
    Removing cs32l010_hal_tim.o(i.HAL_TIM_IC_Stop_IT), (144 bytes).
    Removing cs32l010_hal_tim.o(i.HAL_TIM_IRQHandler), (456 bytes).
    Removing cs32l010_hal_tim.o(i.HAL_TIM_OC_ConfigChannel), (108 bytes).
    Removing cs32l010_hal_tim.o(i.HAL_TIM_OC_DeInit), (72 bytes).
    Removing cs32l010_hal_tim.o(i.HAL_TIM_OC_DelayElapsedCallback), (2 bytes).
    Removing cs32l010_hal_tim.o(i.HAL_TIM_OC_GetState), (6 bytes).
    Removing cs32l010_hal_tim.o(i.HAL_TIM_OC_Init), (46 bytes).
    Removing cs32l010_hal_tim.o(i.HAL_TIM_OC_MspDeInit), (2 bytes).
    Removing cs32l010_hal_tim.o(i.HAL_TIM_OC_MspInit), (2 bytes).
    Removing cs32l010_hal_tim.o(i.HAL_TIM_OC_Start), (68 bytes).
    Removing cs32l010_hal_tim.o(i.HAL_TIM_OC_Start_IT), (148 bytes).
    Removing cs32l010_hal_tim.o(i.HAL_TIM_OC_Stop), (128 bytes).
    Removing cs32l010_hal_tim.o(i.HAL_TIM_OC_Stop_IT), (208 bytes).
    Removing cs32l010_hal_tim.o(i.HAL_TIM_OnePulse_ConfigChannel), (286 bytes).
    Removing cs32l010_hal_tim.o(i.HAL_TIM_OnePulse_DeInit), (72 bytes).
    Removing cs32l010_hal_tim.o(i.HAL_TIM_OnePulse_GetState), (6 bytes).
    Removing cs32l010_hal_tim.o(i.HAL_TIM_OnePulse_Init), (70 bytes).
    Removing cs32l010_hal_tim.o(i.HAL_TIM_OnePulse_MspDeInit), (2 bytes).
    Removing cs32l010_hal_tim.o(i.HAL_TIM_OnePulse_MspInit), (2 bytes).
    Removing cs32l010_hal_tim.o(i.HAL_TIM_OnePulse_Start), (68 bytes).
    Removing cs32l010_hal_tim.o(i.HAL_TIM_OnePulse_Start_IT), (92 bytes).
    Removing cs32l010_hal_tim.o(i.HAL_TIM_OnePulse_Stop), (140 bytes).
    Removing cs32l010_hal_tim.o(i.HAL_TIM_OnePulse_Stop_IT), (164 bytes).
    Removing cs32l010_hal_tim.o(i.HAL_TIM_PWMN_Start), (46 bytes).
    Removing cs32l010_hal_tim.o(i.HAL_TIM_PWMN_Start_IT), (118 bytes).
    Removing cs32l010_hal_tim.o(i.HAL_TIM_PWMN_Stop), (108 bytes).
    Removing cs32l010_hal_tim.o(i.HAL_TIM_PWMN_Stop_IT), (196 bytes).
    Removing cs32l010_hal_tim.o(i.HAL_TIM_PWM_ConfigChannel), (264 bytes).
    Removing cs32l010_hal_tim.o(i.HAL_TIM_PWM_DeInit), (72 bytes).
    Removing cs32l010_hal_tim.o(i.HAL_TIM_PWM_GetState), (6 bytes).
    Removing cs32l010_hal_tim.o(i.HAL_TIM_PWM_Init), (46 bytes).
    Removing cs32l010_hal_tim.o(i.HAL_TIM_PWM_MspDeInit), (2 bytes).
    Removing cs32l010_hal_tim.o(i.HAL_TIM_PWM_MspInit), (2 bytes).
    Removing cs32l010_hal_tim.o(i.HAL_TIM_PWM_PulseFinishedCallback), (2 bytes).
    Removing cs32l010_hal_tim.o(i.HAL_TIM_PWM_Start), (68 bytes).
    Removing cs32l010_hal_tim.o(i.HAL_TIM_PWM_Start_IT), (148 bytes).
    Removing cs32l010_hal_tim.o(i.HAL_TIM_PWM_Stop), (132 bytes).
    Removing cs32l010_hal_tim.o(i.HAL_TIM_PWM_Stop_IT), (208 bytes).
    Removing cs32l010_hal_tim.o(i.HAL_TIM_PeriodElapsedCallback), (2 bytes).
    Removing cs32l010_hal_tim.o(i.HAL_TIM_ReadCapturedValue), (80 bytes).
    Removing cs32l010_hal_tim.o(i.HAL_TIM_SlaveConfigSynchronization), (64 bytes).
    Removing cs32l010_hal_tim.o(i.HAL_TIM_SlaveConfigSynchronization_IT), (64 bytes).
    Removing cs32l010_hal_tim.o(i.HAL_TIM_TriggerCallback), (2 bytes).
    Removing cs32l010_hal_tim.o(i.TIM_Base_SetConfig), (104 bytes).
    Removing cs32l010_hal_tim.o(i.TIM_CCxChannelCmd), (28 bytes).
    Removing cs32l010_hal_tim.o(i.TIM_CCxNChannelCmd), (28 bytes).
    Removing cs32l010_hal_tim.o(i.TIM_ETR_SetConfig), (30 bytes).
    Removing cs32l010_hal_tim.o(i.TIM_ITRx_SetConfig), (26 bytes).
    Removing cs32l010_hal_tim.o(i.TIM_OC1_SetConfig), (124 bytes).
    Removing cs32l010_hal_tim.o(i.TIM_OC2_SetConfig), (144 bytes).
    Removing cs32l010_hal_tim.o(i.TIM_OC3_SetConfig), (136 bytes).
    Removing cs32l010_hal_tim.o(i.TIM_OC4_SetConfig), (104 bytes).
    Removing cs32l010_hal_tim.o(i.TIM_SlaveTimer_SetConfig), (172 bytes).
    Removing cs32l010_hal_tim.o(i.TIM_TI1_ConfigInputStage), (54 bytes).
    Removing cs32l010_hal_tim.o(i.TIM_TI1_SetConfig), (100 bytes).
    Removing cs32l010_hal_tim.o(i.TIM_TI2_ConfigInputStage), (54 bytes).
    Removing cs32l010_hal_tim.o(i.TIM_TI2_SetConfig), (76 bytes).
    Removing cs32l010_hal_tim.o(i.TIM_TI3_SetConfig), (74 bytes).
    Removing cs32l010_hal_tim.o(i.TIM_TI4_SetConfig), (82 bytes).
    Removing cs32l010_hal_tim.o(.data), (1 bytes).
    Removing cs32l010_hal_uart.o(.rev16_text), (4 bytes).
    Removing cs32l010_hal_uart.o(.revsh_text), (4 bytes).
    Removing cs32l010_hal_uart.o(i.HAL_HalfDuplex_Init), (80 bytes).
    Removing cs32l010_hal_uart.o(i.HAL_UART_Abort), (44 bytes).
    Removing cs32l010_hal_uart.o(i.HAL_UART_AbortCpltCallback), (2 bytes).
    Removing cs32l010_hal_uart.o(i.HAL_UART_AbortReceive), (36 bytes).
    Removing cs32l010_hal_uart.o(i.HAL_UART_AbortReceiveCpltCallback), (2 bytes).
    Removing cs32l010_hal_uart.o(i.HAL_UART_AbortTransmit), (36 bytes).
    Removing cs32l010_hal_uart.o(i.HAL_UART_AbortTransmitCpltCallback), (2 bytes).
    Removing cs32l010_hal_uart.o(i.HAL_UART_DeInit), (50 bytes).
    Removing cs32l010_hal_uart.o(i.HAL_UART_GetError), (6 bytes).
    Removing cs32l010_hal_uart.o(i.HAL_UART_GetState), (20 bytes).
    Removing cs32l010_hal_uart.o(i.HAL_UART_MspDeInit), (2 bytes).
    Removing cs32l010_hal_uart.o(i.HAL_UART_Receive), (404 bytes).
    Removing cs32l010_hal_uart.o(i.HAL_UART_RxCpltCallback), (2 bytes).
    Removing cs32l010_hal_uart.o(i.UART_Single_Receive_IT), (120 bytes).
    Removing cs32l010_hal_vc.o(.rev16_text), (4 bytes).
    Removing cs32l010_hal_vc.o(.revsh_text), (4 bytes).
    Removing cs32l010_hal_vc.o(i.HAL_VC_Clear_INT_Flag), (14 bytes).
    Removing cs32l010_hal_vc.o(i.HAL_VC_DeInit), (22 bytes).
    Removing cs32l010_hal_vc.o(i.HAL_VC_Disable), (14 bytes).
    Removing cs32l010_hal_vc.o(i.HAL_VC_Enable), (14 bytes).
    Removing cs32l010_hal_vc.o(i.HAL_VC_Get_INT_Flag), (24 bytes).
    Removing cs32l010_hal_vc.o(i.HAL_VC_Get_OutPut_State), (24 bytes).
    Removing cs32l010_hal_vc.o(i.HAL_VC_Init), (166 bytes).
    Removing cs32l010_hal_vc.o(i.HAL_VC_OutPut_Config_Disable), (20 bytes).
    Removing cs32l010_hal_vc.o(i.HAL_VC_OutPut_Config_Enable), (20 bytes).
    Removing cs32l010_hal_wwdg.o(.rev16_text), (4 bytes).
    Removing cs32l010_hal_wwdg.o(.revsh_text), (4 bytes).
    Removing cs32l010_hal_wwdg.o(i.HAL_WWDG_Get_Counter), (14 bytes).
    Removing cs32l010_hal_wwdg.o(i.HAL_WWDG_INT_Callback), (2 bytes).
    Removing cs32l010_hal_wwdg.o(i.HAL_WWDG_INT_Handler), (44 bytes).
    Removing cs32l010_hal_wwdg.o(i.HAL_WWDG_Init), (44 bytes).
    Removing cs32l010_hal_wwdg.o(i.HAL_WWDG_Refresh), (12 bytes).
    Removing startup_cs32l010.o(HEAP), (512 bytes).
    Removing system_cs32l010.o(.rev16_text), (4 bytes).
    Removing system_cs32l010.o(.revsh_text), (4 bytes).
    Removing system_cs32l010.o(i.SystemCoreClockUpdate), (260 bytes).
    Removing dadd.o(.text), (360 bytes).
    Removing dfixul.o(.text), (64 bytes).
    Removing cdrcmple.o(.text), (40 bytes).

508 unused section(s) (total 32286 bytes) removed from the image.

==============================================================================

Image Symbol Table

    Local Symbols

    Symbol Name                              Value     Ov Type        Size  Object(Section)

    RESET                                    0x00000000   Section      192  startup_cs32l010.o(RESET)
    ../clib/microlib/division.c              0x00000000   Number         0  uldiv.o ABSOLUTE
    ../clib/microlib/division.c              0x00000000   Number         0  uidiv.o ABSOLUTE
    ../clib/microlib/init/entry.s            0x00000000   Number         0  entry9b.o ABSOLUTE
    ../clib/microlib/init/entry.s            0x00000000   Number         0  entry5.o ABSOLUTE
    ../clib/microlib/init/entry.s            0x00000000   Number         0  entry7a.o ABSOLUTE
    ../clib/microlib/init/entry.s            0x00000000   Number         0  entry7b.o ABSOLUTE
    ../clib/microlib/init/entry.s            0x00000000   Number         0  entry11a.o ABSOLUTE
    ../clib/microlib/init/entry.s            0x00000000   Number         0  entry9a.o ABSOLUTE
    ../clib/microlib/init/entry.s            0x00000000   Number         0  entry11b.o ABSOLUTE
    ../clib/microlib/init/entry.s            0x00000000   Number         0  entry12a.o ABSOLUTE
    ../clib/microlib/init/entry.s            0x00000000   Number         0  entry12b.o ABSOLUTE
    ../clib/microlib/init/entry.s            0x00000000   Number         0  entry10a.o ABSOLUTE
    ../clib/microlib/init/entry.s            0x00000000   Number         0  entry8a.o ABSOLUTE
    ../clib/microlib/init/entry.s            0x00000000   Number         0  entry.o ABSOLUTE
    ../clib/microlib/init/entry.s            0x00000000   Number         0  entry8b.o ABSOLUTE
    ../clib/microlib/init/entry.s            0x00000000   Number         0  entry2.o ABSOLUTE
    ../clib/microlib/init/entry.s            0x00000000   Number         0  entry10b.o ABSOLUTE
    ../clib/microlib/longlong.c              0x00000000   Number         0  llsshr.o ABSOLUTE
    ../clib/microlib/longlong.c              0x00000000   Number         0  llshl.o ABSOLUTE
    ../clib/microlib/longlong.c              0x00000000   Number         0  llushr.o ABSOLUTE
    ../clib/microlib/printf/printf.c         0x00000000   Number         0  printf0.o ABSOLUTE
    ../clib/microlib/printf/printf.c         0x00000000   Number         0  printfb.o ABSOLUTE
    ../clib/microlib/printf/printf.c         0x00000000   Number         0  printf4.o ABSOLUTE
    ../clib/microlib/printf/printf.c         0x00000000   Number         0  printf7.o ABSOLUTE
    ../clib/microlib/printf/printf.c         0x00000000   Number         0  printf6.o ABSOLUTE
    ../clib/microlib/printf/printf.c         0x00000000   Number         0  printf5.o ABSOLUTE
    ../clib/microlib/printf/printf.c         0x00000000   Number         0  printf3.o ABSOLUTE
    ../clib/microlib/printf/printf.c         0x00000000   Number         0  printf8.o ABSOLUTE
    ../clib/microlib/printf/printf.c         0x00000000   Number         0  printfa.o ABSOLUTE
    ../clib/microlib/printf/printf.c         0x00000000   Number         0  printf2.o ABSOLUTE
    ../clib/microlib/printf/printf.c         0x00000000   Number         0  printf1.o ABSOLUTE
    ../clib/microlib/printf/stubs.s          0x00000000   Number         0  stubs.o ABSOLUTE
    ../clib/microlib/stdio/streams.c         0x00000000   Number         0  stdout.o ABSOLUTE
    ../clib/microlib/string/memcpy.c         0x00000000   Number         0  memcpya.o ABSOLUTE
    ../clib/microlib/string/memcpy.c         0x00000000   Number         0  memcpyb.o ABSOLUTE
    ../clib/microlib/string/memset.c         0x00000000   Number         0  memseta.o ABSOLUTE
    ../clib/microlib/stubs.s                 0x00000000   Number         0  iusefp.o ABSOLUTE
    ../fplib/microlib/d2f.c                  0x00000000   Number         0  d2f.o ABSOLUTE
    ../fplib/microlib/fpadd.c                0x00000000   Number         0  dadd.o ABSOLUTE
    ../fplib/microlib/fpdiv.c                0x00000000   Number         0  ddiv.o ABSOLUTE
    ../fplib/microlib/fpepilogue.c           0x00000000   Number         0  depilogue.o ABSOLUTE
    ../fplib/microlib/fpepilogue.c           0x00000000   Number         0  fepilogue.o ABSOLUTE
    ../fplib/microlib/fpfix.c                0x00000000   Number         0  ffixui.o ABSOLUTE
    ../fplib/microlib/fpfix.c                0x00000000   Number         0  dfixul.o ABSOLUTE
    ../fplib/microlib/fpflt.c                0x00000000   Number         0  dflti.o ABSOLUTE
    ../fplib/microlib/fpmul.c                0x00000000   Number         0  fmul.o ABSOLUTE
    ../fplib/microlib/fpmul.c                0x00000000   Number         0  dmul.o ABSOLUTE
    ..\Common\log.c                          0x00000000   Number         0  log.o ABSOLUTE
    ..\Common\util.c                         0x00000000   Number         0  util.o ABSOLUTE
    ..\Drivers\BSP\CS32L010_StarterKit\cs32l010_starterkit.c 0x00000000   Number         0  cs32l010_starterkit.o ABSOLUTE
    ..\Hardware\DFRobot_I2C_Slave.c          0x00000000   Number         0  dfrobot_i2c_slave.o ABSOLUTE
    ..\Hardware\ads1115.c                    0x00000000   Number         0  ads1115.o ABSOLUTE
    ..\User\cs32l010_hal_msp.c               0x00000000   Number         0  cs32l010_hal_msp.o ABSOLUTE
    ..\User\cs32l010_it.c                    0x00000000   Number         0  cs32l010_it.o ABSOLUTE
    ..\User\main.c                           0x00000000   Number         0  main.o ABSOLUTE
    ..\\Common\\log.c                        0x00000000   Number         0  log.o ABSOLUTE
    ..\\Common\\util.c                       0x00000000   Number         0  util.o ABSOLUTE
    ..\\Drivers\\BSP\\CS32L010_StarterKit\\cs32l010_starterkit.c 0x00000000   Number         0  cs32l010_starterkit.o ABSOLUTE
    ..\\Hardware\\DFRobot_I2C_Slave.c        0x00000000   Number         0  dfrobot_i2c_slave.o ABSOLUTE
    ..\\Hardware\\ads1115.c                  0x00000000   Number         0  ads1115.o ABSOLUTE
    ..\\User\\cs32l010_hal_msp.c             0x00000000   Number         0  cs32l010_hal_msp.o ABSOLUTE
    ..\\User\\cs32l010_it.c                  0x00000000   Number         0  cs32l010_it.o ABSOLUTE
    ..\\User\\main.c                         0x00000000   Number         0  main.o ABSOLUTE
    C:\Keil_v5\ARM\Packs\Chipsea\CS32L010_DFP\1.0.4\Device\HAL_Driver\src\cs32l010_hal.c 0x00000000   Number         0  cs32l010_hal.o ABSOLUTE
    C:\Keil_v5\ARM\Packs\Chipsea\CS32L010_DFP\1.0.4\Device\HAL_Driver\src\cs32l010_hal_adc.c 0x00000000   Number         0  cs32l010_hal_adc.o ABSOLUTE
    C:\Keil_v5\ARM\Packs\Chipsea\CS32L010_DFP\1.0.4\Device\HAL_Driver\src\cs32l010_hal_awk.c 0x00000000   Number         0  cs32l010_hal_awk.o ABSOLUTE
    C:\Keil_v5\ARM\Packs\Chipsea\CS32L010_DFP\1.0.4\Device\HAL_Driver\src\cs32l010_hal_basetim.c 0x00000000   Number         0  cs32l010_hal_basetim.o ABSOLUTE
    C:\Keil_v5\ARM\Packs\Chipsea\CS32L010_DFP\1.0.4\Device\HAL_Driver\src\cs32l010_hal_beep.c 0x00000000   Number         0  cs32l010_hal_beep.o ABSOLUTE
    C:\Keil_v5\ARM\Packs\Chipsea\CS32L010_DFP\1.0.4\Device\HAL_Driver\src\cs32l010_hal_clktrim.c 0x00000000   Number         0  cs32l010_hal_clktrim.o ABSOLUTE
    C:\Keil_v5\ARM\Packs\Chipsea\CS32L010_DFP\1.0.4\Device\HAL_Driver\src\cs32l010_hal_cortex.c 0x00000000   Number         0  cs32l010_hal_cortex.o ABSOLUTE
    C:\Keil_v5\ARM\Packs\Chipsea\CS32L010_DFP\1.0.4\Device\HAL_Driver\src\cs32l010_hal_crc.c 0x00000000   Number         0  cs32l010_hal_crc.o ABSOLUTE
    C:\Keil_v5\ARM\Packs\Chipsea\CS32L010_DFP\1.0.4\Device\HAL_Driver\src\cs32l010_hal_flash.c 0x00000000   Number         0  cs32l010_hal_flash.o ABSOLUTE
    C:\Keil_v5\ARM\Packs\Chipsea\CS32L010_DFP\1.0.4\Device\HAL_Driver\src\cs32l010_hal_gpio.c 0x00000000   Number         0  cs32l010_hal_gpio.o ABSOLUTE
    C:\Keil_v5\ARM\Packs\Chipsea\CS32L010_DFP\1.0.4\Device\HAL_Driver\src\cs32l010_hal_i2c.c 0x00000000   Number         0  cs32l010_hal_i2c.o ABSOLUTE
    C:\Keil_v5\ARM\Packs\Chipsea\CS32L010_DFP\1.0.4\Device\HAL_Driver\src\cs32l010_hal_iwdg.c 0x00000000   Number         0  cs32l010_hal_iwdg.o ABSOLUTE
    C:\Keil_v5\ARM\Packs\Chipsea\CS32L010_DFP\1.0.4\Device\HAL_Driver\src\cs32l010_hal_lptim.c 0x00000000   Number         0  cs32l010_hal_lptim.o ABSOLUTE
    C:\Keil_v5\ARM\Packs\Chipsea\CS32L010_DFP\1.0.4\Device\HAL_Driver\src\cs32l010_hal_lpuart.c 0x00000000   Number         0  cs32l010_hal_lpuart.o ABSOLUTE
    C:\Keil_v5\ARM\Packs\Chipsea\CS32L010_DFP\1.0.4\Device\HAL_Driver\src\cs32l010_hal_lvd.c 0x00000000   Number         0  cs32l010_hal_lvd.o ABSOLUTE
    C:\Keil_v5\ARM\Packs\Chipsea\CS32L010_DFP\1.0.4\Device\HAL_Driver\src\cs32l010_hal_owire.c 0x00000000   Number         0  cs32l010_hal_owire.o ABSOLUTE
    C:\Keil_v5\ARM\Packs\Chipsea\CS32L010_DFP\1.0.4\Device\HAL_Driver\src\cs32l010_hal_pca.c 0x00000000   Number         0  cs32l010_hal_pca.o ABSOLUTE
    C:\Keil_v5\ARM\Packs\Chipsea\CS32L010_DFP\1.0.4\Device\HAL_Driver\src\cs32l010_hal_pwr.c 0x00000000   Number         0  cs32l010_hal_pwr.o ABSOLUTE
    C:\Keil_v5\ARM\Packs\Chipsea\CS32L010_DFP\1.0.4\Device\HAL_Driver\src\cs32l010_hal_rcc.c 0x00000000   Number         0  cs32l010_hal_rcc.o ABSOLUTE
    C:\Keil_v5\ARM\Packs\Chipsea\CS32L010_DFP\1.0.4\Device\HAL_Driver\src\cs32l010_hal_rtc.c 0x00000000   Number         0  cs32l010_hal_rtc.o ABSOLUTE
    C:\Keil_v5\ARM\Packs\Chipsea\CS32L010_DFP\1.0.4\Device\HAL_Driver\src\cs32l010_hal_spi.c 0x00000000   Number         0  cs32l010_hal_spi.o ABSOLUTE
    C:\Keil_v5\ARM\Packs\Chipsea\CS32L010_DFP\1.0.4\Device\HAL_Driver\src\cs32l010_hal_tim.c 0x00000000   Number         0  cs32l010_hal_tim.o ABSOLUTE
    C:\Keil_v5\ARM\Packs\Chipsea\CS32L010_DFP\1.0.4\Device\HAL_Driver\src\cs32l010_hal_uart.c 0x00000000   Number         0  cs32l010_hal_uart.o ABSOLUTE
    C:\Keil_v5\ARM\Packs\Chipsea\CS32L010_DFP\1.0.4\Device\HAL_Driver\src\cs32l010_hal_vc.c 0x00000000   Number         0  cs32l010_hal_vc.o ABSOLUTE
    C:\Keil_v5\ARM\Packs\Chipsea\CS32L010_DFP\1.0.4\Device\HAL_Driver\src\cs32l010_hal_wwdg.c 0x00000000   Number         0  cs32l010_hal_wwdg.o ABSOLUTE
    C:\\Keil_v5\\ARM\\Packs\\Chipsea\\CS32L010_DFP\\1.0.4\\Device\\HAL_Driver\\src\\cs32l010_hal.c 0x00000000   Number         0  cs32l010_hal.o ABSOLUTE
    C:\\Keil_v5\\ARM\\Packs\\Chipsea\\CS32L010_DFP\\1.0.4\\Device\\HAL_Driver\\src\\cs32l010_hal_adc.c 0x00000000   Number         0  cs32l010_hal_adc.o ABSOLUTE
    C:\\Keil_v5\\ARM\\Packs\\Chipsea\\CS32L010_DFP\\1.0.4\\Device\\HAL_Driver\\src\\cs32l010_hal_awk.c 0x00000000   Number         0  cs32l010_hal_awk.o ABSOLUTE
    C:\\Keil_v5\\ARM\\Packs\\Chipsea\\CS32L010_DFP\\1.0.4\\Device\\HAL_Driver\\src\\cs32l010_hal_basetim.c 0x00000000   Number         0  cs32l010_hal_basetim.o ABSOLUTE
    C:\\Keil_v5\\ARM\\Packs\\Chipsea\\CS32L010_DFP\\1.0.4\\Device\\HAL_Driver\\src\\cs32l010_hal_beep.c 0x00000000   Number         0  cs32l010_hal_beep.o ABSOLUTE
    C:\\Keil_v5\\ARM\\Packs\\Chipsea\\CS32L010_DFP\\1.0.4\\Device\\HAL_Driver\\src\\cs32l010_hal_clktrim.c 0x00000000   Number         0  cs32l010_hal_clktrim.o ABSOLUTE
    C:\\Keil_v5\\ARM\\Packs\\Chipsea\\CS32L010_DFP\\1.0.4\\Device\\HAL_Driver\\src\\cs32l010_hal_cortex.c 0x00000000   Number         0  cs32l010_hal_cortex.o ABSOLUTE
    C:\\Keil_v5\\ARM\\Packs\\Chipsea\\CS32L010_DFP\\1.0.4\\Device\\HAL_Driver\\src\\cs32l010_hal_crc.c 0x00000000   Number         0  cs32l010_hal_crc.o ABSOLUTE
    C:\\Keil_v5\\ARM\\Packs\\Chipsea\\CS32L010_DFP\\1.0.4\\Device\\HAL_Driver\\src\\cs32l010_hal_flash.c 0x00000000   Number         0  cs32l010_hal_flash.o ABSOLUTE
    C:\\Keil_v5\\ARM\\Packs\\Chipsea\\CS32L010_DFP\\1.0.4\\Device\\HAL_Driver\\src\\cs32l010_hal_gpio.c 0x00000000   Number         0  cs32l010_hal_gpio.o ABSOLUTE
    C:\\Keil_v5\\ARM\\Packs\\Chipsea\\CS32L010_DFP\\1.0.4\\Device\\HAL_Driver\\src\\cs32l010_hal_i2c.c 0x00000000   Number         0  cs32l010_hal_i2c.o ABSOLUTE
    C:\\Keil_v5\\ARM\\Packs\\Chipsea\\CS32L010_DFP\\1.0.4\\Device\\HAL_Driver\\src\\cs32l010_hal_iwdg.c 0x00000000   Number         0  cs32l010_hal_iwdg.o ABSOLUTE
    C:\\Keil_v5\\ARM\\Packs\\Chipsea\\CS32L010_DFP\\1.0.4\\Device\\HAL_Driver\\src\\cs32l010_hal_lptim.c 0x00000000   Number         0  cs32l010_hal_lptim.o ABSOLUTE
    C:\\Keil_v5\\ARM\\Packs\\Chipsea\\CS32L010_DFP\\1.0.4\\Device\\HAL_Driver\\src\\cs32l010_hal_lpuart.c 0x00000000   Number         0  cs32l010_hal_lpuart.o ABSOLUTE
    C:\\Keil_v5\\ARM\\Packs\\Chipsea\\CS32L010_DFP\\1.0.4\\Device\\HAL_Driver\\src\\cs32l010_hal_lvd.c 0x00000000   Number         0  cs32l010_hal_lvd.o ABSOLUTE
    C:\\Keil_v5\\ARM\\Packs\\Chipsea\\CS32L010_DFP\\1.0.4\\Device\\HAL_Driver\\src\\cs32l010_hal_owire.c 0x00000000   Number         0  cs32l010_hal_owire.o ABSOLUTE
    C:\\Keil_v5\\ARM\\Packs\\Chipsea\\CS32L010_DFP\\1.0.4\\Device\\HAL_Driver\\src\\cs32l010_hal_pca.c 0x00000000   Number         0  cs32l010_hal_pca.o ABSOLUTE
    C:\\Keil_v5\\ARM\\Packs\\Chipsea\\CS32L010_DFP\\1.0.4\\Device\\HAL_Driver\\src\\cs32l010_hal_pwr.c 0x00000000   Number         0  cs32l010_hal_pwr.o ABSOLUTE
    C:\\Keil_v5\\ARM\\Packs\\Chipsea\\CS32L010_DFP\\1.0.4\\Device\\HAL_Driver\\src\\cs32l010_hal_rcc.c 0x00000000   Number         0  cs32l010_hal_rcc.o ABSOLUTE
    C:\\Keil_v5\\ARM\\Packs\\Chipsea\\CS32L010_DFP\\1.0.4\\Device\\HAL_Driver\\src\\cs32l010_hal_rtc.c 0x00000000   Number         0  cs32l010_hal_rtc.o ABSOLUTE
    C:\\Keil_v5\\ARM\\Packs\\Chipsea\\CS32L010_DFP\\1.0.4\\Device\\HAL_Driver\\src\\cs32l010_hal_spi.c 0x00000000   Number         0  cs32l010_hal_spi.o ABSOLUTE
    C:\\Keil_v5\\ARM\\Packs\\Chipsea\\CS32L010_DFP\\1.0.4\\Device\\HAL_Driver\\src\\cs32l010_hal_tim.c 0x00000000   Number         0  cs32l010_hal_tim.o ABSOLUTE
    C:\\Keil_v5\\ARM\\Packs\\Chipsea\\CS32L010_DFP\\1.0.4\\Device\\HAL_Driver\\src\\cs32l010_hal_uart.c 0x00000000   Number         0  cs32l010_hal_uart.o ABSOLUTE
    C:\\Keil_v5\\ARM\\Packs\\Chipsea\\CS32L010_DFP\\1.0.4\\Device\\HAL_Driver\\src\\cs32l010_hal_vc.c 0x00000000   Number         0  cs32l010_hal_vc.o ABSOLUTE
    C:\\Keil_v5\\ARM\\Packs\\Chipsea\\CS32L010_DFP\\1.0.4\\Device\\HAL_Driver\\src\\cs32l010_hal_wwdg.c 0x00000000   Number         0  cs32l010_hal_wwdg.o ABSOLUTE
    RTE\Device\CS32L010\startup_cs32l010.s   0x00000000   Number         0  startup_cs32l010.o ABSOLUTE
    RTE\Device\CS32L010\system_cs32l010.c    0x00000000   Number         0  system_cs32l010.o ABSOLUTE
    RTE\\Device\\CS32L010\\system_cs32l010.c 0x00000000   Number         0  system_cs32l010.o ABSOLUTE
    cdcmple.s                                0x00000000   Number         0  cdcmple.o ABSOLUTE
    cdrcmple.s                               0x00000000   Number         0  cdrcmple.o ABSOLUTE
    dc.s                                     0x00000000   Number         0  dc.o ABSOLUTE
    handlers.s                               0x00000000   Number         0  handlers.o ABSOLUTE
    init.s                                   0x00000000   Number         0  init.o ABSOLUTE
    .ARM.Collect$$$$00000000                 0x000000c0   Section        0  entry.o(.ARM.Collect$$$$00000000)
    .ARM.Collect$$$$00000001                 0x000000c0   Section        4  entry2.o(.ARM.Collect$$$$00000001)
    .ARM.Collect$$$$00000004                 0x000000c4   Section        4  entry5.o(.ARM.Collect$$$$00000004)
    .ARM.Collect$$$$00000008                 0x000000c8   Section        0  entry7b.o(.ARM.Collect$$$$00000008)
    .ARM.Collect$$$$0000000A                 0x000000c8   Section        0  entry8b.o(.ARM.Collect$$$$0000000A)
    .ARM.Collect$$$$0000000B                 0x000000c8   Section        8  entry9a.o(.ARM.Collect$$$$0000000B)
    .ARM.Collect$$$$0000000E                 0x000000d0   Section        4  entry12b.o(.ARM.Collect$$$$0000000E)
    .ARM.Collect$$$$0000000F                 0x000000d4   Section        0  entry10a.o(.ARM.Collect$$$$0000000F)
    .ARM.Collect$$$$00000011                 0x000000d4   Section        0  entry11a.o(.ARM.Collect$$$$00000011)
    .ARM.Collect$$$$00002712                 0x000000d4   Section        4  entry2.o(.ARM.Collect$$$$00002712)
    __lit__00000000                          0x000000d4   Data           4  entry2.o(.ARM.Collect$$$$00002712)
    .text                                    0x000000d8   Section       28  startup_cs32l010.o(.text)
    .text                                    0x000000f4   Section        0  uidiv.o(.text)
    .text                                    0x00000120   Section        0  llushr.o(.text)
    .text                                    0x00000142   Section        0  memcpya.o(.text)
    .text                                    0x00000166   Section        0  memseta.o(.text)
    .text                                    0x0000018a   Section        0  fmul.o(.text)
    .text                                    0x00000204   Section        0  dmul.o(.text)
    .text                                    0x000002d4   Section        0  ddiv.o(.text)
    .text                                    0x000003c4   Section        0  dflti.o(.text)
    .text                                    0x000003ec   Section        0  ffixui.o(.text)
    .text                                    0x00000414   Section       40  cdcmple.o(.text)
    .text                                    0x0000043c   Section        0  d2f.o(.text)
    .text                                    0x00000474   Section        0  iusefp.o(.text)
    .text                                    0x00000474   Section        0  fepilogue.o(.text)
    .text                                    0x000004f6   Section        0  depilogue.o(.text)
    .text                                    0x000005b4   Section       36  init.o(.text)
    .text                                    0x000005d8   Section        0  llshl.o(.text)
    i.ADC_IRQHandler                         0x000005f8   Section        0  cs32l010_it.o(i.ADC_IRQHandler)
    i.AWK_IRQHandler                         0x000005fa   Section        0  cs32l010_it.o(i.AWK_IRQHandler)
    i.Ads1115_I2C_Init                       0x000005fc   Section        0  ads1115.o(i.Ads1115_I2C_Init)
    i.CLKTRIM_IRQHandler                     0x00000684   Section        0  cs32l010_it.o(i.CLKTRIM_IRQHandler)
    i.Error_Handler                          0x00000686   Section        0  main.o(i.Error_Handler)
    i.FLASH_IRQHandler                       0x00000688   Section        0  cs32l010_it.o(i.FLASH_IRQHandler)
    i.GPIOA_IRQHandler                       0x0000068a   Section        0  cs32l010_it.o(i.GPIOA_IRQHandler)
    i.GPIOB_IRQHandler                       0x0000068c   Section        0  cs32l010_it.o(i.GPIOB_IRQHandler)
    i.GPIOC_IRQHandler                       0x0000068e   Section        0  cs32l010_it.o(i.GPIOC_IRQHandler)
    i.GPIOD_IRQHandler                       0x00000690   Section        0  cs32l010_it.o(i.GPIOD_IRQHandler)
    i.HAL_Delay                              0x00000694   Section        0  cs32l010_hal.o(i.HAL_Delay)
    i.HAL_GPIO_Init                          0x000006c0   Section        0  cs32l010_hal_gpio.o(i.HAL_GPIO_Init)
    i.HAL_GPIO_ReadPin                       0x0000093c   Section        0  cs32l010_hal_gpio.o(i.HAL_GPIO_ReadPin)
    i.HAL_GPIO_WritePin                      0x0000094e   Section        0  cs32l010_hal_gpio.o(i.HAL_GPIO_WritePin)
    i.HAL_GetTick                            0x0000095c   Section        0  cs32l010_hal.o(i.HAL_GetTick)
    i.HAL_I2C_ACK_Config                     0x00000968   Section        0  cs32l010_hal_i2c.o(i.HAL_I2C_ACK_Config)
    i.HAL_I2C_Check_Flag                     0x00000988   Section        0  cs32l010_hal_i2c.o(i.HAL_I2C_Check_Flag)
    i.HAL_I2C_Clear_Interrupt_Flag           0x000009a6   Section        0  cs32l010_hal_i2c.o(i.HAL_I2C_Clear_Interrupt_Flag)
    i.HAL_I2C_DeInit                         0x000009b4   Section        0  cs32l010_hal_i2c.o(i.HAL_I2C_DeInit)
    i.HAL_I2C_Get_Interrupt_Flag             0x000009ee   Section        0  cs32l010_hal_i2c.o(i.HAL_I2C_Get_Interrupt_Flag)
    i.HAL_I2C_IRQHandler                     0x000009fc   Section        0  cs32l010_hal_i2c.o(i.HAL_I2C_IRQHandler)
    i.HAL_I2C_Init                           0x00000a16   Section        0  cs32l010_hal_i2c.o(i.HAL_I2C_Init)
    i.HAL_I2C_MasterCallback                 0x00000b08   Section        0  cs32l010_hal_i2c.o(i.HAL_I2C_MasterCallback)
    i.HAL_I2C_MspDeInit                      0x00000b0a   Section        0  cs32l010_hal_i2c.o(i.HAL_I2C_MspDeInit)
    i.HAL_I2C_MspInit                        0x00000b0c   Section        0  cs32l010_hal_i2c.o(i.HAL_I2C_MspInit)
    i.HAL_I2C_Send_Byte                      0x00000b0e   Section        0  cs32l010_hal_i2c.o(i.HAL_I2C_Send_Byte)
    i.HAL_I2C_SlaveCallback                  0x00000b20   Section        0  dfrobot_i2c_slave.o(i.HAL_I2C_SlaveCallback)
    i.HAL_I2C_Wait_Flag                      0x00000ca4   Section        0  cs32l010_hal_i2c.o(i.HAL_I2C_Wait_Flag)
    i.HAL_IncTick                            0x00000ce0   Section        0  cs32l010_hal.o(i.HAL_IncTick)
    i.HAL_Init                               0x00000cf8   Section        0  cs32l010_hal.o(i.HAL_Init)
    i.HAL_InitTick                           0x00000d08   Section        0  cs32l010_hal.o(i.HAL_InitTick)
    i.HAL_MspInit                            0x00000d5c   Section        0  cs32l010_hal_msp.o(i.HAL_MspInit)
    i.HAL_NVIC_DisableIRQ                    0x00000d60   Section        0  cs32l010_hal_cortex.o(i.HAL_NVIC_DisableIRQ)
    i.HAL_NVIC_EnableIRQ                     0x00000d78   Section        0  cs32l010_hal_cortex.o(i.HAL_NVIC_EnableIRQ)
    i.HAL_NVIC_SetPriority                   0x00000d90   Section        0  cs32l010_hal_cortex.o(i.HAL_NVIC_SetPriority)
    i.HAL_RCC_ClockConfig                    0x00000da0   Section        0  cs32l010_hal_rcc.o(i.HAL_RCC_ClockConfig)
    i.HAL_RCC_GetHCLKFreq                    0x00000f78   Section        0  cs32l010_hal_rcc.o(i.HAL_RCC_GetHCLKFreq)
    i.HAL_RCC_GetPCLKFreq                    0x00000f84   Section        0  cs32l010_hal_rcc.o(i.HAL_RCC_GetPCLKFreq)
    i.HAL_RCC_GetSysClockFreq                0x00000fac   Section        0  cs32l010_hal_rcc.o(i.HAL_RCC_GetSysClockFreq)
    i.HAL_RCC_OscConfig                      0x00001060   Section        0  cs32l010_hal_rcc.o(i.HAL_RCC_OscConfig)
    i.HAL_SYSTICK_Config                     0x000014d0   Section        0  cs32l010_hal_cortex.o(i.HAL_SYSTICK_Config)
    i.HAL_UART_ErrorCallback                 0x00001508   Section        0  cs32l010_hal_uart.o(i.HAL_UART_ErrorCallback)
    i.HAL_UART_IRQHandler                    0x0000150a   Section        0  cs32l010_hal_uart.o(i.HAL_UART_IRQHandler)
    i.HAL_UART_Init                          0x000015aa   Section        0  cs32l010_hal_uart.o(i.HAL_UART_Init)
    i.HAL_UART_MspInit                       0x000015e8   Section        0  cs32l010_hal_uart.o(i.HAL_UART_MspInit)
    i.HAL_UART_Receive_IT                    0x000015ea   Section        0  cs32l010_hal_uart.o(i.HAL_UART_Receive_IT)
    i.HAL_UART_RxCpltCallback                0x00001648   Section        0  main.o(i.HAL_UART_RxCpltCallback)
    i.HAL_UART_Transmit                      0x00001688   Section        0  cs32l010_hal_uart.o(i.HAL_UART_Transmit)
    i.HAL_UART_Transmit_IT                   0x000017ac   Section        0  cs32l010_hal_uart.o(i.HAL_UART_Transmit_IT)
    i.HAL_UART_TxCpltCallback                0x00001874   Section        0  cs32l010_hal_uart.o(i.HAL_UART_TxCpltCallback)
    i.HardFault_Handler                      0x00001876   Section        0  cs32l010_it.o(i.HardFault_Handler)
    i.I2C_IRQHandler                         0x0000187c   Section        0  cs32l010_it.o(i.I2C_IRQHandler)
    i.IIC_Delay                              0x0000188c   Section        0  ads1115.o(i.IIC_Delay)
    i.IIC_Write                              0x0000189c   Section        0  ads1115.o(i.IIC_Write)
    i.IWDG_IRQHandler                        0x000018f8   Section        0  cs32l010_it.o(i.IWDG_IRQHandler)
    i.LPTIM_IRQHandler                       0x000018fa   Section        0  cs32l010_it.o(i.LPTIM_IRQHandler)
    i.LPUART_IRQHandler                      0x000018fc   Section        0  cs32l010_it.o(i.LPUART_IRQHandler)
    i.LVD_IRQHandler                         0x000018fe   Section        0  cs32l010_it.o(i.LVD_IRQHandler)
    i.LogInit                                0x00001900   Section        0  log.o(i.LogInit)
    i.NMI_Handler                            0x0000190c   Section        0  cs32l010_it.o(i.NMI_Handler)
    i.NVIC_SetPriority                       0x00001910   Section        0  cs32l010_hal_cortex.o(i.NVIC_SetPriority)
    NVIC_SetPriority                         0x00001911   Thumb Code   110  cs32l010_hal_cortex.o(i.NVIC_SetPriority)
    i.OWIRE_IRQHandler                       0x00001988   Section        0  cs32l010_it.o(i.OWIRE_IRQHandler)
    i.PCA_IRQHandler                         0x0000198a   Section        0  cs32l010_it.o(i.PCA_IRQHandler)
    i.PendSV_Handler                         0x0000198c   Section        0  cs32l010_it.o(i.PendSV_Handler)
    i.RCC_Delay                              0x00001990   Section        0  cs32l010_hal_rcc.o(i.RCC_Delay)
    RCC_Delay                                0x00001991   Thumb Code    38  cs32l010_hal_rcc.o(i.RCC_Delay)
    i.RTC_IRQHandler                         0x000019bc   Section        0  cs32l010_it.o(i.RTC_IRQHandler)
    i.SPI_IRQHandler                         0x000019be   Section        0  cs32l010_it.o(i.SPI_IRQHandler)
    i.SVC_Handler                            0x000019c0   Section        0  cs32l010_it.o(i.SVC_Handler)
    i.SerialInit                             0x000019c4   Section        0  log.o(i.SerialInit)
    SerialInit                               0x000019c5   Thumb Code   176  log.o(i.SerialInit)
    i.SerialSend                             0x00001a88   Section        0  log.o(i.SerialSend)
    SerialSend                               0x00001a89   Thumb Code    16  log.o(i.SerialSend)
    i.Soft_IIC_ACK                           0x00001a9c   Section        0  ads1115.o(i.Soft_IIC_ACK)
    i.Soft_IIC_Input                         0x00001adc   Section        0  ads1115.o(i.Soft_IIC_Input)
    Soft_IIC_Input                           0x00001add   Thumb Code    38  ads1115.o(i.Soft_IIC_Input)
    i.Soft_IIC_NACK                          0x00001b08   Section        0  ads1115.o(i.Soft_IIC_NACK)
    i.Soft_IIC_Output                        0x00001b48   Section        0  ads1115.o(i.Soft_IIC_Output)
    Soft_IIC_Output                          0x00001b49   Thumb Code    38  ads1115.o(i.Soft_IIC_Output)
    i.Soft_IIC_Recv_Byte                     0x00001b74   Section        0  ads1115.o(i.Soft_IIC_Recv_Byte)
    i.Soft_IIC_Start                         0x00001bd8   Section        0  ads1115.o(i.Soft_IIC_Start)
    i.Soft_IIC_Stop                          0x00001c24   Section        0  ads1115.o(i.Soft_IIC_Stop)
    i.Soft_IIC_Wait_ACK                      0x00001c64   Section        0  ads1115.o(i.Soft_IIC_Wait_ACK)
    i.Soft_IIC_Write_Byte                    0x00001cb4   Section        0  ads1115.o(i.Soft_IIC_Write_Byte)
    i.Soft_IIC_Write_High                    0x00001cdc   Section        0  ads1115.o(i.Soft_IIC_Write_High)
    i.Soft_IIC_Write_Low                     0x00001d18   Section        0  ads1115.o(i.Soft_IIC_Write_Low)
    i.SysTick_Handler                        0x00001d54   Section        0  cs32l010_it.o(i.SysTick_Handler)
    i.SystemClock_Config                     0x00001d5c   Section        0  main.o(i.SystemClock_Config)
    i.SystemInit                             0x00001db0   Section        0  system_cs32l010.o(i.SystemInit)
    i.TIM10_IRQHandler                       0x00001df0   Section        0  cs32l010_it.o(i.TIM10_IRQHandler)
    i.TIM11_IRQHandler                       0x00001df2   Section        0  cs32l010_it.o(i.TIM11_IRQHandler)
    i.TIM1_IRQHandler                        0x00001df4   Section        0  cs32l010_it.o(i.TIM1_IRQHandler)
    i.TIM2_IRQHandler                        0x00001df6   Section        0  cs32l010_it.o(i.TIM2_IRQHandler)
    i.UART0_IRQHandler                       0x00001df8   Section        0  cs32l010_it.o(i.UART0_IRQHandler)
    i.UART1_IRQHandler                       0x00001dfc   Section        0  cs32l010_it.o(i.UART1_IRQHandler)
    i.UART_Receive_IT                        0x00001e0c   Section        0  cs32l010_hal_uart.o(i.UART_Receive_IT)
    i.UART_SetConfig                         0x00001f08   Section        0  cs32l010_hal_uart.o(i.UART_SetConfig)
    UART_SetConfig                           0x00001f09   Thumb Code    70  cs32l010_hal_uart.o(i.UART_SetConfig)
    i.UART_Transmit_IT                       0x00001f50   Section        0  cs32l010_hal_uart.o(i.UART_Transmit_IT)
    i.UART_WaitOnFlagUntilTimeout            0x00002000   Section        0  cs32l010_hal_uart.o(i.UART_WaitOnFlagUntilTimeout)
    UART_WaitOnFlagUntilTimeout              0x00002001   Thumb Code    98  cs32l010_hal_uart.o(i.UART_WaitOnFlagUntilTimeout)
    i.VC_IRQHandler                          0x00002062   Section        0  cs32l010_it.o(i.VC_IRQHandler)
    i.WWDG_IRQHandler                        0x00002064   Section        0  cs32l010_it.o(i.WWDG_IRQHandler)
    i.__0printf$2                            0x00002068   Section        0  printf2.o(i.__0printf$2)
    i.__ARM_clz                              0x00002088   Section        0  depilogue.o(i.__ARM_clz)
    i.__ARM_common_switch8                   0x000020b6   Section        0  ads1115.o(i.__ARM_common_switch8)
    i.__scatterload_copy                     0x000020d2   Section       14  handlers.o(i.__scatterload_copy)
    i.__scatterload_null                     0x000020e0   Section        2  handlers.o(i.__scatterload_null)
    i.__scatterload_zeroinit                 0x000020e2   Section       14  handlers.o(i.__scatterload_zeroinit)
    i._printf_core                           0x000020f0   Section        0  printf2.o(i._printf_core)
    _printf_core                             0x000020f1   Thumb Code   210  printf2.o(i._printf_core)
    i.ads1115_config_register                0x000021c2   Section        0  ads1115.o(i.ads1115_config_register)
    i.ads1115_get_voltage_val                0x000021dc   Section        0  ads1115.o(i.ads1115_get_voltage_val)
    i.ads1115_read_data                      0x000023ec   Section        0  ads1115.o(i.ads1115_read_data)
    i.fputc                                  0x0000245a   Section        0  log.o(i.fputc)
    i.i2cIRQConfig                           0x0000246a   Section        0  dfrobot_i2c_slave.o(i.i2cIRQConfig)
    i.i2cInitSlave                           0x0000247c   Section        0  dfrobot_i2c_slave.o(i.i2cInitSlave)
    i.key_init                               0x00002528   Section        0  main.o(i.key_init)
    i.main                                   0x00002598   Section        0  main.o(i.main)
    .constdata                               0x00002840   Section      256  cs32l010_hal_uart.o(.constdata)
    ParityTable256                           0x00002840   Data         256  cs32l010_hal_uart.o(.constdata)
    .data                                    0x20000000   Section       14  main.o(.data)
    last_mode                                0x2000000d   Data           1  main.o(.data)
    .data                                    0x2000000e   Section        1  ads1115.o(.data)
    .data                                    0x2000000f   Section        9  dfrobot_i2c_slave.o(.data)
    .data                                    0x20000018   Section        9  cs32l010_hal.o(.data)
    .data                                    0x20000024   Section        4  system_cs32l010.o(.data)
    .data                                    0x20000028   Section        4  stdout.o(.data)
    .bss                                     0x2000002c   Section       52  log.o(.bss)
    .bss                                     0x20000060   Section       36  ads1115.o(.bss)
    .bss                                     0x20000084   Section      546  dfrobot_i2c_slave.o(.bss)
    STACK                                    0x200002a8   Section      512  startup_cs32l010.o(STACK)

    Global Symbols

    Symbol Name                              Value     Ov Type        Size  Object(Section)

    BuildAttributes$$THM_ISAv3M$S$PE$A:L22$X:L11$S22$IEEE1$IW$USESV6$~STKCKD$USESV7$~SHL$OTIME$ROPI$EBA8$MICROLIB$REQ8$PRES8$EABIv2 0x00000000   Number         0  anon$$obj.o ABSOLUTE
    __ARM_use_no_argv                        0x00000000   Number         0  main.o ABSOLUTE
    __Vectors                                0x00000000   Data           4  startup_cs32l010.o(RESET)
    _printf_a                                0x00000000   Number         0  stubs.o ABSOLUTE
    _printf_c                                0x00000000   Number         0  stubs.o ABSOLUTE
    _printf_charcount                        0x00000000   Number         0  stubs.o ABSOLUTE
    _printf_d                                0x00000000   Number         0  stubs.o ABSOLUTE
    _printf_e                                0x00000000   Number         0  stubs.o ABSOLUTE
    _printf_f                                0x00000000   Number         0  stubs.o ABSOLUTE
    _printf_flags                            0x00000000   Number         0  stubs.o ABSOLUTE
    _printf_fp_dec                           0x00000000   Number         0  stubs.o ABSOLUTE
    _printf_fp_hex                           0x00000000   Number         0  stubs.o ABSOLUTE
    _printf_g                                0x00000000   Number         0  stubs.o ABSOLUTE
    _printf_i                                0x00000000   Number         0  stubs.o ABSOLUTE
    _printf_int_dec                          0x00000000   Number         0  stubs.o ABSOLUTE
    _printf_l                                0x00000000   Number         0  stubs.o ABSOLUTE
    _printf_lc                               0x00000000   Number         0  stubs.o ABSOLUTE
    _printf_ll                               0x00000000   Number         0  stubs.o ABSOLUTE
    _printf_lld                              0x00000000   Number         0  stubs.o ABSOLUTE
    _printf_lli                              0x00000000   Number         0  stubs.o ABSOLUTE
    _printf_llo                              0x00000000   Number         0  stubs.o ABSOLUTE
    _printf_llu                              0x00000000   Number         0  stubs.o ABSOLUTE
    _printf_llx                              0x00000000   Number         0  stubs.o ABSOLUTE
    _printf_longlong_dec                     0x00000000   Number         0  stubs.o ABSOLUTE
    _printf_longlong_hex                     0x00000000   Number         0  stubs.o ABSOLUTE
    _printf_longlong_oct                     0x00000000   Number         0  stubs.o ABSOLUTE
    _printf_ls                               0x00000000   Number         0  stubs.o ABSOLUTE
    _printf_mbtowc                           0x00000000   Number         0  stubs.o ABSOLUTE
    _printf_n                                0x00000000   Number         0  stubs.o ABSOLUTE
    _printf_o                                0x00000000   Number         0  stubs.o ABSOLUTE
    _printf_p                                0x00000000   Number         0  stubs.o ABSOLUTE
    _printf_percent                          0x00000000   Number         0  stubs.o ABSOLUTE
    _printf_pre_padding                      0x00000000   Number         0  stubs.o ABSOLUTE
    _printf_return_value                     0x00000000   Number         0  stubs.o ABSOLUTE
    _printf_s                                0x00000000   Number         0  stubs.o ABSOLUTE
    _printf_sizespec                         0x00000000   Number         0  stubs.o ABSOLUTE
    _printf_str                              0x00000000   Number         0  stubs.o ABSOLUTE
    _printf_truncate_signed                  0x00000000   Number         0  stubs.o ABSOLUTE
    _printf_truncate_unsigned                0x00000000   Number         0  stubs.o ABSOLUTE
    _printf_u                                0x00000000   Number         0  stubs.o ABSOLUTE
    _printf_wc                               0x00000000   Number         0  stubs.o ABSOLUTE
    _printf_wctomb                           0x00000000   Number         0  stubs.o ABSOLUTE
    _printf_widthprec                        0x00000000   Number         0  stubs.o ABSOLUTE
    _printf_x                                0x00000000   Number         0  stubs.o ABSOLUTE
    __arm_fini_                               - Undefined Weak Reference
    __cpp_initialize__aeabi_                  - Undefined Weak Reference
    __cxa_finalize                            - Undefined Weak Reference
    __decompress                              - Undefined Weak Reference
    _clock_init                               - Undefined Weak Reference
    _microlib_exit                            - Undefined Weak Reference
    __Vectors_End                            0x000000c0   Data           0  startup_cs32l010.o(RESET)
    __Vectors_Size                           0x000000c0   Number         0  startup_cs32l010.o ABSOLUTE
    __main                                   0x000000c1   Thumb Code     0  entry.o(.ARM.Collect$$$$00000000)
    _main_stk                                0x000000c1   Thumb Code     0  entry2.o(.ARM.Collect$$$$00000001)
    _main_scatterload                        0x000000c5   Thumb Code     0  entry5.o(.ARM.Collect$$$$00000004)
    __main_after_scatterload                 0x000000c9   Thumb Code     0  entry5.o(.ARM.Collect$$$$00000004)
    _main_clock                              0x000000c9   Thumb Code     0  entry7b.o(.ARM.Collect$$$$00000008)
    _main_cpp_init                           0x000000c9   Thumb Code     0  entry8b.o(.ARM.Collect$$$$0000000A)
    _main_init                               0x000000c9   Thumb Code     0  entry9a.o(.ARM.Collect$$$$0000000B)
    __rt_lib_shutdown_fini                   0x000000d1   Thumb Code     0  entry12b.o(.ARM.Collect$$$$0000000E)
    __rt_final_cpp                           0x000000d5   Thumb Code     0  entry10a.o(.ARM.Collect$$$$0000000F)
    __rt_final_exit                          0x000000d5   Thumb Code     0  entry11a.o(.ARM.Collect$$$$00000011)
    Reset_Handler                            0x000000d9   Thumb Code     8  startup_cs32l010.o(.text)
    __aeabi_uidiv                            0x000000f5   Thumb Code     0  uidiv.o(.text)
    __aeabi_uidivmod                         0x000000f5   Thumb Code    44  uidiv.o(.text)
    __aeabi_llsr                             0x00000121   Thumb Code    34  llushr.o(.text)
    _ll_ushift_r                             0x00000121   Thumb Code     0  llushr.o(.text)
    __aeabi_memcpy                           0x00000143   Thumb Code    36  memcpya.o(.text)
    __aeabi_memcpy4                          0x00000143   Thumb Code     0  memcpya.o(.text)
    __aeabi_memcpy8                          0x00000143   Thumb Code     0  memcpya.o(.text)
    __aeabi_memset                           0x00000167   Thumb Code    14  memseta.o(.text)
    __aeabi_memset4                          0x00000167   Thumb Code     0  memseta.o(.text)
    __aeabi_memset8                          0x00000167   Thumb Code     0  memseta.o(.text)
    __aeabi_memclr                           0x00000175   Thumb Code     4  memseta.o(.text)
    __aeabi_memclr4                          0x00000175   Thumb Code     0  memseta.o(.text)
    __aeabi_memclr8                          0x00000175   Thumb Code     0  memseta.o(.text)
    _memset$wrapper                          0x00000179   Thumb Code    18  memseta.o(.text)
    __aeabi_fmul                             0x0000018b   Thumb Code   122  fmul.o(.text)
    __aeabi_dmul                             0x00000205   Thumb Code   202  dmul.o(.text)
    __aeabi_ddiv                             0x000002d5   Thumb Code   234  ddiv.o(.text)
    __aeabi_i2d                              0x000003c5   Thumb Code    34  dflti.o(.text)
    __aeabi_f2uiz                            0x000003ed   Thumb Code    40  ffixui.o(.text)
    __aeabi_cdcmpeq                          0x00000415   Thumb Code     0  cdcmple.o(.text)
    __aeabi_cdcmple                          0x00000415   Thumb Code    38  cdcmple.o(.text)
    __aeabi_d2f                              0x0000043d   Thumb Code    56  d2f.o(.text)
    __I$use$fp                               0x00000475   Thumb Code     0  iusefp.o(.text)
    _float_round                             0x00000475   Thumb Code    16  fepilogue.o(.text)
    _float_epilogue                          0x00000485   Thumb Code   114  fepilogue.o(.text)
    _double_round                            0x000004f7   Thumb Code    26  depilogue.o(.text)
    _double_epilogue                         0x00000511   Thumb Code   164  depilogue.o(.text)
    __scatterload                            0x000005b5   Thumb Code    28  init.o(.text)
    __scatterload_rt2                        0x000005b5   Thumb Code     0  init.o(.text)
    __aeabi_llsl                             0x000005d9   Thumb Code    32  llshl.o(.text)
    _ll_shift_l                              0x000005d9   Thumb Code     0  llshl.o(.text)
    ADC_IRQHandler                           0x000005f9   Thumb Code     2  cs32l010_it.o(i.ADC_IRQHandler)
    AWK_IRQHandler                           0x000005fb   Thumb Code     2  cs32l010_it.o(i.AWK_IRQHandler)
    Ads1115_I2C_Init                         0x000005fd   Thumb Code   128  ads1115.o(i.Ads1115_I2C_Init)
    CLKTRIM_IRQHandler                       0x00000685   Thumb Code     2  cs32l010_it.o(i.CLKTRIM_IRQHandler)
    Error_Handler                            0x00000687   Thumb Code     2  main.o(i.Error_Handler)
    FLASH_IRQHandler                         0x00000689   Thumb Code     2  cs32l010_it.o(i.FLASH_IRQHandler)
    GPIOA_IRQHandler                         0x0000068b   Thumb Code     2  cs32l010_it.o(i.GPIOA_IRQHandler)
    GPIOB_IRQHandler                         0x0000068d   Thumb Code     2  cs32l010_it.o(i.GPIOB_IRQHandler)
    GPIOC_IRQHandler                         0x0000068f   Thumb Code     2  cs32l010_it.o(i.GPIOC_IRQHandler)
    GPIOD_IRQHandler                         0x00000691   Thumb Code     2  cs32l010_it.o(i.GPIOD_IRQHandler)
    HAL_Delay                                0x00000695   Thumb Code    38  cs32l010_hal.o(i.HAL_Delay)
    HAL_GPIO_Init                            0x000006c1   Thumb Code   636  cs32l010_hal_gpio.o(i.HAL_GPIO_Init)
    HAL_GPIO_ReadPin                         0x0000093d   Thumb Code    18  cs32l010_hal_gpio.o(i.HAL_GPIO_ReadPin)
    HAL_GPIO_WritePin                        0x0000094f   Thumb Code    12  cs32l010_hal_gpio.o(i.HAL_GPIO_WritePin)
    HAL_GetTick                              0x0000095d   Thumb Code     6  cs32l010_hal.o(i.HAL_GetTick)
    HAL_I2C_ACK_Config                       0x00000969   Thumb Code    32  cs32l010_hal_i2c.o(i.HAL_I2C_ACK_Config)
    HAL_I2C_Check_Flag                       0x00000989   Thumb Code    30  cs32l010_hal_i2c.o(i.HAL_I2C_Check_Flag)
    HAL_I2C_Clear_Interrupt_Flag             0x000009a7   Thumb Code    14  cs32l010_hal_i2c.o(i.HAL_I2C_Clear_Interrupt_Flag)
    HAL_I2C_DeInit                           0x000009b5   Thumb Code    58  cs32l010_hal_i2c.o(i.HAL_I2C_DeInit)
    HAL_I2C_Get_Interrupt_Flag               0x000009ef   Thumb Code    14  cs32l010_hal_i2c.o(i.HAL_I2C_Get_Interrupt_Flag)
    HAL_I2C_IRQHandler                       0x000009fd   Thumb Code    26  cs32l010_hal_i2c.o(i.HAL_I2C_IRQHandler)
    HAL_I2C_Init                             0x00000a17   Thumb Code   242  cs32l010_hal_i2c.o(i.HAL_I2C_Init)
    HAL_I2C_MasterCallback                   0x00000b09   Thumb Code     2  cs32l010_hal_i2c.o(i.HAL_I2C_MasterCallback)
    HAL_I2C_MspDeInit                        0x00000b0b   Thumb Code     2  cs32l010_hal_i2c.o(i.HAL_I2C_MspDeInit)
    HAL_I2C_MspInit                          0x00000b0d   Thumb Code     2  cs32l010_hal_i2c.o(i.HAL_I2C_MspInit)
    HAL_I2C_Send_Byte                        0x00000b0f   Thumb Code    18  cs32l010_hal_i2c.o(i.HAL_I2C_Send_Byte)
    HAL_I2C_SlaveCallback                    0x00000b21   Thumb Code   346  dfrobot_i2c_slave.o(i.HAL_I2C_SlaveCallback)
    HAL_I2C_Wait_Flag                        0x00000ca5   Thumb Code    58  cs32l010_hal_i2c.o(i.HAL_I2C_Wait_Flag)
    HAL_IncTick                              0x00000ce1   Thumb Code    16  cs32l010_hal.o(i.HAL_IncTick)
    HAL_Init                                 0x00000cf9   Thumb Code    16  cs32l010_hal.o(i.HAL_Init)
    HAL_InitTick                             0x00000d09   Thumb Code    70  cs32l010_hal.o(i.HAL_InitTick)
    HAL_MspInit                              0x00000d5d   Thumb Code     2  cs32l010_hal_msp.o(i.HAL_MspInit)
    HAL_NVIC_DisableIRQ                      0x00000d61   Thumb Code    18  cs32l010_hal_cortex.o(i.HAL_NVIC_DisableIRQ)
    HAL_NVIC_EnableIRQ                       0x00000d79   Thumb Code    18  cs32l010_hal_cortex.o(i.HAL_NVIC_EnableIRQ)
    HAL_NVIC_SetPriority                     0x00000d91   Thumb Code    16  cs32l010_hal_cortex.o(i.HAL_NVIC_SetPriority)
    HAL_RCC_ClockConfig                      0x00000da1   Thumb Code   446  cs32l010_hal_rcc.o(i.HAL_RCC_ClockConfig)
    HAL_RCC_GetHCLKFreq                      0x00000f79   Thumb Code     6  cs32l010_hal_rcc.o(i.HAL_RCC_GetHCLKFreq)
    HAL_RCC_GetPCLKFreq                      0x00000f85   Thumb Code    34  cs32l010_hal_rcc.o(i.HAL_RCC_GetPCLKFreq)
    HAL_RCC_GetSysClockFreq                  0x00000fad   Thumb Code   150  cs32l010_hal_rcc.o(i.HAL_RCC_GetSysClockFreq)
    HAL_RCC_OscConfig                        0x00001061   Thumb Code  1126  cs32l010_hal_rcc.o(i.HAL_RCC_OscConfig)
    HAL_SYSTICK_Config                       0x000014d1   Thumb Code    46  cs32l010_hal_cortex.o(i.HAL_SYSTICK_Config)
    HAL_UART_ErrorCallback                   0x00001509   Thumb Code     2  cs32l010_hal_uart.o(i.HAL_UART_ErrorCallback)
    HAL_UART_IRQHandler                      0x0000150b   Thumb Code   160  cs32l010_hal_uart.o(i.HAL_UART_IRQHandler)
    HAL_UART_Init                            0x000015ab   Thumb Code    62  cs32l010_hal_uart.o(i.HAL_UART_Init)
    HAL_UART_MspInit                         0x000015e9   Thumb Code     2  cs32l010_hal_uart.o(i.HAL_UART_MspInit)
    HAL_UART_Receive_IT                      0x000015eb   Thumb Code    92  cs32l010_hal_uart.o(i.HAL_UART_Receive_IT)
    HAL_UART_RxCpltCallback                  0x00001649   Thumb Code    46  main.o(i.HAL_UART_RxCpltCallback)
    HAL_UART_Transmit                        0x00001689   Thumb Code   286  cs32l010_hal_uart.o(i.HAL_UART_Transmit)
    HAL_UART_Transmit_IT                     0x000017ad   Thumb Code   196  cs32l010_hal_uart.o(i.HAL_UART_Transmit_IT)
    HAL_UART_TxCpltCallback                  0x00001875   Thumb Code     2  cs32l010_hal_uart.o(i.HAL_UART_TxCpltCallback)
    HardFault_Handler                        0x00001877   Thumb Code     4  cs32l010_it.o(i.HardFault_Handler)
    I2C_IRQHandler                           0x0000187d   Thumb Code    10  cs32l010_it.o(i.I2C_IRQHandler)
    IIC_Delay                                0x0000188d   Thumb Code    16  ads1115.o(i.IIC_Delay)
    IIC_Write                                0x0000189d   Thumb Code    92  ads1115.o(i.IIC_Write)
    IWDG_IRQHandler                          0x000018f9   Thumb Code     2  cs32l010_it.o(i.IWDG_IRQHandler)
    LPTIM_IRQHandler                         0x000018fb   Thumb Code     2  cs32l010_it.o(i.LPTIM_IRQHandler)
    LPUART_IRQHandler                        0x000018fd   Thumb Code     2  cs32l010_it.o(i.LPUART_IRQHandler)
    LVD_IRQHandler                           0x000018ff   Thumb Code     2  cs32l010_it.o(i.LVD_IRQHandler)
    LogInit                                  0x00001901   Thumb Code    12  log.o(i.LogInit)
    NMI_Handler                              0x0000190d   Thumb Code     2  cs32l010_it.o(i.NMI_Handler)
    OWIRE_IRQHandler                         0x00001989   Thumb Code     2  cs32l010_it.o(i.OWIRE_IRQHandler)
    PCA_IRQHandler                           0x0000198b   Thumb Code     2  cs32l010_it.o(i.PCA_IRQHandler)
    PendSV_Handler                           0x0000198d   Thumb Code     2  cs32l010_it.o(i.PendSV_Handler)
    RTC_IRQHandler                           0x000019bd   Thumb Code     2  cs32l010_it.o(i.RTC_IRQHandler)
    SPI_IRQHandler                           0x000019bf   Thumb Code     2  cs32l010_it.o(i.SPI_IRQHandler)
    SVC_Handler                              0x000019c1   Thumb Code     2  cs32l010_it.o(i.SVC_Handler)
    Soft_IIC_ACK                             0x00001a9d   Thumb Code    60  ads1115.o(i.Soft_IIC_ACK)
    Soft_IIC_NACK                            0x00001b09   Thumb Code    60  ads1115.o(i.Soft_IIC_NACK)
    Soft_IIC_Recv_Byte                       0x00001b75   Thumb Code    94  ads1115.o(i.Soft_IIC_Recv_Byte)
    Soft_IIC_Start                           0x00001bd9   Thumb Code    70  ads1115.o(i.Soft_IIC_Start)
    Soft_IIC_Stop                            0x00001c25   Thumb Code    60  ads1115.o(i.Soft_IIC_Stop)
    Soft_IIC_Wait_ACK                        0x00001c65   Thumb Code    76  ads1115.o(i.Soft_IIC_Wait_ACK)
    Soft_IIC_Write_Byte                      0x00001cb5   Thumb Code    40  ads1115.o(i.Soft_IIC_Write_Byte)
    Soft_IIC_Write_High                      0x00001cdd   Thumb Code    56  ads1115.o(i.Soft_IIC_Write_High)
    Soft_IIC_Write_Low                       0x00001d19   Thumb Code    56  ads1115.o(i.Soft_IIC_Write_Low)
    SysTick_Handler                          0x00001d55   Thumb Code     8  cs32l010_it.o(i.SysTick_Handler)
    SystemClock_Config                       0x00001d5d   Thumb Code    80  main.o(i.SystemClock_Config)
    SystemInit                               0x00001db1   Thumb Code    48  system_cs32l010.o(i.SystemInit)
    TIM10_IRQHandler                         0x00001df1   Thumb Code     2  cs32l010_it.o(i.TIM10_IRQHandler)
    TIM11_IRQHandler                         0x00001df3   Thumb Code     2  cs32l010_it.o(i.TIM11_IRQHandler)
    TIM1_IRQHandler                          0x00001df5   Thumb Code     2  cs32l010_it.o(i.TIM1_IRQHandler)
    TIM2_IRQHandler                          0x00001df7   Thumb Code     2  cs32l010_it.o(i.TIM2_IRQHandler)
    UART0_IRQHandler                         0x00001df9   Thumb Code     2  cs32l010_it.o(i.UART0_IRQHandler)
    UART1_IRQHandler                         0x00001dfd   Thumb Code    10  cs32l010_it.o(i.UART1_IRQHandler)
    UART_Receive_IT                          0x00001e0d   Thumb Code   246  cs32l010_hal_uart.o(i.UART_Receive_IT)
    UART_Transmit_IT                         0x00001f51   Thumb Code   170  cs32l010_hal_uart.o(i.UART_Transmit_IT)
    VC_IRQHandler                            0x00002063   Thumb Code     2  cs32l010_it.o(i.VC_IRQHandler)
    WWDG_IRQHandler                          0x00002065   Thumb Code     2  cs32l010_it.o(i.WWDG_IRQHandler)
    __0printf$2                              0x00002069   Thumb Code    24  printf2.o(i.__0printf$2)
    __1printf$2                              0x00002069   Thumb Code     0  printf2.o(i.__0printf$2)
    __2printf                                0x00002069   Thumb Code     0  printf2.o(i.__0printf$2)
    __ARM_clz                                0x00002089   Thumb Code    46  depilogue.o(i.__ARM_clz)
    __ARM_common_switch8                     0x000020b7   Thumb Code    28  ads1115.o(i.__ARM_common_switch8)
    __scatterload_copy                       0x000020d3   Thumb Code    14  handlers.o(i.__scatterload_copy)
    __scatterload_null                       0x000020e1   Thumb Code     2  handlers.o(i.__scatterload_null)
    __scatterload_zeroinit                   0x000020e3   Thumb Code    14  handlers.o(i.__scatterload_zeroinit)
    ads1115_config_register                  0x000021c3   Thumb Code    26  ads1115.o(i.ads1115_config_register)
    ads1115_get_voltage_val                  0x000021dd   Thumb Code   476  ads1115.o(i.ads1115_get_voltage_val)
    ads1115_read_data                        0x000023ed   Thumb Code   110  ads1115.o(i.ads1115_read_data)
    fputc                                    0x0000245b   Thumb Code    16  log.o(i.fputc)
    i2cIRQConfig                             0x0000246b   Thumb Code    18  dfrobot_i2c_slave.o(i.i2cIRQConfig)
    i2cInitSlave                             0x0000247d   Thumb Code   148  dfrobot_i2c_slave.o(i.i2cInitSlave)
    key_init                                 0x00002529   Thumb Code   100  main.o(i.key_init)
    main                                     0x00002599   Thumb Code   610  main.o(i.main)
    Region$$Table$$Base                      0x00002940   Number         0  anon$$obj.o(Region$$Table)
    Region$$Table$$Limit                     0x00002960   Number         0  anon$$obj.o(Region$$Table)
    ReceiveData                              0x20000000   Data           1  main.o(.data)
    uart_buffer                              0x20000001   Data           5  main.o(.data)
    select_pin                               0x20000006   Data           1  main.o(.data)
    senddata_flag                            0x20000007   Data           1  main.o(.data)
    addr_change_flag                         0x20000008   Data           1  main.o(.data)
    Addr0                                    0x20000009   Data           1  main.o(.data)
    Addr1                                    0x2000000a   Data           1  main.o(.data)
    Addr0_last                               0x2000000b   Data           1  main.o(.data)
    Addr1_last                               0x2000000c   Data           1  main.o(.data)
    mode_flag                                0x2000000e   Data           1  ads1115.o(.data)
    r_address_offset                         0x2000000f   Data           1  dfrobot_i2c_slave.o(.data)
    transmit_size                            0x20000010   Data           1  dfrobot_i2c_slave.o(.data)
    rx_count                                 0x20000011   Data           1  dfrobot_i2c_slave.o(.data)
    i2c_RX_receive_data                      0x20000012   Data           1  dfrobot_i2c_slave.o(.data)
    i2c_TX_Send_data                         0x20000013   Data           1  dfrobot_i2c_slave.o(.data)
    begin_trans                              0x20000014   Data           1  dfrobot_i2c_slave.o(.data)
    r_address                                0x20000015   Data           1  dfrobot_i2c_slave.o(.data)
    regaddr_flag                             0x20000016   Data           1  dfrobot_i2c_slave.o(.data)
    i2c_interrupt                            0x20000017   Data           1  dfrobot_i2c_slave.o(.data)
    uwTick                                   0x20000018   Data           4  cs32l010_hal.o(.data)
    uwTickPrio                               0x2000001c   Data           4  cs32l010_hal.o(.data)
    uwTickFreq                               0x20000020   Data           1  cs32l010_hal.o(.data)
    SystemCoreClock                          0x20000024   Data           4  system_cs32l010.o(.data)
    __stdout                                 0x20000028   Data           4  stdout.o(.data)
    huart1                                   0x2000002c   Data          52  log.o(.bss)
    i2c_ads1115                              0x20000060   Data          36  ads1115.o(.bss)
    i2cSlave                                 0x20000084   Data          36  dfrobot_i2c_slave.o(.bss)
    pData                                    0x200000a8   Data         255  dfrobot_i2c_slave.o(.bss)
    i2c_buffer                               0x200001a7   Data         255  dfrobot_i2c_slave.o(.bss)
    __initial_sp                             0x200004a8   Data           0  startup_cs32l010.o(STACK)



==============================================================================

Memory Map of the image

  Image Entry point : 0x000000c1

  Load Region LR_IROM1 (Base: 0x00000000, Size: 0x0000298c, Max: 0x00010000, ABSOLUTE)

    Execution Region ER_IROM1 (Exec base: 0x00000000, Load base: 0x00000000, Size: 0x00002960, Max: 0x00010000, ABSOLUTE)

    Exec Addr    Load Addr    Size         Type   Attr      Idx    E Section Name        Object

    0x00000000   0x00000000   0x000000c0   Data   RO         3818    RESET               startup_cs32l010.o
    0x000000c0   0x000000c0   0x00000000   Code   RO         3855  * .ARM.Collect$$$$00000000  mc_p.l(entry.o)
    0x000000c0   0x000000c0   0x00000004   Code   RO         4143    .ARM.Collect$$$$00000001  mc_p.l(entry2.o)
    0x000000c4   0x000000c4   0x00000004   Code   RO         4146    .ARM.Collect$$$$00000004  mc_p.l(entry5.o)
    0x000000c8   0x000000c8   0x00000000   Code   RO         4148    .ARM.Collect$$$$00000008  mc_p.l(entry7b.o)
    0x000000c8   0x000000c8   0x00000000   Code   RO         4150    .ARM.Collect$$$$0000000A  mc_p.l(entry8b.o)
    0x000000c8   0x000000c8   0x00000008   Code   RO         4151    .ARM.Collect$$$$0000000B  mc_p.l(entry9a.o)
    0x000000d0   0x000000d0   0x00000004   Code   RO         4158    .ARM.Collect$$$$0000000E  mc_p.l(entry12b.o)
    0x000000d4   0x000000d4   0x00000000   Code   RO         4153    .ARM.Collect$$$$0000000F  mc_p.l(entry10a.o)
    0x000000d4   0x000000d4   0x00000000   Code   RO         4155    .ARM.Collect$$$$00000011  mc_p.l(entry11a.o)
    0x000000d4   0x000000d4   0x00000004   Code   RO         4144    .ARM.Collect$$$$00002712  mc_p.l(entry2.o)
    0x000000d8   0x000000d8   0x0000001c   Code   RO         3819    .text               startup_cs32l010.o
    0x000000f4   0x000000f4   0x0000002c   Code   RO         3858    .text               mc_p.l(uidiv.o)
    0x00000120   0x00000120   0x00000022   Code   RO         3860    .text               mc_p.l(llushr.o)
    0x00000142   0x00000142   0x00000024   Code   RO         3862    .text               mc_p.l(memcpya.o)
    0x00000166   0x00000166   0x00000024   Code   RO         3864    .text               mc_p.l(memseta.o)
    0x0000018a   0x0000018a   0x0000007a   Code   RO         4129    .text               mf_p.l(fmul.o)
    0x00000204   0x00000204   0x000000d0   Code   RO         4131    .text               mf_p.l(dmul.o)
    0x000002d4   0x000002d4   0x000000f0   Code   RO         4133    .text               mf_p.l(ddiv.o)
    0x000003c4   0x000003c4   0x00000028   Code   RO         4135    .text               mf_p.l(dflti.o)
    0x000003ec   0x000003ec   0x00000028   Code   RO         4137    .text               mf_p.l(ffixui.o)
    0x00000414   0x00000414   0x00000028   Code   RO         4139    .text               mf_p.l(cdcmple.o)
    0x0000043c   0x0000043c   0x00000038   Code   RO         4141    .text               mf_p.l(d2f.o)
    0x00000474   0x00000474   0x00000000   Code   RO         4162    .text               mc_p.l(iusefp.o)
    0x00000474   0x00000474   0x00000082   Code   RO         4163    .text               mf_p.l(fepilogue.o)
    0x000004f6   0x000004f6   0x000000be   Code   RO         4165    .text               mf_p.l(depilogue.o)
    0x000005b4   0x000005b4   0x00000024   Code   RO         4175    .text               mc_p.l(init.o)
    0x000005d8   0x000005d8   0x00000020   Code   RO         4177    .text               mc_p.l(llshl.o)
    0x000005f8   0x000005f8   0x00000002   Code   RO          241    i.ADC_IRQHandler    cs32l010_it.o
    0x000005fa   0x000005fa   0x00000002   Code   RO          242    i.AWK_IRQHandler    cs32l010_it.o
    0x000005fc   0x000005fc   0x00000088   Code   RO          594    i.Ads1115_I2C_Init  ads1115.o
    0x00000684   0x00000684   0x00000002   Code   RO          243    i.CLKTRIM_IRQHandler  cs32l010_it.o
    0x00000686   0x00000686   0x00000002   Code   RO          439    i.Error_Handler     main.o
    0x00000688   0x00000688   0x00000002   Code   RO          244    i.FLASH_IRQHandler  cs32l010_it.o
    0x0000068a   0x0000068a   0x00000002   Code   RO          245    i.GPIOA_IRQHandler  cs32l010_it.o
    0x0000068c   0x0000068c   0x00000002   Code   RO          246    i.GPIOB_IRQHandler  cs32l010_it.o
    0x0000068e   0x0000068e   0x00000002   Code   RO          247    i.GPIOC_IRQHandler  cs32l010_it.o
    0x00000690   0x00000690   0x00000002   Code   RO          248    i.GPIOD_IRQHandler  cs32l010_it.o
    0x00000692   0x00000692   0x00000002   PAD
    0x00000694   0x00000694   0x0000002c   Code   RO          775    i.HAL_Delay         cs32l010_hal.o
    0x000006c0   0x000006c0   0x0000027c   Code   RO         1618    i.HAL_GPIO_Init     cs32l010_hal_gpio.o
    0x0000093c   0x0000093c   0x00000012   Code   RO         1619    i.HAL_GPIO_ReadPin  cs32l010_hal_gpio.o
    0x0000094e   0x0000094e   0x0000000c   Code   RO         1621    i.HAL_GPIO_WritePin  cs32l010_hal_gpio.o
    0x0000095a   0x0000095a   0x00000002   PAD
    0x0000095c   0x0000095c   0x0000000c   Code   RO          779    i.HAL_GetTick       cs32l010_hal.o
    0x00000968   0x00000968   0x00000020   Code   RO         1671    i.HAL_I2C_ACK_Config  cs32l010_hal_i2c.o
    0x00000988   0x00000988   0x0000001e   Code   RO         1672    i.HAL_I2C_Check_Flag  cs32l010_hal_i2c.o
    0x000009a6   0x000009a6   0x0000000e   Code   RO         1673    i.HAL_I2C_Clear_Interrupt_Flag  cs32l010_hal_i2c.o
    0x000009b4   0x000009b4   0x0000003a   Code   RO         1674    i.HAL_I2C_DeInit    cs32l010_hal_i2c.o
    0x000009ee   0x000009ee   0x0000000e   Code   RO         1675    i.HAL_I2C_Get_Interrupt_Flag  cs32l010_hal_i2c.o
    0x000009fc   0x000009fc   0x0000001a   Code   RO         1676    i.HAL_I2C_IRQHandler  cs32l010_hal_i2c.o
    0x00000a16   0x00000a16   0x000000f2   Code   RO         1677    i.HAL_I2C_Init      cs32l010_hal_i2c.o
    0x00000b08   0x00000b08   0x00000002   Code   RO         1678    i.HAL_I2C_MasterCallback  cs32l010_hal_i2c.o
    0x00000b0a   0x00000b0a   0x00000002   Code   RO         1682    i.HAL_I2C_MspDeInit  cs32l010_hal_i2c.o
    0x00000b0c   0x00000b0c   0x00000002   Code   RO         1683    i.HAL_I2C_MspInit   cs32l010_hal_i2c.o
    0x00000b0e   0x00000b0e   0x00000012   Code   RO         1686    i.HAL_I2C_Send_Byte  cs32l010_hal_i2c.o
    0x00000b20   0x00000b20   0x00000184   Code   RO          729    i.HAL_I2C_SlaveCallback  dfrobot_i2c_slave.o
    0x00000ca4   0x00000ca4   0x0000003a   Code   RO         1692    i.HAL_I2C_Wait_Flag  cs32l010_hal_i2c.o
    0x00000cde   0x00000cde   0x00000002   PAD
    0x00000ce0   0x00000ce0   0x00000018   Code   RO          783    i.HAL_IncTick       cs32l010_hal.o
    0x00000cf8   0x00000cf8   0x00000010   Code   RO          784    i.HAL_Init          cs32l010_hal.o
    0x00000d08   0x00000d08   0x00000054   Code   RO          785    i.HAL_InitTick      cs32l010_hal.o
    0x00000d5c   0x00000d5c   0x00000002   Code   RO          192    i.HAL_MspInit       cs32l010_hal_msp.o
    0x00000d5e   0x00000d5e   0x00000002   PAD
    0x00000d60   0x00000d60   0x00000018   Code   RO         1375    i.HAL_NVIC_DisableIRQ  cs32l010_hal_cortex.o
    0x00000d78   0x00000d78   0x00000018   Code   RO         1376    i.HAL_NVIC_EnableIRQ  cs32l010_hal_cortex.o
    0x00000d90   0x00000d90   0x00000010   Code   RO         1380    i.HAL_NVIC_SetPriority  cs32l010_hal_cortex.o
    0x00000da0   0x00000da0   0x000001d8   Code   RO         2625    i.HAL_RCC_ClockConfig  cs32l010_hal_rcc.o
    0x00000f78   0x00000f78   0x0000000c   Code   RO         2628    i.HAL_RCC_GetHCLKFreq  cs32l010_hal_rcc.o
    0x00000f84   0x00000f84   0x00000028   Code   RO         2630    i.HAL_RCC_GetPCLKFreq  cs32l010_hal_rcc.o
    0x00000fac   0x00000fac   0x000000b4   Code   RO         2631    i.HAL_RCC_GetSysClockFreq  cs32l010_hal_rcc.o
    0x00001060   0x00001060   0x00000470   Code   RO         2633    i.HAL_RCC_OscConfig  cs32l010_hal_rcc.o
    0x000014d0   0x000014d0   0x00000038   Code   RO         1384    i.HAL_SYSTICK_Config  cs32l010_hal_cortex.o
    0x00001508   0x00001508   0x00000002   Code   RO         3544    i.HAL_UART_ErrorCallback  cs32l010_hal_uart.o
    0x0000150a   0x0000150a   0x000000a0   Code   RO         3547    i.HAL_UART_IRQHandler  cs32l010_hal_uart.o
    0x000015aa   0x000015aa   0x0000003e   Code   RO         3548    i.HAL_UART_Init     cs32l010_hal_uart.o
    0x000015e8   0x000015e8   0x00000002   Code   RO         3550    i.HAL_UART_MspInit  cs32l010_hal_uart.o
    0x000015ea   0x000015ea   0x0000005c   Code   RO         3552    i.HAL_UART_Receive_IT  cs32l010_hal_uart.o
    0x00001646   0x00001646   0x00000002   PAD
    0x00001648   0x00001648   0x00000040   Code   RO          440    i.HAL_UART_RxCpltCallback  main.o
    0x00001688   0x00001688   0x00000124   Code   RO         3554    i.HAL_UART_Transmit  cs32l010_hal_uart.o
    0x000017ac   0x000017ac   0x000000c8   Code   RO         3555    i.HAL_UART_Transmit_IT  cs32l010_hal_uart.o
    0x00001874   0x00001874   0x00000002   Code   RO         3556    i.HAL_UART_TxCpltCallback  cs32l010_hal_uart.o
    0x00001876   0x00001876   0x00000004   Code   RO          249    i.HardFault_Handler  cs32l010_it.o
    0x0000187a   0x0000187a   0x00000002   PAD
    0x0000187c   0x0000187c   0x00000010   Code   RO          250    i.I2C_IRQHandler    cs32l010_it.o
    0x0000188c   0x0000188c   0x00000010   Code   RO          595    i.IIC_Delay         ads1115.o
    0x0000189c   0x0000189c   0x0000005c   Code   RO          597    i.IIC_Write         ads1115.o
    0x000018f8   0x000018f8   0x00000002   Code   RO          251    i.IWDG_IRQHandler   cs32l010_it.o
    0x000018fa   0x000018fa   0x00000002   Code   RO          252    i.LPTIM_IRQHandler  cs32l010_it.o
    0x000018fc   0x000018fc   0x00000002   Code   RO          253    i.LPUART_IRQHandler  cs32l010_it.o
    0x000018fe   0x000018fe   0x00000002   Code   RO          254    i.LVD_IRQHandler    cs32l010_it.o
    0x00001900   0x00001900   0x0000000c   Code   RO          491    i.LogInit           log.o
    0x0000190c   0x0000190c   0x00000002   Code   RO          255    i.NMI_Handler       cs32l010_it.o
    0x0000190e   0x0000190e   0x00000002   PAD
    0x00001910   0x00001910   0x00000078   Code   RO         1386    i.NVIC_SetPriority  cs32l010_hal_cortex.o
    0x00001988   0x00001988   0x00000002   Code   RO          256    i.OWIRE_IRQHandler  cs32l010_it.o
    0x0000198a   0x0000198a   0x00000002   Code   RO          257    i.PCA_IRQHandler    cs32l010_it.o
    0x0000198c   0x0000198c   0x00000002   Code   RO          258    i.PendSV_Handler    cs32l010_it.o
    0x0000198e   0x0000198e   0x00000002   PAD
    0x00001990   0x00001990   0x0000002c   Code   RO         2634    i.RCC_Delay         cs32l010_hal_rcc.o
    0x000019bc   0x000019bc   0x00000002   Code   RO          259    i.RTC_IRQHandler    cs32l010_it.o
    0x000019be   0x000019be   0x00000002   Code   RO          260    i.SPI_IRQHandler    cs32l010_it.o
    0x000019c0   0x000019c0   0x00000002   Code   RO          261    i.SVC_Handler       cs32l010_it.o
    0x000019c2   0x000019c2   0x00000002   PAD
    0x000019c4   0x000019c4   0x000000c4   Code   RO          493    i.SerialInit        log.o
    0x00001a88   0x00001a88   0x00000014   Code   RO          494    i.SerialSend        log.o
    0x00001a9c   0x00001a9c   0x00000040   Code   RO          598    i.Soft_IIC_ACK      ads1115.o
    0x00001adc   0x00001adc   0x0000002c   Code   RO          600    i.Soft_IIC_Input    ads1115.o
    0x00001b08   0x00001b08   0x00000040   Code   RO          601    i.Soft_IIC_NACK     ads1115.o
    0x00001b48   0x00001b48   0x0000002c   Code   RO          602    i.Soft_IIC_Output   ads1115.o
    0x00001b74   0x00001b74   0x00000064   Code   RO          603    i.Soft_IIC_Recv_Byte  ads1115.o
    0x00001bd8   0x00001bd8   0x0000004c   Code   RO          604    i.Soft_IIC_Start    ads1115.o
    0x00001c24   0x00001c24   0x00000040   Code   RO          605    i.Soft_IIC_Stop     ads1115.o
    0x00001c64   0x00001c64   0x00000050   Code   RO          606    i.Soft_IIC_Wait_ACK  ads1115.o
    0x00001cb4   0x00001cb4   0x00000028   Code   RO          607    i.Soft_IIC_Write_Byte  ads1115.o
    0x00001cdc   0x00001cdc   0x0000003c   Code   RO          608    i.Soft_IIC_Write_High  ads1115.o
    0x00001d18   0x00001d18   0x0000003c   Code   RO          609    i.Soft_IIC_Write_Low  ads1115.o
    0x00001d54   0x00001d54   0x00000008   Code   RO          262    i.SysTick_Handler   cs32l010_it.o
    0x00001d5c   0x00001d5c   0x00000054   Code   RO          441    i.SystemClock_Config  main.o
    0x00001db0   0x00001db0   0x00000040   Code   RO         3826    i.SystemInit        system_cs32l010.o
    0x00001df0   0x00001df0   0x00000002   Code   RO          263    i.TIM10_IRQHandler  cs32l010_it.o
    0x00001df2   0x00001df2   0x00000002   Code   RO          264    i.TIM11_IRQHandler  cs32l010_it.o
    0x00001df4   0x00001df4   0x00000002   Code   RO          265    i.TIM1_IRQHandler   cs32l010_it.o
    0x00001df6   0x00001df6   0x00000002   Code   RO          266    i.TIM2_IRQHandler   cs32l010_it.o
    0x00001df8   0x00001df8   0x00000002   Code   RO          267    i.UART0_IRQHandler  cs32l010_it.o
    0x00001dfa   0x00001dfa   0x00000002   PAD
    0x00001dfc   0x00001dfc   0x00000010   Code   RO          268    i.UART1_IRQHandler  cs32l010_it.o
    0x00001e0c   0x00001e0c   0x000000fc   Code   RO         3557    i.UART_Receive_IT   cs32l010_hal_uart.o
    0x00001f08   0x00001f08   0x00000046   Code   RO         3558    i.UART_SetConfig    cs32l010_hal_uart.o
    0x00001f4e   0x00001f4e   0x00000002   PAD
    0x00001f50   0x00001f50   0x000000b0   Code   RO         3560    i.UART_Transmit_IT  cs32l010_hal_uart.o
    0x00002000   0x00002000   0x00000062   Code   RO         3561    i.UART_WaitOnFlagUntilTimeout  cs32l010_hal_uart.o
    0x00002062   0x00002062   0x00000002   Code   RO          269    i.VC_IRQHandler     cs32l010_it.o
    0x00002064   0x00002064   0x00000002   Code   RO          270    i.WWDG_IRQHandler   cs32l010_it.o
    0x00002066   0x00002066   0x00000002   PAD
    0x00002068   0x00002068   0x00000020   Code   RO         3935    i.__0printf$2       mc_p.l(printf2.o)
    0x00002088   0x00002088   0x0000002e   Code   RO         4167    i.__ARM_clz         mf_p.l(depilogue.o)
    0x000020b6   0x000020b6   0x0000001c   Code   RO          719    i.__ARM_common_switch8  ads1115.o
    0x000020d2   0x000020d2   0x0000000e   Code   RO         4183    i.__scatterload_copy  mc_p.l(handlers.o)
    0x000020e0   0x000020e0   0x00000002   Code   RO         4184    i.__scatterload_null  mc_p.l(handlers.o)
    0x000020e2   0x000020e2   0x0000000e   Code   RO         4185    i.__scatterload_zeroinit  mc_p.l(handlers.o)
    0x000020f0   0x000020f0   0x000000d2   Code   RO         3942    i._printf_core      mc_p.l(printf2.o)
    0x000021c2   0x000021c2   0x0000001a   Code   RO          610    i.ads1115_config_register  ads1115.o
    0x000021dc   0x000021dc   0x00000210   Code   RO          611    i.ads1115_get_voltage_val  ads1115.o
    0x000023ec   0x000023ec   0x0000006e   Code   RO          612    i.ads1115_read_data  ads1115.o
    0x0000245a   0x0000245a   0x00000010   Code   RO          495    i.fputc             log.o
    0x0000246a   0x0000246a   0x00000012   Code   RO          730    i.i2cIRQConfig      dfrobot_i2c_slave.o
    0x0000247c   0x0000247c   0x000000ac   Code   RO          731    i.i2cInitSlave      dfrobot_i2c_slave.o
    0x00002528   0x00002528   0x00000070   Code   RO          442    i.key_init          main.o
    0x00002598   0x00002598   0x000002a8   Code   RO          443    i.main              main.o
    0x00002840   0x00002840   0x00000100   Data   RO         3562    .constdata          cs32l010_hal_uart.o
    0x00002940   0x00002940   0x00000020   Data   RO         4181    Region$$Table       anon$$obj.o


    Execution Region RW_IRAM1 (Exec base: 0x20000000, Load base: 0x00002960, Size: 0x000004a8, Max: 0x00001000, ABSOLUTE)

    Exec Addr    Load Addr    Size         Type   Attr      Idx    E Section Name        Object

    0x20000000   0x00002960   0x0000000e   Data   RW          445    .data               main.o
    0x2000000e   0x0000296e   0x00000001   Data   RW          614    .data               ads1115.o
    0x2000000f   0x0000296f   0x00000009   Data   RW          733    .data               dfrobot_i2c_slave.o
    0x20000018   0x00002978   0x00000009   Data   RW          791    .data               cs32l010_hal.o
    0x20000021   0x00002981   0x00000003   PAD
    0x20000024   0x00002984   0x00000004   Data   RW         3827    .data               system_cs32l010.o
    0x20000028   0x00002988   0x00000004   Data   RW         4159    .data               mc_p.l(stdout.o)
    0x2000002c        -       0x00000034   Zero   RW          498    .bss                log.o
    0x20000060        -       0x00000024   Zero   RW          613    .bss                ads1115.o
    0x20000084        -       0x00000222   Zero   RW          732    .bss                dfrobot_i2c_slave.o
    0x200002a6   0x0000298c   0x00000002   PAD
    0x200002a8        -       0x00000200   Zero   RW         3816    STACK               startup_cs32l010.o


==============================================================================

Image component sizes


      Code (inc. data)   RO Data    RW Data    ZI Data      Debug   Object Name

      1632        116          0          1         36      12725   ads1115.o
       180         34          0          9          0       6821   cs32l010_hal.o
       240         32          0          0          0       9683   cs32l010_hal_cortex.o
       666          0          0          0          0       2739   cs32l010_hal_gpio.o
       498          0          0          0          0       7966   cs32l010_hal_i2c.o
         2          0          0          0          0        390   cs32l010_hal_msp.o
      1884        108          0          0          0       5180   cs32l010_hal_rcc.o
      1408         22        256          0          0       9234   cs32l010_hal_uart.o
        96         12          0          0          0      11772   cs32l010_it.o
         0          0          0          0          0     138448   cs32l010_starterkit.o
       578         66          0          9        546       9509   dfrobot_i2c_slave.o
       244         24          0          0         52       2533   log.o
       942        104          0         14          0       3781   main.o
        28          8        192          0        512        608   startup_cs32l010.o
        64         16          0          4          0        675   system_cs32l010.o

    ----------------------------------------------------------------------
      8486        542        480         40       1148     222064   Object Totals
         0          0         32          0          0          0   (incl. Generated)
        24          0          0          3          2          0   (incl. Padding)

    ----------------------------------------------------------------------

      Code (inc. data)   RO Data    RW Data    ZI Data      Debug   Library Member Name

         0          0          0          0          0          0   entry.o
         0          0          0          0          0          0   entry10a.o
         0          0          0          0          0          0   entry11a.o
         4          0          0          0          0          0   entry12b.o
         8          4          0          0          0          0   entry2.o
         4          0          0          0          0          0   entry5.o
         0          0          0          0          0          0   entry7b.o
         0          0          0          0          0          0   entry8b.o
         8          4          0          0          0          0   entry9a.o
        30          0          0          0          0          0   handlers.o
        36          8          0          0          0         68   init.o
         0          0          0          0          0          0   iusefp.o
        32          0          0          0          0         68   llshl.o
        34          0          0          0          0         68   llushr.o
        36          0          0          0          0         60   memcpya.o
        36          0          0          0          0        100   memseta.o
       242          8          0          0          0        168   printf2.o
         0          0          0          4          0          0   stdout.o
        44          0          0          0          0         72   uidiv.o
        40          2          0          0          0         68   cdcmple.o
        56          0          0          0          0         68   d2f.o
       240          6          0          0          0         84   ddiv.o
       236          0          0          0          0        216   depilogue.o
        40          6          0          0          0         68   dflti.o
       208          6          0          0          0         88   dmul.o
       130          0          0          0          0        144   fepilogue.o
        40          0          0          0          0         60   ffixui.o
       122          0          0          0          0         72   fmul.o

    ----------------------------------------------------------------------
      1626         44          0          4          0       1472   Library Totals
         0          0          0          0          0          0   (incl. Padding)

    ----------------------------------------------------------------------

      Code (inc. data)   RO Data    RW Data    ZI Data      Debug   Library Name

       514         24          0          4          0        604   mc_p.l
      1112         20          0          0          0        868   mf_p.l

    ----------------------------------------------------------------------
      1626         44          0          4          0       1472   Library Totals

    ----------------------------------------------------------------------

==============================================================================


      Code (inc. data)   RO Data    RW Data    ZI Data      Debug   

     10112        586        480         44       1148     218576   Grand Totals
     10112        586        480         44       1148     218576   ELF Image Totals
     10112        586        480         44          0          0   ROM Totals

==============================================================================

    Total RO  Size (Code + RO Data)                10592 (  10.34kB)
    Total RW  Size (RW Data + ZI Data)              1192 (   1.16kB)
    Total ROM Size (Code + RO Data + RW Data)      10636 (  10.39kB)

==============================================================================

