<html>
<body>
<pre>
<h1>µVision Build Log</h1>
<h2>Tool Versions:</h2>
IDE-Version: ¦ÌVision V5.35.0.0
Copyright (C) 2021 ARM Ltd and ARM Germany GmbH. All rights reserved.
License Information: 1 1, 1, LIC=D0D7S-LNW8P-II85V-PBNSK-JSC4Y-4UYVL
 
Tool Versions:
Toolchain:       MDK-ARM Plus  Version: 5.35.0.2
Toolchain Path:  C:\Keil_v5\ARM\ARMCC\Bin
C Compiler:      Armcc.exe V5.06 update 7 (build 960)
Assembler:       Armasm.exe V5.06 update 7 (build 960)
Linker/Locator:  ArmLink.exe V5.06 update 7 (build 960)
Library Manager: ArmAr.exe V5.06 update 7 (build 960)
Hex Converter:   FromElf.exe V5.06 update 7 (build 960)
CPU DLL:         SARMCM3.DLL V5.35.0.2
Dialog DLL:      DARMCM1.DLL V1.19.4.0
Target DLL:      Segger\JL2CM3.dll V2.99.40.0
Dialog DLL:      TARMCM1.DLL V1.14.4.0
 
<h2>Project:</h2>
C:\Users\LR\Desktop\DFR1184\MDK-ARM\Project.uvprojx
Project File Date:  07/19/2024

<h2>Output:</h2>
*** Using Compiler 'V5.06 update 7 (build 960)', folder: 'C:\Keil_v5\ARM\ARMCC\Bin'
Build target 'Project'
compiling main.c...
linking...
Program Size: Code=10112 RO-data=480 RW-data=44 ZI-data=1148  
FromELF: creating hex file...
".\Objects\Project.axf" - 0 Error(s), 0 Warning(s).

<h2>Software Packages used:</h2>

Package Vendor: ARM
                http://www.keil.com/pack/ARM.CMSIS.5.8.0.pack
                ARM.CMSIS.5.8.0
                CMSIS (Common Microcontroller Software Interface Standard)
   * Component: CORE Version: 5.5.0

Package Vendor: Chipsea
                
                Chipsea.CS32L010_DFP.1.0.4
                Chipsea Technologies(ShenZhen) CS32L0 Series Device Support, Drivers and Examples
   * Component: ADC Version: 1.0.0
   * Component: AWK Version: 1.0.0
   * Component: BASTIM Version: 1.0.0
   * Component: BEEP Version: 1.0.0
   * Component: CLKTRIM Version: 1.0.0
   * Component: CORTEX Version: 1.0.0
   * Component: CRC Version: 1.0.0
   * Component: FLASH Version: 1.0.0
   * Component: Framework Version: 1.0.0
   * Component: GPIO Version: 1.0.0
   * Component: I2C Version: 1.0.0
   * Component: IWDG Version: 1.0.0
   * Component: LPTIM Version: 1.0.0
   * Component: LPUART Version: 1.0.0
   * Component: LVD Version: 1.0.0
   * Component: OWIRE Version: 1.0.0
   * Component: PCA Version: 1.0.0
   * Component: PWR Version: 1.0.0
   * Component: RCC Version: 1.0.0
   * Component: RTC Version: 1.0.0
   * Component: SPI Version: 1.0.0
   * Component: TIM Version: 1.0.0
   * Component: UART Version: 1.0.0
   * Component: VC Version: 1.0.0
   * Component: WWDG Version: 1.0.0
   * Component: Startup Version: 1.0.0

<h2>Collection of Component include folders:</h2>
  .\RTE\_Project
  C:\Keil_v5\ARM\Packs\ARM\CMSIS\5.8.0\CMSIS\Core\Include
  C:\Keil_v5\ARM\Packs\Chipsea\CS32L010_DFP\1.0.4\Device\HAL_Driver\inc
  C:\Keil_v5\ARM\Packs\Chipsea\CS32L010_DFP\1.0.4\Device\Include

<h2>Collection of Component Files used:</h2>

   * Component: ARM::CMSIS:CORE:5.5.0

   * Component: Chipsea::Device:HAL:ADC:1.0.0
      Include file:  Device\HAL_Driver\inc\cs32l010_hal_adc.h
      Source file:   Device\HAL_Driver\src\cs32l010_hal_adc.c

   * Component: Chipsea::Device:HAL:AWK:1.0.0
      Source file:   Device\HAL_Driver\src\cs32l010_hal_awk.c
      Include file:  Device\HAL_Driver\inc\cs32l010_hal_awk.h

   * Component: Chipsea::Device:HAL:BASTIM:1.0.0
      Source file:   Device\HAL_Driver\src\cs32l010_hal_basetim.c
      Include file:  Device\HAL_Driver\inc\cs32l010_hal_basetim.h

   * Component: Chipsea::Device:HAL:BEEP:1.0.0
      Include file:  Device\HAL_Driver\inc\cs32l010_hal_beep.h
      Source file:   Device\HAL_Driver\src\cs32l010_hal_beep.c

   * Component: Chipsea::Device:HAL:CLKTRIM:1.0.0
      Include file:  Device\HAL_Driver\inc\cs32l010_hal_clktrim.h
      Source file:   Device\HAL_Driver\src\cs32l010_hal_clktrim.c

   * Component: Chipsea::Device:HAL:CORTEX:1.0.0
      Include file:  Device\HAL_Driver\inc\cs32l010_hal_cortex.h
      Source file:   Device\HAL_Driver\src\cs32l010_hal_cortex.c

   * Component: Chipsea::Device:HAL:CRC:1.0.0
      Include file:  Device\HAL_Driver\inc\cs32l010_hal_crc.h
      Source file:   Device\HAL_Driver\src\cs32l010_hal_crc.c

   * Component: Chipsea::Device:HAL:FLASH:1.0.0
      Include file:  Device\HAL_Driver\inc\cs32l010_hal_flash.h
      Source file:   Device\HAL_Driver\src\cs32l010_hal_flash.c

   * Component: Chipsea::Device:HAL:Framework:1.0.0
      Source file:   Device\HAL_Driver\src\cs32l010_hal.c
      Include file:  Device\HAL_Driver\inc\cs32l010_hal.h
      Include file:  Device\HAL_Driver\inc\cs32l010_hal_conf.h

   * Component: Chipsea::Device:HAL:GPIO:1.0.0
      Include file:  Device\HAL_Driver\inc\cs32l010_hal_gpio.h
      Source file:   Device\HAL_Driver\src\cs32l010_hal_gpio.c

   * Component: Chipsea::Device:HAL:I2C:1.0.0
      Include file:  Device\HAL_Driver\inc\cs32l010_hal_i2c.h
      Source file:   Device\HAL_Driver\src\cs32l010_hal_i2c.c

   * Component: Chipsea::Device:HAL:IWDG:1.0.0
      Source file:   Device\HAL_Driver\src\cs32l010_hal_iwdg.c
      Include file:  Device\HAL_Driver\inc\cs32l010_hal_iwdg.h

   * Component: Chipsea::Device:HAL:LPTIM:1.0.0
      Source file:   Device\HAL_Driver\src\cs32l010_hal_lptim.c
      Include file:  Device\HAL_Driver\inc\cs32l010_hal_lptim.h

   * Component: Chipsea::Device:HAL:LPUART:1.0.0
      Source file:   Device\HAL_Driver\src\cs32l010_hal_lpuart.c
      Include file:  Device\HAL_Driver\inc\cs32l010_hal_lpuart.h

   * Component: Chipsea::Device:HAL:LVD:1.0.0
      Include file:  Device\HAL_Driver\inc\cs32l010_hal_lvd.h
      Source file:   Device\HAL_Driver\src\cs32l010_hal_lvd.c

   * Component: Chipsea::Device:HAL:OWIRE:1.0.0
      Include file:  Device\HAL_Driver\inc\cs32l010_hal_owire.h
      Source file:   Device\HAL_Driver\src\cs32l010_hal_owire.c

   * Component: Chipsea::Device:HAL:PCA:1.0.0
      Include file:  Device\HAL_Driver\inc\cs32l010_hal_pca.h
      Source file:   Device\HAL_Driver\src\cs32l010_hal_pca.c

   * Component: Chipsea::Device:HAL:PWR:1.0.0
      Include file:  Device\HAL_Driver\inc\cs32l010_hal_pwr.h
      Source file:   Device\HAL_Driver\src\cs32l010_hal_pwr.c

   * Component: Chipsea::Device:HAL:RCC:1.0.0
      Include file:  Device\HAL_Driver\inc\cs32l010_hal_rcc.h
      Source file:   Device\HAL_Driver\src\cs32l010_hal_rcc.c

   * Component: Chipsea::Device:HAL:RTC:1.0.0
      Source file:   Device\HAL_Driver\src\cs32l010_hal_rtc.c
      Include file:  Device\HAL_Driver\inc\cs32l010_hal_rtc.h

   * Component: Chipsea::Device:HAL:SPI:1.0.0
      Source file:   Device\HAL_Driver\src\cs32l010_hal_spi.c
      Include file:  Device\HAL_Driver\inc\cs32l010_hal_spi.h

   * Component: Chipsea::Device:HAL:TIM:1.0.0
      Source file:   Device\HAL_Driver\src\cs32l010_hal_tim.c
      Include file:  Device\HAL_Driver\inc\cs32l010_hal_tim.h

   * Component: Chipsea::Device:HAL:UART:1.0.0
      Source file:   Device\HAL_Driver\src\cs32l010_hal_uart.c
      Include file:  Device\HAL_Driver\inc\cs32l010_hal_uart.h

   * Component: Chipsea::Device:HAL:VC:1.0.0
      Include file:  Device\HAL_Driver\inc\cs32l010_hal_vc.h
      Source file:   Device\HAL_Driver\src\cs32l010_hal_vc.c

   * Component: Chipsea::Device:HAL:WWDG:1.0.0
      Include file:  Device\HAL_Driver\inc\cs32l010_hal_wwdg.h
      Source file:   Device\HAL_Driver\src\cs32l010_hal_wwdg.c

   * Component: Chipsea::Device:Startup:1.0.0
      Source file:   Device\Source\system_cs32l010.c
      Include file:  Device\Include\cs32l010.h
      Source file:   Device\Source\ARM\startup_cs32l010.s
Build Time Elapsed:  00:00:01
</pre>
</body>
</html>
