<!doctype html public "-//w3c//dtd html 4.0 transitional//en">
<html><head>
<title>Static Call Graph - [.\Objects\Project.axf]</title></head>
<body><HR>
<H1>Static Call Graph for image .\Objects\Project.axf</H1><HR>
<BR><P>#&#060CALLGRAPH&#062# ARM Linker, 5060960: Last Updated: Tue Jul 23 14:28:53 2024
<BR><P>
<H3>Maximum Stack Usage =        336 bytes + Unknown(Untraceable Function Pointers)</H3><H3>
Call chain for Maximum Stack Depth:</H3>
main &rArr; ads1115_get_voltage_val &rArr; ads1115_config_register &rArr; IIC_Write &rArr; Soft_IIC_Write_Byte &rArr; Soft_IIC_Output &rArr; HAL_GPIO_Init
<P>
<H3>
Function Pointers
</H3><UL>
 <LI><a href="#[18]">ADC_IRQHandler</a> from cs32l010_it.o(i.ADC_IRQHandler) referenced from startup_cs32l010.o(RESET)
 <LI><a href="#[1b]">AWK_IRQHandler</a> from cs32l010_it.o(i.AWK_IRQHandler) referenced from startup_cs32l010.o(RESET)
 <LI><a href="#[1e]">CLKTRIM_IRQHandler</a> from cs32l010_it.o(i.CLKTRIM_IRQHandler) referenced from startup_cs32l010.o(RESET)
 <LI><a href="#[a]">FLASH_IRQHandler</a> from cs32l010_it.o(i.FLASH_IRQHandler) referenced from startup_cs32l010.o(RESET)
 <LI><a href="#[6]">GPIOA_IRQHandler</a> from cs32l010_it.o(i.GPIOA_IRQHandler) referenced from startup_cs32l010.o(RESET)
 <LI><a href="#[7]">GPIOB_IRQHandler</a> from cs32l010_it.o(i.GPIOB_IRQHandler) referenced from startup_cs32l010.o(RESET)
 <LI><a href="#[8]">GPIOC_IRQHandler</a> from cs32l010_it.o(i.GPIOC_IRQHandler) referenced from startup_cs32l010.o(RESET)
 <LI><a href="#[9]">GPIOD_IRQHandler</a> from cs32l010_it.o(i.GPIOD_IRQHandler) referenced from startup_cs32l010.o(RESET)
 <LI><a href="#[2]">HardFault_Handler</a> from cs32l010_it.o(i.HardFault_Handler) referenced from startup_cs32l010.o(RESET)
 <LI><a href="#[f]">I2C_IRQHandler</a> from cs32l010_it.o(i.I2C_IRQHandler) referenced from startup_cs32l010.o(RESET)
 <LI><a href="#[17]">IWDG_IRQHandler</a> from cs32l010_it.o(i.IWDG_IRQHandler) referenced from startup_cs32l010.o(RESET)
 <LI><a href="#[12]">LPTIM_IRQHandler</a> from cs32l010_it.o(i.LPTIM_IRQHandler) referenced from startup_cs32l010.o(RESET)
 <LI><a href="#[d]">LPUART_IRQHandler</a> from cs32l010_it.o(i.LPUART_IRQHandler) referenced from startup_cs32l010.o(RESET)
 <LI><a href="#[19]">LVD_IRQHandler</a> from cs32l010_it.o(i.LVD_IRQHandler) referenced from startup_cs32l010.o(RESET)
 <LI><a href="#[1]">NMI_Handler</a> from cs32l010_it.o(i.NMI_Handler) referenced from startup_cs32l010.o(RESET)
 <LI><a href="#[1c]">OWIRE_IRQHandler</a> from cs32l010_it.o(i.OWIRE_IRQHandler) referenced from startup_cs32l010.o(RESET)
 <LI><a href="#[15]">PCA_IRQHandler</a> from cs32l010_it.o(i.PCA_IRQHandler) referenced from startup_cs32l010.o(RESET)
 <LI><a href="#[4]">PendSV_Handler</a> from cs32l010_it.o(i.PendSV_Handler) referenced from startup_cs32l010.o(RESET)
 <LI><a href="#[1d]">RTC_IRQHandler</a> from cs32l010_it.o(i.RTC_IRQHandler) referenced from startup_cs32l010.o(RESET)
 <LI><a href="#[0]">Reset_Handler</a> from startup_cs32l010.o(.text) referenced from startup_cs32l010.o(RESET)
 <LI><a href="#[e]">SPI_IRQHandler</a> from cs32l010_it.o(i.SPI_IRQHandler) referenced from startup_cs32l010.o(RESET)
 <LI><a href="#[3]">SVC_Handler</a> from cs32l010_it.o(i.SVC_Handler) referenced from startup_cs32l010.o(RESET)
 <LI><a href="#[5]">SysTick_Handler</a> from cs32l010_it.o(i.SysTick_Handler) referenced from startup_cs32l010.o(RESET)
 <LI><a href="#[20]">SystemInit</a> from system_cs32l010.o(i.SystemInit) referenced from startup_cs32l010.o(.text)
 <LI><a href="#[10]">TIM10_IRQHandler</a> from cs32l010_it.o(i.TIM10_IRQHandler) referenced from startup_cs32l010.o(RESET)
 <LI><a href="#[11]">TIM11_IRQHandler</a> from cs32l010_it.o(i.TIM11_IRQHandler) referenced from startup_cs32l010.o(RESET)
 <LI><a href="#[13]">TIM1_IRQHandler</a> from cs32l010_it.o(i.TIM1_IRQHandler) referenced from startup_cs32l010.o(RESET)
 <LI><a href="#[14]">TIM2_IRQHandler</a> from cs32l010_it.o(i.TIM2_IRQHandler) referenced from startup_cs32l010.o(RESET)
 <LI><a href="#[b]">UART0_IRQHandler</a> from cs32l010_it.o(i.UART0_IRQHandler) referenced from startup_cs32l010.o(RESET)
 <LI><a href="#[c]">UART1_IRQHandler</a> from cs32l010_it.o(i.UART1_IRQHandler) referenced from startup_cs32l010.o(RESET)
 <LI><a href="#[1a]">VC_IRQHandler</a> from cs32l010_it.o(i.VC_IRQHandler) referenced from startup_cs32l010.o(RESET)
 <LI><a href="#[16]">WWDG_IRQHandler</a> from cs32l010_it.o(i.WWDG_IRQHandler) referenced from startup_cs32l010.o(RESET)
 <LI><a href="#[21]">__main</a> from entry.o(.ARM.Collect$$$$00000000) referenced from startup_cs32l010.o(.text)
 <LI><a href="#[22]">fputc</a> from log.o(i.fputc) referenced from printf2.o(i.__0printf$2)
 <LI><a href="#[1f]">main</a> from main.o(i.main) referenced from entry9a.o(.ARM.Collect$$$$0000000B)
</UL>
<P>
<H3>
Global Symbols
</H3>
<P><STRONG><a name="[21]"></a>__main</STRONG> (Thumb, 0 bytes, Stack size unknown bytes, entry.o(.ARM.Collect$$$$00000000))
<BR>[Address Reference Count : 1]<UL><LI> startup_cs32l010.o(.text)
</UL>
<P><STRONG><a name="[86]"></a>_main_stk</STRONG> (Thumb, 0 bytes, Stack size unknown bytes, entry2.o(.ARM.Collect$$$$00000001))

<P><STRONG><a name="[23]"></a>_main_scatterload</STRONG> (Thumb, 0 bytes, Stack size unknown bytes, entry5.o(.ARM.Collect$$$$00000004))
<BR><BR>[Calls]<UL><LI><a href="#[24]">&gt;&gt;</a>&nbsp;&nbsp;&nbsp;__scatterload
</UL>

<P><STRONG><a name="[34]"></a>__main_after_scatterload</STRONG> (Thumb, 0 bytes, Stack size unknown bytes, entry5.o(.ARM.Collect$$$$00000004))
<BR><BR>[Called By]<UL><LI><a href="#[24]">&gt;&gt;</a>&nbsp;&nbsp;&nbsp;__scatterload
</UL>

<P><STRONG><a name="[87]"></a>_main_clock</STRONG> (Thumb, 0 bytes, Stack size unknown bytes, entry7b.o(.ARM.Collect$$$$00000008))

<P><STRONG><a name="[88]"></a>_main_cpp_init</STRONG> (Thumb, 0 bytes, Stack size unknown bytes, entry8b.o(.ARM.Collect$$$$0000000A))

<P><STRONG><a name="[89]"></a>_main_init</STRONG> (Thumb, 0 bytes, Stack size unknown bytes, entry9a.o(.ARM.Collect$$$$0000000B))

<P><STRONG><a name="[25]"></a>__rt_lib_shutdown_fini</STRONG> (Thumb, 0 bytes, Stack size unknown bytes, entry12b.o(.ARM.Collect$$$$0000000E))
<BR><BR>[Calls]<UL><LI><a href="#[26]">&gt;&gt;</a>&nbsp;&nbsp;&nbsp;__arm_fini_ (Weak Reference)
</UL>

<P><STRONG><a name="[8a]"></a>__rt_final_cpp</STRONG> (Thumb, 0 bytes, Stack size unknown bytes, entry10a.o(.ARM.Collect$$$$0000000F))

<P><STRONG><a name="[8b]"></a>__rt_final_exit</STRONG> (Thumb, 0 bytes, Stack size unknown bytes, entry11a.o(.ARM.Collect$$$$00000011))

<P><STRONG><a name="[0]"></a>Reset_Handler</STRONG> (Thumb, 8 bytes, Stack size 0 bytes, startup_cs32l010.o(.text))
<BR>[Address Reference Count : 1]<UL><LI> startup_cs32l010.o(RESET)
</UL>
<P><STRONG><a name="[8c]"></a>__aeabi_uidiv</STRONG> (Thumb, 0 bytes, Stack size 12 bytes, uidiv.o(.text), UNUSED)

<P><STRONG><a name="[44]"></a>__aeabi_uidivmod</STRONG> (Thumb, 44 bytes, Stack size 12 bytes, uidiv.o(.text))
<BR><BR>[Stack]<UL><LI>Max Depth = 12<LI>Call Chain = __aeabi_uidivmod
</UL>
<BR>[Called By]<UL><LI><a href="#[43]">&gt;&gt;</a>&nbsp;&nbsp;&nbsp;HAL_RCC_GetPCLKFreq
<LI><a href="#[51]">&gt;&gt;</a>&nbsp;&nbsp;&nbsp;HAL_RCC_ClockConfig
<LI><a href="#[1f]">&gt;&gt;</a>&nbsp;&nbsp;&nbsp;main
<LI><a href="#[4c]">&gt;&gt;</a>&nbsp;&nbsp;&nbsp;HAL_InitTick
<LI><a href="#[41]">&gt;&gt;</a>&nbsp;&nbsp;&nbsp;HAL_I2C_Init
<LI><a href="#[55]">&gt;&gt;</a>&nbsp;&nbsp;&nbsp;RCC_Delay
<LI><a href="#[5c]">&gt;&gt;</a>&nbsp;&nbsp;&nbsp;UART_SetConfig
</UL>

<P><STRONG><a name="[33]"></a>__aeabi_llsr</STRONG> (Thumb, 34 bytes, Stack size 8 bytes, llushr.o(.text))
<BR><BR>[Stack]<UL><LI>Max Depth = 8<LI>Call Chain = __aeabi_llsr
</UL>
<BR>[Called By]<UL><LI><a href="#[2b]">&gt;&gt;</a>&nbsp;&nbsp;&nbsp;_double_epilogue
</UL>

<P><STRONG><a name="[8d]"></a>_ll_ushift_r</STRONG> (Thumb, 0 bytes, Stack size 8 bytes, llushr.o(.text), UNUSED)

<P><STRONG><a name="[8e]"></a>__aeabi_memcpy</STRONG> (Thumb, 36 bytes, Stack size 0 bytes, memcpya.o(.text), UNUSED)

<P><STRONG><a name="[7b]"></a>__aeabi_memcpy4</STRONG> (Thumb, 0 bytes, Stack size 0 bytes, memcpya.o(.text))
<BR><BR>[Called By]<UL><LI><a href="#[7a]">&gt;&gt;</a>&nbsp;&nbsp;&nbsp;ads1115_get_voltage_val
<LI><a href="#[1f]">&gt;&gt;</a>&nbsp;&nbsp;&nbsp;main
</UL>

<P><STRONG><a name="[8f]"></a>__aeabi_memcpy8</STRONG> (Thumb, 0 bytes, Stack size 0 bytes, memcpya.o(.text), UNUSED)

<P><STRONG><a name="[28]"></a>__aeabi_memset</STRONG> (Thumb, 14 bytes, Stack size 0 bytes, memseta.o(.text), UNUSED)
<BR><BR>[Called By]<UL><LI><a href="#[29]">&gt;&gt;</a>&nbsp;&nbsp;&nbsp;_memset$wrapper
<LI><a href="#[27]">&gt;&gt;</a>&nbsp;&nbsp;&nbsp;__aeabi_memclr
</UL>

<P><STRONG><a name="[90]"></a>__aeabi_memset4</STRONG> (Thumb, 0 bytes, Stack size 0 bytes, memseta.o(.text), UNUSED)

<P><STRONG><a name="[91]"></a>__aeabi_memset8</STRONG> (Thumb, 0 bytes, Stack size 0 bytes, memseta.o(.text), UNUSED)

<P><STRONG><a name="[27]"></a>__aeabi_memclr</STRONG> (Thumb, 4 bytes, Stack size 0 bytes, memseta.o(.text), UNUSED)
<BR><BR>[Calls]<UL><LI><a href="#[28]">&gt;&gt;</a>&nbsp;&nbsp;&nbsp;__aeabi_memset
</UL>

<P><STRONG><a name="[36]"></a>__aeabi_memclr4</STRONG> (Thumb, 0 bytes, Stack size 0 bytes, memseta.o(.text))
<BR><BR>[Called By]<UL><LI><a href="#[68]">&gt;&gt;</a>&nbsp;&nbsp;&nbsp;SerialInit
<LI><a href="#[81]">&gt;&gt;</a>&nbsp;&nbsp;&nbsp;i2cInitSlave
<LI><a href="#[35]">&gt;&gt;</a>&nbsp;&nbsp;&nbsp;Ads1115_I2C_Init
<LI><a href="#[74]">&gt;&gt;</a>&nbsp;&nbsp;&nbsp;SystemClock_Config
</UL>

<P><STRONG><a name="[92]"></a>__aeabi_memclr8</STRONG> (Thumb, 0 bytes, Stack size 0 bytes, memseta.o(.text), UNUSED)

<P><STRONG><a name="[29]"></a>_memset$wrapper</STRONG> (Thumb, 18 bytes, Stack size 8 bytes, memseta.o(.text), UNUSED)
<BR><BR>[Calls]<UL><LI><a href="#[28]">&gt;&gt;</a>&nbsp;&nbsp;&nbsp;__aeabi_memset
</UL>

<P><STRONG><a name="[83]"></a>__aeabi_fmul</STRONG> (Thumb, 122 bytes, Stack size 16 bytes, fmul.o(.text))
<BR><BR>[Stack]<UL><LI>Max Depth = 16<LI>Call Chain = __aeabi_fmul
</UL>
<BR>[Called By]<UL><LI><a href="#[1f]">&gt;&gt;</a>&nbsp;&nbsp;&nbsp;main
</UL>

<P><STRONG><a name="[2a]"></a>__aeabi_dmul</STRONG> (Thumb, 202 bytes, Stack size 72 bytes, dmul.o(.text))
<BR><BR>[Stack]<UL><LI>Max Depth = 128<LI>Call Chain = __aeabi_dmul &rArr; _double_epilogue &rArr; __aeabi_llsr
</UL>
<BR>[Calls]<UL><LI><a href="#[2b]">&gt;&gt;</a>&nbsp;&nbsp;&nbsp;_double_epilogue
</UL>
<BR>[Called By]<UL><LI><a href="#[7a]">&gt;&gt;</a>&nbsp;&nbsp;&nbsp;ads1115_get_voltage_val
</UL>

<P><STRONG><a name="[2c]"></a>__aeabi_ddiv</STRONG> (Thumb, 234 bytes, Stack size 40 bytes, ddiv.o(.text))
<BR><BR>[Stack]<UL><LI>Max Depth = 48<LI>Call Chain = __aeabi_ddiv &rArr; _double_round
</UL>
<BR>[Calls]<UL><LI><a href="#[2d]">&gt;&gt;</a>&nbsp;&nbsp;&nbsp;_double_round
</UL>
<BR>[Called By]<UL><LI><a href="#[7a]">&gt;&gt;</a>&nbsp;&nbsp;&nbsp;ads1115_get_voltage_val
</UL>

<P><STRONG><a name="[2e]"></a>__aeabi_i2d</STRONG> (Thumb, 34 bytes, Stack size 16 bytes, dflti.o(.text))
<BR><BR>[Stack]<UL><LI>Max Depth = 72<LI>Call Chain = __aeabi_i2d &rArr; _double_epilogue &rArr; __aeabi_llsr
</UL>
<BR>[Calls]<UL><LI><a href="#[2b]">&gt;&gt;</a>&nbsp;&nbsp;&nbsp;_double_epilogue
</UL>
<BR>[Called By]<UL><LI><a href="#[7a]">&gt;&gt;</a>&nbsp;&nbsp;&nbsp;ads1115_get_voltage_val
</UL>

<P><STRONG><a name="[84]"></a>__aeabi_f2uiz</STRONG> (Thumb, 40 bytes, Stack size 0 bytes, ffixui.o(.text))
<BR><BR>[Called By]<UL><LI><a href="#[1f]">&gt;&gt;</a>&nbsp;&nbsp;&nbsp;main
</UL>

<P><STRONG><a name="[93]"></a>__aeabi_cdcmpeq</STRONG> (Thumb, 0 bytes, Stack size 0 bytes, cdcmple.o(.text), UNUSED)

<P><STRONG><a name="[7f]"></a>__aeabi_cdcmple</STRONG> (Thumb, 38 bytes, Stack size 0 bytes, cdcmple.o(.text))
<BR><BR>[Called By]<UL><LI><a href="#[7a]">&gt;&gt;</a>&nbsp;&nbsp;&nbsp;ads1115_get_voltage_val
</UL>

<P><STRONG><a name="[2f]"></a>__aeabi_d2f</STRONG> (Thumb, 56 bytes, Stack size 8 bytes, d2f.o(.text))
<BR><BR>[Stack]<UL><LI>Max Depth = 8<LI>Call Chain = __aeabi_d2f
</UL>
<BR>[Calls]<UL><LI><a href="#[30]">&gt;&gt;</a>&nbsp;&nbsp;&nbsp;_float_round
</UL>
<BR>[Called By]<UL><LI><a href="#[1f]">&gt;&gt;</a>&nbsp;&nbsp;&nbsp;main
</UL>

<P><STRONG><a name="[94]"></a>__I$use$fp</STRONG> (Thumb, 0 bytes, Stack size 0 bytes, iusefp.o(.text), UNUSED)

<P><STRONG><a name="[30]"></a>_float_round</STRONG> (Thumb, 16 bytes, Stack size 0 bytes, fepilogue.o(.text))
<BR><BR>[Called By]<UL><LI><a href="#[2f]">&gt;&gt;</a>&nbsp;&nbsp;&nbsp;__aeabi_d2f
</UL>

<P><STRONG><a name="[95]"></a>_float_epilogue</STRONG> (Thumb, 114 bytes, Stack size 12 bytes, fepilogue.o(.text), UNUSED)

<P><STRONG><a name="[2d]"></a>_double_round</STRONG> (Thumb, 26 bytes, Stack size 8 bytes, depilogue.o(.text))
<BR><BR>[Stack]<UL><LI>Max Depth = 8<LI>Call Chain = _double_round
</UL>
<BR>[Called By]<UL><LI><a href="#[2c]">&gt;&gt;</a>&nbsp;&nbsp;&nbsp;__aeabi_ddiv
<LI><a href="#[2b]">&gt;&gt;</a>&nbsp;&nbsp;&nbsp;_double_epilogue
</UL>

<P><STRONG><a name="[2b]"></a>_double_epilogue</STRONG> (Thumb, 164 bytes, Stack size 48 bytes, depilogue.o(.text))
<BR><BR>[Stack]<UL><LI>Max Depth = 56<LI>Call Chain = _double_epilogue &rArr; __aeabi_llsr
</UL>
<BR>[Calls]<UL><LI><a href="#[33]">&gt;&gt;</a>&nbsp;&nbsp;&nbsp;__aeabi_llsr
<LI><a href="#[32]">&gt;&gt;</a>&nbsp;&nbsp;&nbsp;__aeabi_llsl
<LI><a href="#[31]">&gt;&gt;</a>&nbsp;&nbsp;&nbsp;__ARM_clz
<LI><a href="#[2d]">&gt;&gt;</a>&nbsp;&nbsp;&nbsp;_double_round
</UL>
<BR>[Called By]<UL><LI><a href="#[2e]">&gt;&gt;</a>&nbsp;&nbsp;&nbsp;__aeabi_i2d
<LI><a href="#[2a]">&gt;&gt;</a>&nbsp;&nbsp;&nbsp;__aeabi_dmul
</UL>

<P><STRONG><a name="[24]"></a>__scatterload</STRONG> (Thumb, 28 bytes, Stack size 0 bytes, init.o(.text))
<BR><BR>[Calls]<UL><LI><a href="#[34]">&gt;&gt;</a>&nbsp;&nbsp;&nbsp;__main_after_scatterload
</UL>
<BR>[Called By]<UL><LI><a href="#[23]">&gt;&gt;</a>&nbsp;&nbsp;&nbsp;_main_scatterload
</UL>

<P><STRONG><a name="[96]"></a>__scatterload_rt2</STRONG> (Thumb, 0 bytes, Stack size 0 bytes, init.o(.text), UNUSED)

<P><STRONG><a name="[32]"></a>__aeabi_llsl</STRONG> (Thumb, 32 bytes, Stack size 8 bytes, llshl.o(.text))
<BR><BR>[Stack]<UL><LI>Max Depth = 8<LI>Call Chain = __aeabi_llsl
</UL>
<BR>[Called By]<UL><LI><a href="#[2b]">&gt;&gt;</a>&nbsp;&nbsp;&nbsp;_double_epilogue
</UL>

<P><STRONG><a name="[97]"></a>_ll_shift_l</STRONG> (Thumb, 0 bytes, Stack size 8 bytes, llshl.o(.text), UNUSED)

<P><STRONG><a name="[18]"></a>ADC_IRQHandler</STRONG> (Thumb, 2 bytes, Stack size 0 bytes, cs32l010_it.o(i.ADC_IRQHandler))
<BR>[Address Reference Count : 1]<UL><LI> startup_cs32l010.o(RESET)
</UL>
<P><STRONG><a name="[1b]"></a>AWK_IRQHandler</STRONG> (Thumb, 2 bytes, Stack size 0 bytes, cs32l010_it.o(i.AWK_IRQHandler))
<BR>[Address Reference Count : 1]<UL><LI> startup_cs32l010.o(RESET)
</UL>
<P><STRONG><a name="[35]"></a>Ads1115_I2C_Init</STRONG> (Thumb, 128 bytes, Stack size 64 bytes, ads1115.o(i.Ads1115_I2C_Init))
<BR><BR>[Stack]<UL><LI>Max Depth = 88<LI>Call Chain = Ads1115_I2C_Init &rArr; HAL_GPIO_Init
</UL>
<BR>[Calls]<UL><LI><a href="#[37]">&gt;&gt;</a>&nbsp;&nbsp;&nbsp;HAL_GPIO_Init
<LI><a href="#[36]">&gt;&gt;</a>&nbsp;&nbsp;&nbsp;__aeabi_memclr4
</UL>
<BR>[Called By]<UL><LI><a href="#[1f]">&gt;&gt;</a>&nbsp;&nbsp;&nbsp;main
</UL>

<P><STRONG><a name="[1e]"></a>CLKTRIM_IRQHandler</STRONG> (Thumb, 2 bytes, Stack size 0 bytes, cs32l010_it.o(i.CLKTRIM_IRQHandler))
<BR>[Address Reference Count : 1]<UL><LI> startup_cs32l010.o(RESET)
</UL>
<P><STRONG><a name="[75]"></a>Error_Handler</STRONG> (Thumb, 2 bytes, Stack size 0 bytes, main.o(i.Error_Handler))
<BR><BR>[Called By]<UL><LI><a href="#[74]">&gt;&gt;</a>&nbsp;&nbsp;&nbsp;SystemClock_Config
</UL>

<P><STRONG><a name="[a]"></a>FLASH_IRQHandler</STRONG> (Thumb, 2 bytes, Stack size 0 bytes, cs32l010_it.o(i.FLASH_IRQHandler))
<BR>[Address Reference Count : 1]<UL><LI> startup_cs32l010.o(RESET)
</UL>
<P><STRONG><a name="[6]"></a>GPIOA_IRQHandler</STRONG> (Thumb, 2 bytes, Stack size 0 bytes, cs32l010_it.o(i.GPIOA_IRQHandler))
<BR>[Address Reference Count : 1]<UL><LI> startup_cs32l010.o(RESET)
</UL>
<P><STRONG><a name="[7]"></a>GPIOB_IRQHandler</STRONG> (Thumb, 2 bytes, Stack size 0 bytes, cs32l010_it.o(i.GPIOB_IRQHandler))
<BR>[Address Reference Count : 1]<UL><LI> startup_cs32l010.o(RESET)
</UL>
<P><STRONG><a name="[8]"></a>GPIOC_IRQHandler</STRONG> (Thumb, 2 bytes, Stack size 0 bytes, cs32l010_it.o(i.GPIOC_IRQHandler))
<BR>[Address Reference Count : 1]<UL><LI> startup_cs32l010.o(RESET)
</UL>
<P><STRONG><a name="[9]"></a>GPIOD_IRQHandler</STRONG> (Thumb, 2 bytes, Stack size 0 bytes, cs32l010_it.o(i.GPIOD_IRQHandler))
<BR>[Address Reference Count : 1]<UL><LI> startup_cs32l010.o(RESET)
</UL>
<P><STRONG><a name="[38]"></a>HAL_Delay</STRONG> (Thumb, 38 bytes, Stack size 16 bytes, cs32l010_hal.o(i.HAL_Delay))
<BR><BR>[Stack]<UL><LI>Max Depth = 16<LI>Call Chain = HAL_Delay
</UL>
<BR>[Calls]<UL><LI><a href="#[39]">&gt;&gt;</a>&nbsp;&nbsp;&nbsp;HAL_GetTick
</UL>
<BR>[Called By]<UL><LI><a href="#[7a]">&gt;&gt;</a>&nbsp;&nbsp;&nbsp;ads1115_get_voltage_val
<LI><a href="#[1f]">&gt;&gt;</a>&nbsp;&nbsp;&nbsp;main
</UL>

<P><STRONG><a name="[37]"></a>HAL_GPIO_Init</STRONG> (Thumb, 636 bytes, Stack size 24 bytes, cs32l010_hal_gpio.o(i.HAL_GPIO_Init))
<BR><BR>[Stack]<UL><LI>Max Depth = 24<LI>Call Chain = HAL_GPIO_Init
</UL>
<BR>[Called By]<UL><LI><a href="#[6b]">&gt;&gt;</a>&nbsp;&nbsp;&nbsp;Soft_IIC_Output
<LI><a href="#[6d]">&gt;&gt;</a>&nbsp;&nbsp;&nbsp;Soft_IIC_Input
<LI><a href="#[68]">&gt;&gt;</a>&nbsp;&nbsp;&nbsp;SerialInit
<LI><a href="#[81]">&gt;&gt;</a>&nbsp;&nbsp;&nbsp;i2cInitSlave
<LI><a href="#[35]">&gt;&gt;</a>&nbsp;&nbsp;&nbsp;Ads1115_I2C_Init
<LI><a href="#[82]">&gt;&gt;</a>&nbsp;&nbsp;&nbsp;key_init
</UL>

<P><STRONG><a name="[70]"></a>HAL_GPIO_ReadPin</STRONG> (Thumb, 18 bytes, Stack size 0 bytes, cs32l010_hal_gpio.o(i.HAL_GPIO_ReadPin))
<BR><BR>[Called By]<UL><LI><a href="#[64]">&gt;&gt;</a>&nbsp;&nbsp;&nbsp;Soft_IIC_Wait_ACK
<LI><a href="#[6f]">&gt;&gt;</a>&nbsp;&nbsp;&nbsp;Soft_IIC_Recv_Byte
<LI><a href="#[1f]">&gt;&gt;</a>&nbsp;&nbsp;&nbsp;main
</UL>

<P><STRONG><a name="[6c]"></a>HAL_GPIO_WritePin</STRONG> (Thumb, 12 bytes, Stack size 0 bytes, cs32l010_hal_gpio.o(i.HAL_GPIO_WritePin))
<BR><BR>[Called By]<UL><LI><a href="#[72]">&gt;&gt;</a>&nbsp;&nbsp;&nbsp;Soft_IIC_Write_Low
<LI><a href="#[71]">&gt;&gt;</a>&nbsp;&nbsp;&nbsp;Soft_IIC_Write_High
<LI><a href="#[64]">&gt;&gt;</a>&nbsp;&nbsp;&nbsp;Soft_IIC_Wait_ACK
<LI><a href="#[65]">&gt;&gt;</a>&nbsp;&nbsp;&nbsp;Soft_IIC_Stop
<LI><a href="#[62]">&gt;&gt;</a>&nbsp;&nbsp;&nbsp;Soft_IIC_Start
<LI><a href="#[6f]">&gt;&gt;</a>&nbsp;&nbsp;&nbsp;Soft_IIC_Recv_Byte
<LI><a href="#[6e]">&gt;&gt;</a>&nbsp;&nbsp;&nbsp;Soft_IIC_NACK
<LI><a href="#[6a]">&gt;&gt;</a>&nbsp;&nbsp;&nbsp;Soft_IIC_ACK
</UL>

<P><STRONG><a name="[39]"></a>HAL_GetTick</STRONG> (Thumb, 6 bytes, Stack size 0 bytes, cs32l010_hal.o(i.HAL_GetTick))
<BR><BR>[Called By]<UL><LI><a href="#[5f]">&gt;&gt;</a>&nbsp;&nbsp;&nbsp;HAL_UART_Transmit
<LI><a href="#[54]">&gt;&gt;</a>&nbsp;&nbsp;&nbsp;HAL_RCC_OscConfig
<LI><a href="#[51]">&gt;&gt;</a>&nbsp;&nbsp;&nbsp;HAL_RCC_ClockConfig
<LI><a href="#[38]">&gt;&gt;</a>&nbsp;&nbsp;&nbsp;HAL_Delay
<LI><a href="#[48]">&gt;&gt;</a>&nbsp;&nbsp;&nbsp;HAL_I2C_Wait_Flag
<LI><a href="#[60]">&gt;&gt;</a>&nbsp;&nbsp;&nbsp;UART_WaitOnFlagUntilTimeout
</UL>

<P><STRONG><a name="[49]"></a>HAL_I2C_ACK_Config</STRONG> (Thumb, 32 bytes, Stack size 0 bytes, cs32l010_hal_i2c.o(i.HAL_I2C_ACK_Config))
<BR><BR>[Called By]<UL><LI><a href="#[40]">&gt;&gt;</a>&nbsp;&nbsp;&nbsp;HAL_I2C_SlaveCallback
</UL>

<P><STRONG><a name="[3a]"></a>HAL_I2C_Check_Flag</STRONG> (Thumb, 30 bytes, Stack size 12 bytes, cs32l010_hal_i2c.o(i.HAL_I2C_Check_Flag))
<BR><BR>[Stack]<UL><LI>Max Depth = 12<LI>Call Chain = HAL_I2C_Check_Flag
</UL>
<BR>[Calls]<UL><LI><a href="#[3b]">&gt;&gt;</a>&nbsp;&nbsp;&nbsp;HAL_I2C_Get_Interrupt_Flag
</UL>
<BR>[Called By]<UL><LI><a href="#[48]">&gt;&gt;</a>&nbsp;&nbsp;&nbsp;HAL_I2C_Wait_Flag
</UL>

<P><STRONG><a name="[45]"></a>HAL_I2C_Clear_Interrupt_Flag</STRONG> (Thumb, 14 bytes, Stack size 0 bytes, cs32l010_hal_i2c.o(i.HAL_I2C_Clear_Interrupt_Flag))
<BR><BR>[Called By]<UL><LI><a href="#[46]">&gt;&gt;</a>&nbsp;&nbsp;&nbsp;HAL_I2C_Send_Byte
<LI><a href="#[41]">&gt;&gt;</a>&nbsp;&nbsp;&nbsp;HAL_I2C_Init
<LI><a href="#[40]">&gt;&gt;</a>&nbsp;&nbsp;&nbsp;HAL_I2C_SlaveCallback
</UL>

<P><STRONG><a name="[3c]"></a>HAL_I2C_DeInit</STRONG> (Thumb, 58 bytes, Stack size 8 bytes, cs32l010_hal_i2c.o(i.HAL_I2C_DeInit))
<BR><BR>[Stack]<UL><LI>Max Depth = 8<LI>Call Chain = HAL_I2C_DeInit
</UL>
<BR>[Calls]<UL><LI><a href="#[3d]">&gt;&gt;</a>&nbsp;&nbsp;&nbsp;HAL_I2C_MspDeInit
</UL>
<BR>[Called By]<UL><LI><a href="#[1f]">&gt;&gt;</a>&nbsp;&nbsp;&nbsp;main
</UL>

<P><STRONG><a name="[3b]"></a>HAL_I2C_Get_Interrupt_Flag</STRONG> (Thumb, 14 bytes, Stack size 0 bytes, cs32l010_hal_i2c.o(i.HAL_I2C_Get_Interrupt_Flag))
<BR><BR>[Called By]<UL><LI><a href="#[3a]">&gt;&gt;</a>&nbsp;&nbsp;&nbsp;HAL_I2C_Check_Flag
</UL>

<P><STRONG><a name="[3e]"></a>HAL_I2C_IRQHandler</STRONG> (Thumb, 26 bytes, Stack size 16 bytes, cs32l010_hal_i2c.o(i.HAL_I2C_IRQHandler))
<BR><BR>[Stack]<UL><LI>Max Depth = 76<LI>Call Chain = HAL_I2C_IRQHandler &rArr; HAL_I2C_SlaveCallback &rArr; HAL_I2C_Wait_Flag &rArr; HAL_I2C_Check_Flag
</UL>
<BR>[Calls]<UL><LI><a href="#[40]">&gt;&gt;</a>&nbsp;&nbsp;&nbsp;HAL_I2C_SlaveCallback
<LI><a href="#[3f]">&gt;&gt;</a>&nbsp;&nbsp;&nbsp;HAL_I2C_MasterCallback
</UL>
<BR>[Called By]<UL><LI><a href="#[f]">&gt;&gt;</a>&nbsp;&nbsp;&nbsp;I2C_IRQHandler
</UL>

<P><STRONG><a name="[41]"></a>HAL_I2C_Init</STRONG> (Thumb, 242 bytes, Stack size 16 bytes, cs32l010_hal_i2c.o(i.HAL_I2C_Init))
<BR><BR>[Stack]<UL><LI>Max Depth = 36<LI>Call Chain = HAL_I2C_Init &rArr; HAL_RCC_GetPCLKFreq &rArr; __aeabi_uidivmod
</UL>
<BR>[Calls]<UL><LI><a href="#[43]">&gt;&gt;</a>&nbsp;&nbsp;&nbsp;HAL_RCC_GetPCLKFreq
<LI><a href="#[45]">&gt;&gt;</a>&nbsp;&nbsp;&nbsp;HAL_I2C_Clear_Interrupt_Flag
<LI><a href="#[42]">&gt;&gt;</a>&nbsp;&nbsp;&nbsp;HAL_I2C_MspInit
<LI><a href="#[44]">&gt;&gt;</a>&nbsp;&nbsp;&nbsp;__aeabi_uidivmod
</UL>
<BR>[Called By]<UL><LI><a href="#[81]">&gt;&gt;</a>&nbsp;&nbsp;&nbsp;i2cInitSlave
</UL>

<P><STRONG><a name="[3f]"></a>HAL_I2C_MasterCallback</STRONG> (Thumb, 2 bytes, Stack size 0 bytes, cs32l010_hal_i2c.o(i.HAL_I2C_MasterCallback))
<BR><BR>[Called By]<UL><LI><a href="#[3e]">&gt;&gt;</a>&nbsp;&nbsp;&nbsp;HAL_I2C_IRQHandler
</UL>

<P><STRONG><a name="[3d]"></a>HAL_I2C_MspDeInit</STRONG> (Thumb, 2 bytes, Stack size 0 bytes, cs32l010_hal_i2c.o(i.HAL_I2C_MspDeInit))
<BR><BR>[Called By]<UL><LI><a href="#[3c]">&gt;&gt;</a>&nbsp;&nbsp;&nbsp;HAL_I2C_DeInit
</UL>

<P><STRONG><a name="[42]"></a>HAL_I2C_MspInit</STRONG> (Thumb, 2 bytes, Stack size 0 bytes, cs32l010_hal_i2c.o(i.HAL_I2C_MspInit))
<BR><BR>[Called By]<UL><LI><a href="#[41]">&gt;&gt;</a>&nbsp;&nbsp;&nbsp;HAL_I2C_Init
</UL>

<P><STRONG><a name="[46]"></a>HAL_I2C_Send_Byte</STRONG> (Thumb, 18 bytes, Stack size 8 bytes, cs32l010_hal_i2c.o(i.HAL_I2C_Send_Byte))
<BR><BR>[Stack]<UL><LI>Max Depth = 8<LI>Call Chain = HAL_I2C_Send_Byte
</UL>
<BR>[Calls]<UL><LI><a href="#[45]">&gt;&gt;</a>&nbsp;&nbsp;&nbsp;HAL_I2C_Clear_Interrupt_Flag
</UL>
<BR>[Called By]<UL><LI><a href="#[40]">&gt;&gt;</a>&nbsp;&nbsp;&nbsp;HAL_I2C_SlaveCallback
</UL>

<P><STRONG><a name="[40]"></a>HAL_I2C_SlaveCallback</STRONG> (Thumb, 346 bytes, Stack size 16 bytes, dfrobot_i2c_slave.o(i.HAL_I2C_SlaveCallback))
<BR><BR>[Stack]<UL><LI>Max Depth = 60<LI>Call Chain = HAL_I2C_SlaveCallback &rArr; HAL_I2C_Wait_Flag &rArr; HAL_I2C_Check_Flag
</UL>
<BR>[Calls]<UL><LI><a href="#[4a]">&gt;&gt;</a>&nbsp;&nbsp;&nbsp;HAL_NVIC_EnableIRQ
<LI><a href="#[47]">&gt;&gt;</a>&nbsp;&nbsp;&nbsp;HAL_NVIC_DisableIRQ
<LI><a href="#[48]">&gt;&gt;</a>&nbsp;&nbsp;&nbsp;HAL_I2C_Wait_Flag
<LI><a href="#[46]">&gt;&gt;</a>&nbsp;&nbsp;&nbsp;HAL_I2C_Send_Byte
<LI><a href="#[45]">&gt;&gt;</a>&nbsp;&nbsp;&nbsp;HAL_I2C_Clear_Interrupt_Flag
<LI><a href="#[49]">&gt;&gt;</a>&nbsp;&nbsp;&nbsp;HAL_I2C_ACK_Config
</UL>
<BR>[Called By]<UL><LI><a href="#[3e]">&gt;&gt;</a>&nbsp;&nbsp;&nbsp;HAL_I2C_IRQHandler
</UL>

<P><STRONG><a name="[48]"></a>HAL_I2C_Wait_Flag</STRONG> (Thumb, 58 bytes, Stack size 32 bytes, cs32l010_hal_i2c.o(i.HAL_I2C_Wait_Flag))
<BR><BR>[Stack]<UL><LI>Max Depth = 44<LI>Call Chain = HAL_I2C_Wait_Flag &rArr; HAL_I2C_Check_Flag
</UL>
<BR>[Calls]<UL><LI><a href="#[39]">&gt;&gt;</a>&nbsp;&nbsp;&nbsp;HAL_GetTick
<LI><a href="#[3a]">&gt;&gt;</a>&nbsp;&nbsp;&nbsp;HAL_I2C_Check_Flag
</UL>
<BR>[Called By]<UL><LI><a href="#[40]">&gt;&gt;</a>&nbsp;&nbsp;&nbsp;HAL_I2C_SlaveCallback
</UL>

<P><STRONG><a name="[73]"></a>HAL_IncTick</STRONG> (Thumb, 16 bytes, Stack size 0 bytes, cs32l010_hal.o(i.HAL_IncTick))
<BR><BR>[Called By]<UL><LI><a href="#[5]">&gt;&gt;</a>&nbsp;&nbsp;&nbsp;SysTick_Handler
</UL>

<P><STRONG><a name="[4b]"></a>HAL_Init</STRONG> (Thumb, 16 bytes, Stack size 8 bytes, cs32l010_hal.o(i.HAL_Init))
<BR><BR>[Stack]<UL><LI>Max Depth = 48<LI>Call Chain = HAL_Init &rArr; HAL_InitTick &rArr; HAL_NVIC_SetPriority &rArr; NVIC_SetPriority
</UL>
<BR>[Calls]<UL><LI><a href="#[4d]">&gt;&gt;</a>&nbsp;&nbsp;&nbsp;HAL_MspInit
<LI><a href="#[4c]">&gt;&gt;</a>&nbsp;&nbsp;&nbsp;HAL_InitTick
</UL>
<BR>[Called By]<UL><LI><a href="#[1f]">&gt;&gt;</a>&nbsp;&nbsp;&nbsp;main
</UL>

<P><STRONG><a name="[4c]"></a>HAL_InitTick</STRONG> (Thumb, 70 bytes, Stack size 16 bytes, cs32l010_hal.o(i.HAL_InitTick))
<BR><BR>[Stack]<UL><LI>Max Depth = 40<LI>Call Chain = HAL_InitTick &rArr; HAL_NVIC_SetPriority &rArr; NVIC_SetPriority
</UL>
<BR>[Calls]<UL><LI><a href="#[4f]">&gt;&gt;</a>&nbsp;&nbsp;&nbsp;HAL_NVIC_SetPriority
<LI><a href="#[4e]">&gt;&gt;</a>&nbsp;&nbsp;&nbsp;HAL_SYSTICK_Config
<LI><a href="#[44]">&gt;&gt;</a>&nbsp;&nbsp;&nbsp;__aeabi_uidivmod
</UL>
<BR>[Called By]<UL><LI><a href="#[51]">&gt;&gt;</a>&nbsp;&nbsp;&nbsp;HAL_RCC_ClockConfig
<LI><a href="#[4b]">&gt;&gt;</a>&nbsp;&nbsp;&nbsp;HAL_Init
</UL>

<P><STRONG><a name="[4d]"></a>HAL_MspInit</STRONG> (Thumb, 2 bytes, Stack size 0 bytes, cs32l010_hal_msp.o(i.HAL_MspInit))
<BR><BR>[Called By]<UL><LI><a href="#[4b]">&gt;&gt;</a>&nbsp;&nbsp;&nbsp;HAL_Init
</UL>

<P><STRONG><a name="[47]"></a>HAL_NVIC_DisableIRQ</STRONG> (Thumb, 18 bytes, Stack size 0 bytes, cs32l010_hal_cortex.o(i.HAL_NVIC_DisableIRQ))
<BR><BR>[Called By]<UL><LI><a href="#[40]">&gt;&gt;</a>&nbsp;&nbsp;&nbsp;HAL_I2C_SlaveCallback
</UL>

<P><STRONG><a name="[4a]"></a>HAL_NVIC_EnableIRQ</STRONG> (Thumb, 18 bytes, Stack size 0 bytes, cs32l010_hal_cortex.o(i.HAL_NVIC_EnableIRQ))
<BR><BR>[Called By]<UL><LI><a href="#[68]">&gt;&gt;</a>&nbsp;&nbsp;&nbsp;SerialInit
<LI><a href="#[80]">&gt;&gt;</a>&nbsp;&nbsp;&nbsp;i2cIRQConfig
<LI><a href="#[40]">&gt;&gt;</a>&nbsp;&nbsp;&nbsp;HAL_I2C_SlaveCallback
</UL>

<P><STRONG><a name="[4f]"></a>HAL_NVIC_SetPriority</STRONG> (Thumb, 16 bytes, Stack size 16 bytes, cs32l010_hal_cortex.o(i.HAL_NVIC_SetPriority))
<BR><BR>[Stack]<UL><LI>Max Depth = 24<LI>Call Chain = HAL_NVIC_SetPriority &rArr; NVIC_SetPriority
</UL>
<BR>[Calls]<UL><LI><a href="#[50]">&gt;&gt;</a>&nbsp;&nbsp;&nbsp;NVIC_SetPriority
</UL>
<BR>[Called By]<UL><LI><a href="#[80]">&gt;&gt;</a>&nbsp;&nbsp;&nbsp;i2cIRQConfig
<LI><a href="#[4c]">&gt;&gt;</a>&nbsp;&nbsp;&nbsp;HAL_InitTick
</UL>

<P><STRONG><a name="[51]"></a>HAL_RCC_ClockConfig</STRONG> (Thumb, 446 bytes, Stack size 16 bytes, cs32l010_hal_rcc.o(i.HAL_RCC_ClockConfig))
<BR><BR>[Stack]<UL><LI>Max Depth = 56<LI>Call Chain = HAL_RCC_ClockConfig &rArr; HAL_InitTick &rArr; HAL_NVIC_SetPriority &rArr; NVIC_SetPriority
</UL>
<BR>[Calls]<UL><LI><a href="#[4c]">&gt;&gt;</a>&nbsp;&nbsp;&nbsp;HAL_InitTick
<LI><a href="#[39]">&gt;&gt;</a>&nbsp;&nbsp;&nbsp;HAL_GetTick
<LI><a href="#[52]">&gt;&gt;</a>&nbsp;&nbsp;&nbsp;HAL_RCC_GetSysClockFreq
<LI><a href="#[44]">&gt;&gt;</a>&nbsp;&nbsp;&nbsp;__aeabi_uidivmod
</UL>
<BR>[Called By]<UL><LI><a href="#[74]">&gt;&gt;</a>&nbsp;&nbsp;&nbsp;SystemClock_Config
</UL>

<P><STRONG><a name="[53]"></a>HAL_RCC_GetHCLKFreq</STRONG> (Thumb, 6 bytes, Stack size 0 bytes, cs32l010_hal_rcc.o(i.HAL_RCC_GetHCLKFreq))
<BR><BR>[Called By]<UL><LI><a href="#[43]">&gt;&gt;</a>&nbsp;&nbsp;&nbsp;HAL_RCC_GetPCLKFreq
</UL>

<P><STRONG><a name="[43]"></a>HAL_RCC_GetPCLKFreq</STRONG> (Thumb, 34 bytes, Stack size 8 bytes, cs32l010_hal_rcc.o(i.HAL_RCC_GetPCLKFreq))
<BR><BR>[Stack]<UL><LI>Max Depth = 20<LI>Call Chain = HAL_RCC_GetPCLKFreq &rArr; __aeabi_uidivmod
</UL>
<BR>[Calls]<UL><LI><a href="#[53]">&gt;&gt;</a>&nbsp;&nbsp;&nbsp;HAL_RCC_GetHCLKFreq
<LI><a href="#[44]">&gt;&gt;</a>&nbsp;&nbsp;&nbsp;__aeabi_uidivmod
</UL>
<BR>[Called By]<UL><LI><a href="#[41]">&gt;&gt;</a>&nbsp;&nbsp;&nbsp;HAL_I2C_Init
<LI><a href="#[5c]">&gt;&gt;</a>&nbsp;&nbsp;&nbsp;UART_SetConfig
</UL>

<P><STRONG><a name="[52]"></a>HAL_RCC_GetSysClockFreq</STRONG> (Thumb, 150 bytes, Stack size 0 bytes, cs32l010_hal_rcc.o(i.HAL_RCC_GetSysClockFreq))
<BR><BR>[Called By]<UL><LI><a href="#[51]">&gt;&gt;</a>&nbsp;&nbsp;&nbsp;HAL_RCC_ClockConfig
</UL>

<P><STRONG><a name="[54]"></a>HAL_RCC_OscConfig</STRONG> (Thumb, 1126 bytes, Stack size 16 bytes, cs32l010_hal_rcc.o(i.HAL_RCC_OscConfig))
<BR><BR>[Stack]<UL><LI>Max Depth = 44<LI>Call Chain = HAL_RCC_OscConfig &rArr; RCC_Delay &rArr; __aeabi_uidivmod
</UL>
<BR>[Calls]<UL><LI><a href="#[39]">&gt;&gt;</a>&nbsp;&nbsp;&nbsp;HAL_GetTick
<LI><a href="#[55]">&gt;&gt;</a>&nbsp;&nbsp;&nbsp;RCC_Delay
</UL>
<BR>[Called By]<UL><LI><a href="#[74]">&gt;&gt;</a>&nbsp;&nbsp;&nbsp;SystemClock_Config
</UL>

<P><STRONG><a name="[4e]"></a>HAL_SYSTICK_Config</STRONG> (Thumb, 46 bytes, Stack size 16 bytes, cs32l010_hal_cortex.o(i.HAL_SYSTICK_Config))
<BR><BR>[Stack]<UL><LI>Max Depth = 24<LI>Call Chain = HAL_SYSTICK_Config &rArr; NVIC_SetPriority
</UL>
<BR>[Calls]<UL><LI><a href="#[50]">&gt;&gt;</a>&nbsp;&nbsp;&nbsp;NVIC_SetPriority
</UL>
<BR>[Called By]<UL><LI><a href="#[4c]">&gt;&gt;</a>&nbsp;&nbsp;&nbsp;HAL_InitTick
</UL>

<P><STRONG><a name="[58]"></a>HAL_UART_ErrorCallback</STRONG> (Thumb, 2 bytes, Stack size 0 bytes, cs32l010_hal_uart.o(i.HAL_UART_ErrorCallback))
<BR><BR>[Called By]<UL><LI><a href="#[56]">&gt;&gt;</a>&nbsp;&nbsp;&nbsp;HAL_UART_IRQHandler
</UL>

<P><STRONG><a name="[56]"></a>HAL_UART_IRQHandler</STRONG> (Thumb, 160 bytes, Stack size 24 bytes, cs32l010_hal_uart.o(i.HAL_UART_IRQHandler))
<BR><BR>[Stack]<UL><LI>Max Depth = 56<LI>Call Chain = HAL_UART_IRQHandler &rArr; UART_Receive_IT &rArr; HAL_UART_RxCpltCallback &rArr; HAL_UART_Receive_IT
</UL>
<BR>[Calls]<UL><LI><a href="#[58]">&gt;&gt;</a>&nbsp;&nbsp;&nbsp;HAL_UART_ErrorCallback
<LI><a href="#[59]">&gt;&gt;</a>&nbsp;&nbsp;&nbsp;UART_Transmit_IT
<LI><a href="#[57]">&gt;&gt;</a>&nbsp;&nbsp;&nbsp;UART_Receive_IT
</UL>
<BR>[Called By]<UL><LI><a href="#[c]">&gt;&gt;</a>&nbsp;&nbsp;&nbsp;UART1_IRQHandler
</UL>

<P><STRONG><a name="[5a]"></a>HAL_UART_Init</STRONG> (Thumb, 62 bytes, Stack size 8 bytes, cs32l010_hal_uart.o(i.HAL_UART_Init))
<BR><BR>[Stack]<UL><LI>Max Depth = 44<LI>Call Chain = HAL_UART_Init &rArr; UART_SetConfig &rArr; HAL_RCC_GetPCLKFreq &rArr; __aeabi_uidivmod
</UL>
<BR>[Calls]<UL><LI><a href="#[5b]">&gt;&gt;</a>&nbsp;&nbsp;&nbsp;HAL_UART_MspInit
<LI><a href="#[5c]">&gt;&gt;</a>&nbsp;&nbsp;&nbsp;UART_SetConfig
</UL>
<BR>[Called By]<UL><LI><a href="#[68]">&gt;&gt;</a>&nbsp;&nbsp;&nbsp;SerialInit
</UL>

<P><STRONG><a name="[5b]"></a>HAL_UART_MspInit</STRONG> (Thumb, 2 bytes, Stack size 0 bytes, cs32l010_hal_uart.o(i.HAL_UART_MspInit))
<BR><BR>[Called By]<UL><LI><a href="#[5a]">&gt;&gt;</a>&nbsp;&nbsp;&nbsp;HAL_UART_Init
</UL>

<P><STRONG><a name="[5e]"></a>HAL_UART_Receive_IT</STRONG> (Thumb, 92 bytes, Stack size 8 bytes, cs32l010_hal_uart.o(i.HAL_UART_Receive_IT))
<BR><BR>[Stack]<UL><LI>Max Depth = 8<LI>Call Chain = HAL_UART_Receive_IT
</UL>
<BR>[Called By]<UL><LI><a href="#[68]">&gt;&gt;</a>&nbsp;&nbsp;&nbsp;SerialInit
<LI><a href="#[5d]">&gt;&gt;</a>&nbsp;&nbsp;&nbsp;HAL_UART_RxCpltCallback
</UL>

<P><STRONG><a name="[5d]"></a>HAL_UART_RxCpltCallback</STRONG> (Thumb, 46 bytes, Stack size 8 bytes, main.o(i.HAL_UART_RxCpltCallback))
<BR><BR>[Stack]<UL><LI>Max Depth = 16<LI>Call Chain = HAL_UART_RxCpltCallback &rArr; HAL_UART_Receive_IT
</UL>
<BR>[Calls]<UL><LI><a href="#[5e]">&gt;&gt;</a>&nbsp;&nbsp;&nbsp;HAL_UART_Receive_IT
</UL>
<BR>[Called By]<UL><LI><a href="#[57]">&gt;&gt;</a>&nbsp;&nbsp;&nbsp;UART_Receive_IT
</UL>

<P><STRONG><a name="[5f]"></a>HAL_UART_Transmit</STRONG> (Thumb, 286 bytes, Stack size 32 bytes, cs32l010_hal_uart.o(i.HAL_UART_Transmit))
<BR><BR>[Stack]<UL><LI>Max Depth = 72<LI>Call Chain = HAL_UART_Transmit &rArr; UART_WaitOnFlagUntilTimeout
</UL>
<BR>[Calls]<UL><LI><a href="#[39]">&gt;&gt;</a>&nbsp;&nbsp;&nbsp;HAL_GetTick
<LI><a href="#[60]">&gt;&gt;</a>&nbsp;&nbsp;&nbsp;UART_WaitOnFlagUntilTimeout
</UL>
<BR>[Called By]<UL><LI><a href="#[69]">&gt;&gt;</a>&nbsp;&nbsp;&nbsp;SerialSend
</UL>

<P><STRONG><a name="[85]"></a>HAL_UART_Transmit_IT</STRONG> (Thumb, 196 bytes, Stack size 12 bytes, cs32l010_hal_uart.o(i.HAL_UART_Transmit_IT))
<BR><BR>[Stack]<UL><LI>Max Depth = 12<LI>Call Chain = HAL_UART_Transmit_IT
</UL>
<BR>[Called By]<UL><LI><a href="#[1f]">&gt;&gt;</a>&nbsp;&nbsp;&nbsp;main
</UL>

<P><STRONG><a name="[76]"></a>HAL_UART_TxCpltCallback</STRONG> (Thumb, 2 bytes, Stack size 0 bytes, cs32l010_hal_uart.o(i.HAL_UART_TxCpltCallback))
<BR><BR>[Called By]<UL><LI><a href="#[59]">&gt;&gt;</a>&nbsp;&nbsp;&nbsp;UART_Transmit_IT
</UL>

<P><STRONG><a name="[2]"></a>HardFault_Handler</STRONG> (Thumb, 4 bytes, Stack size 0 bytes, cs32l010_it.o(i.HardFault_Handler))
<BR>[Address Reference Count : 1]<UL><LI> startup_cs32l010.o(RESET)
</UL>
<P><STRONG><a name="[f]"></a>I2C_IRQHandler</STRONG> (Thumb, 10 bytes, Stack size 8 bytes, cs32l010_it.o(i.I2C_IRQHandler))
<BR><BR>[Stack]<UL><LI>Max Depth = 84<LI>Call Chain = I2C_IRQHandler &rArr; HAL_I2C_IRQHandler &rArr; HAL_I2C_SlaveCallback &rArr; HAL_I2C_Wait_Flag &rArr; HAL_I2C_Check_Flag
</UL>
<BR>[Calls]<UL><LI><a href="#[3e]">&gt;&gt;</a>&nbsp;&nbsp;&nbsp;HAL_I2C_IRQHandler
</UL>
<BR>[Address Reference Count : 1]<UL><LI> startup_cs32l010.o(RESET)
</UL>
<P><STRONG><a name="[66]"></a>IIC_Delay</STRONG> (Thumb, 16 bytes, Stack size 0 bytes, ads1115.o(i.IIC_Delay))
<BR><BR>[Called By]<UL><LI><a href="#[72]">&gt;&gt;</a>&nbsp;&nbsp;&nbsp;Soft_IIC_Write_Low
<LI><a href="#[71]">&gt;&gt;</a>&nbsp;&nbsp;&nbsp;Soft_IIC_Write_High
<LI><a href="#[64]">&gt;&gt;</a>&nbsp;&nbsp;&nbsp;Soft_IIC_Wait_ACK
<LI><a href="#[65]">&gt;&gt;</a>&nbsp;&nbsp;&nbsp;Soft_IIC_Stop
<LI><a href="#[62]">&gt;&gt;</a>&nbsp;&nbsp;&nbsp;Soft_IIC_Start
<LI><a href="#[6f]">&gt;&gt;</a>&nbsp;&nbsp;&nbsp;Soft_IIC_Recv_Byte
<LI><a href="#[6e]">&gt;&gt;</a>&nbsp;&nbsp;&nbsp;Soft_IIC_NACK
<LI><a href="#[6a]">&gt;&gt;</a>&nbsp;&nbsp;&nbsp;Soft_IIC_ACK
<LI><a href="#[61]">&gt;&gt;</a>&nbsp;&nbsp;&nbsp;IIC_Write
</UL>

<P><STRONG><a name="[61]"></a>IIC_Write</STRONG> (Thumb, 92 bytes, Stack size 40 bytes, ads1115.o(i.IIC_Write))
<BR><BR>[Stack]<UL><LI>Max Depth = 136<LI>Call Chain = IIC_Write &rArr; Soft_IIC_Write_Byte &rArr; Soft_IIC_Output &rArr; HAL_GPIO_Init
</UL>
<BR>[Calls]<UL><LI><a href="#[63]">&gt;&gt;</a>&nbsp;&nbsp;&nbsp;Soft_IIC_Write_Byte
<LI><a href="#[64]">&gt;&gt;</a>&nbsp;&nbsp;&nbsp;Soft_IIC_Wait_ACK
<LI><a href="#[65]">&gt;&gt;</a>&nbsp;&nbsp;&nbsp;Soft_IIC_Stop
<LI><a href="#[62]">&gt;&gt;</a>&nbsp;&nbsp;&nbsp;Soft_IIC_Start
<LI><a href="#[66]">&gt;&gt;</a>&nbsp;&nbsp;&nbsp;IIC_Delay
</UL>
<BR>[Called By]<UL><LI><a href="#[79]">&gt;&gt;</a>&nbsp;&nbsp;&nbsp;ads1115_config_register
</UL>

<P><STRONG><a name="[17]"></a>IWDG_IRQHandler</STRONG> (Thumb, 2 bytes, Stack size 0 bytes, cs32l010_it.o(i.IWDG_IRQHandler))
<BR>[Address Reference Count : 1]<UL><LI> startup_cs32l010.o(RESET)
</UL>
<P><STRONG><a name="[12]"></a>LPTIM_IRQHandler</STRONG> (Thumb, 2 bytes, Stack size 0 bytes, cs32l010_it.o(i.LPTIM_IRQHandler))
<BR>[Address Reference Count : 1]<UL><LI> startup_cs32l010.o(RESET)
</UL>
<P><STRONG><a name="[d]"></a>LPUART_IRQHandler</STRONG> (Thumb, 2 bytes, Stack size 0 bytes, cs32l010_it.o(i.LPUART_IRQHandler))
<BR>[Address Reference Count : 1]<UL><LI> startup_cs32l010.o(RESET)
</UL>
<P><STRONG><a name="[19]"></a>LVD_IRQHandler</STRONG> (Thumb, 2 bytes, Stack size 0 bytes, cs32l010_it.o(i.LVD_IRQHandler))
<BR>[Address Reference Count : 1]<UL><LI> startup_cs32l010.o(RESET)
</UL>
<P><STRONG><a name="[67]"></a>LogInit</STRONG> (Thumb, 12 bytes, Stack size 8 bytes, log.o(i.LogInit))
<BR><BR>[Stack]<UL><LI>Max Depth = 116<LI>Call Chain = LogInit &rArr; SerialInit &rArr; HAL_UART_Init &rArr; UART_SetConfig &rArr; HAL_RCC_GetPCLKFreq &rArr; __aeabi_uidivmod
</UL>
<BR>[Calls]<UL><LI><a href="#[68]">&gt;&gt;</a>&nbsp;&nbsp;&nbsp;SerialInit
</UL>
<BR>[Called By]<UL><LI><a href="#[1f]">&gt;&gt;</a>&nbsp;&nbsp;&nbsp;main
</UL>

<P><STRONG><a name="[1]"></a>NMI_Handler</STRONG> (Thumb, 2 bytes, Stack size 0 bytes, cs32l010_it.o(i.NMI_Handler))
<BR>[Address Reference Count : 1]<UL><LI> startup_cs32l010.o(RESET)
</UL>
<P><STRONG><a name="[1c]"></a>OWIRE_IRQHandler</STRONG> (Thumb, 2 bytes, Stack size 0 bytes, cs32l010_it.o(i.OWIRE_IRQHandler))
<BR>[Address Reference Count : 1]<UL><LI> startup_cs32l010.o(RESET)
</UL>
<P><STRONG><a name="[15]"></a>PCA_IRQHandler</STRONG> (Thumb, 2 bytes, Stack size 0 bytes, cs32l010_it.o(i.PCA_IRQHandler))
<BR>[Address Reference Count : 1]<UL><LI> startup_cs32l010.o(RESET)
</UL>
<P><STRONG><a name="[4]"></a>PendSV_Handler</STRONG> (Thumb, 2 bytes, Stack size 0 bytes, cs32l010_it.o(i.PendSV_Handler))
<BR>[Address Reference Count : 1]<UL><LI> startup_cs32l010.o(RESET)
</UL>
<P><STRONG><a name="[1d]"></a>RTC_IRQHandler</STRONG> (Thumb, 2 bytes, Stack size 0 bytes, cs32l010_it.o(i.RTC_IRQHandler))
<BR>[Address Reference Count : 1]<UL><LI> startup_cs32l010.o(RESET)
</UL>
<P><STRONG><a name="[e]"></a>SPI_IRQHandler</STRONG> (Thumb, 2 bytes, Stack size 0 bytes, cs32l010_it.o(i.SPI_IRQHandler))
<BR>[Address Reference Count : 1]<UL><LI> startup_cs32l010.o(RESET)
</UL>
<P><STRONG><a name="[3]"></a>SVC_Handler</STRONG> (Thumb, 2 bytes, Stack size 0 bytes, cs32l010_it.o(i.SVC_Handler))
<BR>[Address Reference Count : 1]<UL><LI> startup_cs32l010.o(RESET)
</UL>
<P><STRONG><a name="[6a]"></a>Soft_IIC_ACK</STRONG> (Thumb, 60 bytes, Stack size 8 bytes, ads1115.o(i.Soft_IIC_ACK))
<BR><BR>[Stack]<UL><LI>Max Depth = 88<LI>Call Chain = Soft_IIC_ACK &rArr; Soft_IIC_Output &rArr; HAL_GPIO_Init
</UL>
<BR>[Calls]<UL><LI><a href="#[66]">&gt;&gt;</a>&nbsp;&nbsp;&nbsp;IIC_Delay
<LI><a href="#[6b]">&gt;&gt;</a>&nbsp;&nbsp;&nbsp;Soft_IIC_Output
<LI><a href="#[6c]">&gt;&gt;</a>&nbsp;&nbsp;&nbsp;HAL_GPIO_WritePin
</UL>
<BR>[Called By]<UL><LI><a href="#[6f]">&gt;&gt;</a>&nbsp;&nbsp;&nbsp;Soft_IIC_Recv_Byte
</UL>

<P><STRONG><a name="[6e]"></a>Soft_IIC_NACK</STRONG> (Thumb, 60 bytes, Stack size 8 bytes, ads1115.o(i.Soft_IIC_NACK))
<BR><BR>[Stack]<UL><LI>Max Depth = 88<LI>Call Chain = Soft_IIC_NACK &rArr; Soft_IIC_Output &rArr; HAL_GPIO_Init
</UL>
<BR>[Calls]<UL><LI><a href="#[66]">&gt;&gt;</a>&nbsp;&nbsp;&nbsp;IIC_Delay
<LI><a href="#[6b]">&gt;&gt;</a>&nbsp;&nbsp;&nbsp;Soft_IIC_Output
<LI><a href="#[6c]">&gt;&gt;</a>&nbsp;&nbsp;&nbsp;HAL_GPIO_WritePin
</UL>
<BR>[Called By]<UL><LI><a href="#[6f]">&gt;&gt;</a>&nbsp;&nbsp;&nbsp;Soft_IIC_Recv_Byte
</UL>

<P><STRONG><a name="[6f]"></a>Soft_IIC_Recv_Byte</STRONG> (Thumb, 94 bytes, Stack size 16 bytes, ads1115.o(i.Soft_IIC_Recv_Byte))
<BR><BR>[Stack]<UL><LI>Max Depth = 104<LI>Call Chain = Soft_IIC_Recv_Byte &rArr; Soft_IIC_NACK &rArr; Soft_IIC_Output &rArr; HAL_GPIO_Init
</UL>
<BR>[Calls]<UL><LI><a href="#[6e]">&gt;&gt;</a>&nbsp;&nbsp;&nbsp;Soft_IIC_NACK
<LI><a href="#[6a]">&gt;&gt;</a>&nbsp;&nbsp;&nbsp;Soft_IIC_ACK
<LI><a href="#[66]">&gt;&gt;</a>&nbsp;&nbsp;&nbsp;IIC_Delay
<LI><a href="#[6d]">&gt;&gt;</a>&nbsp;&nbsp;&nbsp;Soft_IIC_Input
<LI><a href="#[6c]">&gt;&gt;</a>&nbsp;&nbsp;&nbsp;HAL_GPIO_WritePin
<LI><a href="#[70]">&gt;&gt;</a>&nbsp;&nbsp;&nbsp;HAL_GPIO_ReadPin
</UL>
<BR>[Called By]<UL><LI><a href="#[7c]">&gt;&gt;</a>&nbsp;&nbsp;&nbsp;ads1115_read_data
</UL>

<P><STRONG><a name="[62]"></a>Soft_IIC_Start</STRONG> (Thumb, 70 bytes, Stack size 8 bytes, ads1115.o(i.Soft_IIC_Start))
<BR><BR>[Stack]<UL><LI>Max Depth = 88<LI>Call Chain = Soft_IIC_Start &rArr; Soft_IIC_Output &rArr; HAL_GPIO_Init
</UL>
<BR>[Calls]<UL><LI><a href="#[66]">&gt;&gt;</a>&nbsp;&nbsp;&nbsp;IIC_Delay
<LI><a href="#[6b]">&gt;&gt;</a>&nbsp;&nbsp;&nbsp;Soft_IIC_Output
<LI><a href="#[6c]">&gt;&gt;</a>&nbsp;&nbsp;&nbsp;HAL_GPIO_WritePin
</UL>
<BR>[Called By]<UL><LI><a href="#[7c]">&gt;&gt;</a>&nbsp;&nbsp;&nbsp;ads1115_read_data
<LI><a href="#[61]">&gt;&gt;</a>&nbsp;&nbsp;&nbsp;IIC_Write
</UL>

<P><STRONG><a name="[65]"></a>Soft_IIC_Stop</STRONG> (Thumb, 60 bytes, Stack size 8 bytes, ads1115.o(i.Soft_IIC_Stop))
<BR><BR>[Stack]<UL><LI>Max Depth = 88<LI>Call Chain = Soft_IIC_Stop &rArr; Soft_IIC_Output &rArr; HAL_GPIO_Init
</UL>
<BR>[Calls]<UL><LI><a href="#[66]">&gt;&gt;</a>&nbsp;&nbsp;&nbsp;IIC_Delay
<LI><a href="#[6b]">&gt;&gt;</a>&nbsp;&nbsp;&nbsp;Soft_IIC_Output
<LI><a href="#[6c]">&gt;&gt;</a>&nbsp;&nbsp;&nbsp;HAL_GPIO_WritePin
</UL>
<BR>[Called By]<UL><LI><a href="#[7c]">&gt;&gt;</a>&nbsp;&nbsp;&nbsp;ads1115_read_data
<LI><a href="#[61]">&gt;&gt;</a>&nbsp;&nbsp;&nbsp;IIC_Write
</UL>

<P><STRONG><a name="[64]"></a>Soft_IIC_Wait_ACK</STRONG> (Thumb, 76 bytes, Stack size 8 bytes, ads1115.o(i.Soft_IIC_Wait_ACK))
<BR><BR>[Stack]<UL><LI>Max Depth = 88<LI>Call Chain = Soft_IIC_Wait_ACK &rArr; Soft_IIC_Output &rArr; HAL_GPIO_Init
</UL>
<BR>[Calls]<UL><LI><a href="#[66]">&gt;&gt;</a>&nbsp;&nbsp;&nbsp;IIC_Delay
<LI><a href="#[6b]">&gt;&gt;</a>&nbsp;&nbsp;&nbsp;Soft_IIC_Output
<LI><a href="#[6d]">&gt;&gt;</a>&nbsp;&nbsp;&nbsp;Soft_IIC_Input
<LI><a href="#[6c]">&gt;&gt;</a>&nbsp;&nbsp;&nbsp;HAL_GPIO_WritePin
<LI><a href="#[70]">&gt;&gt;</a>&nbsp;&nbsp;&nbsp;HAL_GPIO_ReadPin
</UL>
<BR>[Called By]<UL><LI><a href="#[7c]">&gt;&gt;</a>&nbsp;&nbsp;&nbsp;ads1115_read_data
<LI><a href="#[61]">&gt;&gt;</a>&nbsp;&nbsp;&nbsp;IIC_Write
</UL>

<P><STRONG><a name="[63]"></a>Soft_IIC_Write_Byte</STRONG> (Thumb, 40 bytes, Stack size 16 bytes, ads1115.o(i.Soft_IIC_Write_Byte))
<BR><BR>[Stack]<UL><LI>Max Depth = 96<LI>Call Chain = Soft_IIC_Write_Byte &rArr; Soft_IIC_Output &rArr; HAL_GPIO_Init
</UL>
<BR>[Calls]<UL><LI><a href="#[72]">&gt;&gt;</a>&nbsp;&nbsp;&nbsp;Soft_IIC_Write_Low
<LI><a href="#[71]">&gt;&gt;</a>&nbsp;&nbsp;&nbsp;Soft_IIC_Write_High
<LI><a href="#[6b]">&gt;&gt;</a>&nbsp;&nbsp;&nbsp;Soft_IIC_Output
</UL>
<BR>[Called By]<UL><LI><a href="#[7c]">&gt;&gt;</a>&nbsp;&nbsp;&nbsp;ads1115_read_data
<LI><a href="#[61]">&gt;&gt;</a>&nbsp;&nbsp;&nbsp;IIC_Write
</UL>

<P><STRONG><a name="[71]"></a>Soft_IIC_Write_High</STRONG> (Thumb, 56 bytes, Stack size 8 bytes, ads1115.o(i.Soft_IIC_Write_High))
<BR><BR>[Stack]<UL><LI>Max Depth = 8<LI>Call Chain = Soft_IIC_Write_High
</UL>
<BR>[Calls]<UL><LI><a href="#[66]">&gt;&gt;</a>&nbsp;&nbsp;&nbsp;IIC_Delay
<LI><a href="#[6c]">&gt;&gt;</a>&nbsp;&nbsp;&nbsp;HAL_GPIO_WritePin
</UL>
<BR>[Called By]<UL><LI><a href="#[63]">&gt;&gt;</a>&nbsp;&nbsp;&nbsp;Soft_IIC_Write_Byte
</UL>

<P><STRONG><a name="[72]"></a>Soft_IIC_Write_Low</STRONG> (Thumb, 56 bytes, Stack size 8 bytes, ads1115.o(i.Soft_IIC_Write_Low))
<BR><BR>[Stack]<UL><LI>Max Depth = 8<LI>Call Chain = Soft_IIC_Write_Low
</UL>
<BR>[Calls]<UL><LI><a href="#[66]">&gt;&gt;</a>&nbsp;&nbsp;&nbsp;IIC_Delay
<LI><a href="#[6c]">&gt;&gt;</a>&nbsp;&nbsp;&nbsp;HAL_GPIO_WritePin
</UL>
<BR>[Called By]<UL><LI><a href="#[63]">&gt;&gt;</a>&nbsp;&nbsp;&nbsp;Soft_IIC_Write_Byte
</UL>

<P><STRONG><a name="[5]"></a>SysTick_Handler</STRONG> (Thumb, 8 bytes, Stack size 8 bytes, cs32l010_it.o(i.SysTick_Handler))
<BR><BR>[Stack]<UL><LI>Max Depth = 8<LI>Call Chain = SysTick_Handler
</UL>
<BR>[Calls]<UL><LI><a href="#[73]">&gt;&gt;</a>&nbsp;&nbsp;&nbsp;HAL_IncTick
</UL>
<BR>[Address Reference Count : 1]<UL><LI> startup_cs32l010.o(RESET)
</UL>
<P><STRONG><a name="[74]"></a>SystemClock_Config</STRONG> (Thumb, 80 bytes, Stack size 56 bytes, main.o(i.SystemClock_Config))
<BR><BR>[Stack]<UL><LI>Max Depth = 112<LI>Call Chain = SystemClock_Config &rArr; HAL_RCC_ClockConfig &rArr; HAL_InitTick &rArr; HAL_NVIC_SetPriority &rArr; NVIC_SetPriority
</UL>
<BR>[Calls]<UL><LI><a href="#[54]">&gt;&gt;</a>&nbsp;&nbsp;&nbsp;HAL_RCC_OscConfig
<LI><a href="#[51]">&gt;&gt;</a>&nbsp;&nbsp;&nbsp;HAL_RCC_ClockConfig
<LI><a href="#[75]">&gt;&gt;</a>&nbsp;&nbsp;&nbsp;Error_Handler
<LI><a href="#[36]">&gt;&gt;</a>&nbsp;&nbsp;&nbsp;__aeabi_memclr4
</UL>
<BR>[Called By]<UL><LI><a href="#[1f]">&gt;&gt;</a>&nbsp;&nbsp;&nbsp;main
</UL>

<P><STRONG><a name="[20]"></a>SystemInit</STRONG> (Thumb, 48 bytes, Stack size 0 bytes, system_cs32l010.o(i.SystemInit))
<BR>[Address Reference Count : 1]<UL><LI> startup_cs32l010.o(.text)
</UL>
<P><STRONG><a name="[10]"></a>TIM10_IRQHandler</STRONG> (Thumb, 2 bytes, Stack size 0 bytes, cs32l010_it.o(i.TIM10_IRQHandler))
<BR>[Address Reference Count : 1]<UL><LI> startup_cs32l010.o(RESET)
</UL>
<P><STRONG><a name="[11]"></a>TIM11_IRQHandler</STRONG> (Thumb, 2 bytes, Stack size 0 bytes, cs32l010_it.o(i.TIM11_IRQHandler))
<BR>[Address Reference Count : 1]<UL><LI> startup_cs32l010.o(RESET)
</UL>
<P><STRONG><a name="[13]"></a>TIM1_IRQHandler</STRONG> (Thumb, 2 bytes, Stack size 0 bytes, cs32l010_it.o(i.TIM1_IRQHandler))
<BR>[Address Reference Count : 1]<UL><LI> startup_cs32l010.o(RESET)
</UL>
<P><STRONG><a name="[14]"></a>TIM2_IRQHandler</STRONG> (Thumb, 2 bytes, Stack size 0 bytes, cs32l010_it.o(i.TIM2_IRQHandler))
<BR>[Address Reference Count : 1]<UL><LI> startup_cs32l010.o(RESET)
</UL>
<P><STRONG><a name="[b]"></a>UART0_IRQHandler</STRONG> (Thumb, 2 bytes, Stack size 0 bytes, cs32l010_it.o(i.UART0_IRQHandler))
<BR>[Address Reference Count : 1]<UL><LI> startup_cs32l010.o(RESET)
</UL>
<P><STRONG><a name="[c]"></a>UART1_IRQHandler</STRONG> (Thumb, 10 bytes, Stack size 8 bytes, cs32l010_it.o(i.UART1_IRQHandler))
<BR><BR>[Stack]<UL><LI>Max Depth = 64<LI>Call Chain = UART1_IRQHandler &rArr; HAL_UART_IRQHandler &rArr; UART_Receive_IT &rArr; HAL_UART_RxCpltCallback &rArr; HAL_UART_Receive_IT
</UL>
<BR>[Calls]<UL><LI><a href="#[56]">&gt;&gt;</a>&nbsp;&nbsp;&nbsp;HAL_UART_IRQHandler
</UL>
<BR>[Address Reference Count : 1]<UL><LI> startup_cs32l010.o(RESET)
</UL>
<P><STRONG><a name="[57]"></a>UART_Receive_IT</STRONG> (Thumb, 246 bytes, Stack size 16 bytes, cs32l010_hal_uart.o(i.UART_Receive_IT))
<BR><BR>[Stack]<UL><LI>Max Depth = 32<LI>Call Chain = UART_Receive_IT &rArr; HAL_UART_RxCpltCallback &rArr; HAL_UART_Receive_IT
</UL>
<BR>[Calls]<UL><LI><a href="#[5d]">&gt;&gt;</a>&nbsp;&nbsp;&nbsp;HAL_UART_RxCpltCallback
</UL>
<BR>[Called By]<UL><LI><a href="#[56]">&gt;&gt;</a>&nbsp;&nbsp;&nbsp;HAL_UART_IRQHandler
</UL>

<P><STRONG><a name="[59]"></a>UART_Transmit_IT</STRONG> (Thumb, 170 bytes, Stack size 8 bytes, cs32l010_hal_uart.o(i.UART_Transmit_IT))
<BR><BR>[Stack]<UL><LI>Max Depth = 8<LI>Call Chain = UART_Transmit_IT
</UL>
<BR>[Calls]<UL><LI><a href="#[76]">&gt;&gt;</a>&nbsp;&nbsp;&nbsp;HAL_UART_TxCpltCallback
</UL>
<BR>[Called By]<UL><LI><a href="#[56]">&gt;&gt;</a>&nbsp;&nbsp;&nbsp;HAL_UART_IRQHandler
</UL>

<P><STRONG><a name="[1a]"></a>VC_IRQHandler</STRONG> (Thumb, 2 bytes, Stack size 0 bytes, cs32l010_it.o(i.VC_IRQHandler))
<BR>[Address Reference Count : 1]<UL><LI> startup_cs32l010.o(RESET)
</UL>
<P><STRONG><a name="[16]"></a>WWDG_IRQHandler</STRONG> (Thumb, 2 bytes, Stack size 0 bytes, cs32l010_it.o(i.WWDG_IRQHandler))
<BR>[Address Reference Count : 1]<UL><LI> startup_cs32l010.o(RESET)
</UL>
<P><STRONG><a name="[77]"></a>__0printf$2</STRONG> (Thumb, 24 bytes, Stack size 24 bytes, printf2.o(i.__0printf$2), UNUSED)
<BR><BR>[Calls]<UL><LI><a href="#[78]">&gt;&gt;</a>&nbsp;&nbsp;&nbsp;_printf_core
</UL>

<P><STRONG><a name="[98]"></a>__1printf$2</STRONG> (Thumb, 0 bytes, Stack size 24 bytes, printf2.o(i.__0printf$2), UNUSED)

<P><STRONG><a name="[7d]"></a>__2printf</STRONG> (Thumb, 0 bytes, Stack size 24 bytes, printf2.o(i.__0printf$2))
<BR><BR>[Stack]<UL><LI>Max Depth = 24<LI>Call Chain = __2printf
</UL>
<BR>[Called By]<UL><LI><a href="#[7a]">&gt;&gt;</a>&nbsp;&nbsp;&nbsp;ads1115_get_voltage_val
</UL>

<P><STRONG><a name="[31]"></a>__ARM_clz</STRONG> (Thumb, 46 bytes, Stack size 0 bytes, depilogue.o(i.__ARM_clz))
<BR><BR>[Called By]<UL><LI><a href="#[2b]">&gt;&gt;</a>&nbsp;&nbsp;&nbsp;_double_epilogue
</UL>

<P><STRONG><a name="[7e]"></a>__ARM_common_switch8</STRONG> (Thumb, 28 bytes, Stack size 8 bytes, ads1115.o(i.__ARM_common_switch8))
<BR><BR>[Stack]<UL><LI>Max Depth = 8<LI>Call Chain = __ARM_common_switch8
</UL>
<BR>[Called By]<UL><LI><a href="#[7a]">&gt;&gt;</a>&nbsp;&nbsp;&nbsp;ads1115_get_voltage_val
</UL>

<P><STRONG><a name="[99]"></a>__scatterload_copy</STRONG> (Thumb, 14 bytes, Stack size unknown bytes, handlers.o(i.__scatterload_copy), UNUSED)

<P><STRONG><a name="[9a]"></a>__scatterload_null</STRONG> (Thumb, 2 bytes, Stack size unknown bytes, handlers.o(i.__scatterload_null), UNUSED)

<P><STRONG><a name="[9b]"></a>__scatterload_zeroinit</STRONG> (Thumb, 14 bytes, Stack size unknown bytes, handlers.o(i.__scatterload_zeroinit), UNUSED)

<P><STRONG><a name="[79]"></a>ads1115_config_register</STRONG> (Thumb, 26 bytes, Stack size 24 bytes, ads1115.o(i.ads1115_config_register))
<BR><BR>[Stack]<UL><LI>Max Depth = 160<LI>Call Chain = ads1115_config_register &rArr; IIC_Write &rArr; Soft_IIC_Write_Byte &rArr; Soft_IIC_Output &rArr; HAL_GPIO_Init
</UL>
<BR>[Calls]<UL><LI><a href="#[61]">&gt;&gt;</a>&nbsp;&nbsp;&nbsp;IIC_Write
</UL>
<BR>[Called By]<UL><LI><a href="#[7a]">&gt;&gt;</a>&nbsp;&nbsp;&nbsp;ads1115_get_voltage_val
</UL>

<P><STRONG><a name="[7a]"></a>ads1115_get_voltage_val</STRONG> (Thumb, 476 bytes, Stack size 104 bytes, ads1115.o(i.ads1115_get_voltage_val))
<BR><BR>[Stack]<UL><LI>Max Depth = 264<LI>Call Chain = ads1115_get_voltage_val &rArr; ads1115_config_register &rArr; IIC_Write &rArr; Soft_IIC_Write_Byte &rArr; Soft_IIC_Output &rArr; HAL_GPIO_Init
</UL>
<BR>[Calls]<UL><LI><a href="#[2e]">&gt;&gt;</a>&nbsp;&nbsp;&nbsp;__aeabi_i2d
<LI><a href="#[2a]">&gt;&gt;</a>&nbsp;&nbsp;&nbsp;__aeabi_dmul
<LI><a href="#[2c]">&gt;&gt;</a>&nbsp;&nbsp;&nbsp;__aeabi_ddiv
<LI><a href="#[7f]">&gt;&gt;</a>&nbsp;&nbsp;&nbsp;__aeabi_cdcmple
<LI><a href="#[7c]">&gt;&gt;</a>&nbsp;&nbsp;&nbsp;ads1115_read_data
<LI><a href="#[79]">&gt;&gt;</a>&nbsp;&nbsp;&nbsp;ads1115_config_register
<LI><a href="#[7e]">&gt;&gt;</a>&nbsp;&nbsp;&nbsp;__ARM_common_switch8
<LI><a href="#[38]">&gt;&gt;</a>&nbsp;&nbsp;&nbsp;HAL_Delay
<LI><a href="#[7d]">&gt;&gt;</a>&nbsp;&nbsp;&nbsp;__2printf
<LI><a href="#[7b]">&gt;&gt;</a>&nbsp;&nbsp;&nbsp;__aeabi_memcpy4
</UL>
<BR>[Called By]<UL><LI><a href="#[1f]">&gt;&gt;</a>&nbsp;&nbsp;&nbsp;main
</UL>

<P><STRONG><a name="[7c]"></a>ads1115_read_data</STRONG> (Thumb, 110 bytes, Stack size 16 bytes, ads1115.o(i.ads1115_read_data))
<BR><BR>[Stack]<UL><LI>Max Depth = 120<LI>Call Chain = ads1115_read_data &rArr; Soft_IIC_Recv_Byte &rArr; Soft_IIC_NACK &rArr; Soft_IIC_Output &rArr; HAL_GPIO_Init
</UL>
<BR>[Calls]<UL><LI><a href="#[63]">&gt;&gt;</a>&nbsp;&nbsp;&nbsp;Soft_IIC_Write_Byte
<LI><a href="#[64]">&gt;&gt;</a>&nbsp;&nbsp;&nbsp;Soft_IIC_Wait_ACK
<LI><a href="#[65]">&gt;&gt;</a>&nbsp;&nbsp;&nbsp;Soft_IIC_Stop
<LI><a href="#[62]">&gt;&gt;</a>&nbsp;&nbsp;&nbsp;Soft_IIC_Start
<LI><a href="#[6f]">&gt;&gt;</a>&nbsp;&nbsp;&nbsp;Soft_IIC_Recv_Byte
</UL>
<BR>[Called By]<UL><LI><a href="#[7a]">&gt;&gt;</a>&nbsp;&nbsp;&nbsp;ads1115_get_voltage_val
</UL>

<P><STRONG><a name="[22]"></a>fputc</STRONG> (Thumb, 16 bytes, Stack size 16 bytes, log.o(i.fputc))
<BR><BR>[Stack]<UL><LI>Max Depth = 96<LI>Call Chain = fputc &rArr; SerialSend &rArr; HAL_UART_Transmit &rArr; UART_WaitOnFlagUntilTimeout
</UL>
<BR>[Calls]<UL><LI><a href="#[69]">&gt;&gt;</a>&nbsp;&nbsp;&nbsp;SerialSend
</UL>
<BR>[Address Reference Count : 1]<UL><LI> printf2.o(i.__0printf$2)
</UL>
<P><STRONG><a name="[80]"></a>i2cIRQConfig</STRONG> (Thumb, 18 bytes, Stack size 8 bytes, dfrobot_i2c_slave.o(i.i2cIRQConfig))
<BR><BR>[Stack]<UL><LI>Max Depth = 32<LI>Call Chain = i2cIRQConfig &rArr; HAL_NVIC_SetPriority &rArr; NVIC_SetPriority
</UL>
<BR>[Calls]<UL><LI><a href="#[4f]">&gt;&gt;</a>&nbsp;&nbsp;&nbsp;HAL_NVIC_SetPriority
<LI><a href="#[4a]">&gt;&gt;</a>&nbsp;&nbsp;&nbsp;HAL_NVIC_EnableIRQ
</UL>
<BR>[Called By]<UL><LI><a href="#[1f]">&gt;&gt;</a>&nbsp;&nbsp;&nbsp;main
</UL>

<P><STRONG><a name="[81]"></a>i2cInitSlave</STRONG> (Thumb, 148 bytes, Stack size 56 bytes, dfrobot_i2c_slave.o(i.i2cInitSlave))
<BR><BR>[Stack]<UL><LI>Max Depth = 92<LI>Call Chain = i2cInitSlave &rArr; HAL_I2C_Init &rArr; HAL_RCC_GetPCLKFreq &rArr; __aeabi_uidivmod
</UL>
<BR>[Calls]<UL><LI><a href="#[37]">&gt;&gt;</a>&nbsp;&nbsp;&nbsp;HAL_GPIO_Init
<LI><a href="#[41]">&gt;&gt;</a>&nbsp;&nbsp;&nbsp;HAL_I2C_Init
<LI><a href="#[36]">&gt;&gt;</a>&nbsp;&nbsp;&nbsp;__aeabi_memclr4
</UL>
<BR>[Called By]<UL><LI><a href="#[1f]">&gt;&gt;</a>&nbsp;&nbsp;&nbsp;main
</UL>

<P><STRONG><a name="[82]"></a>key_init</STRONG> (Thumb, 100 bytes, Stack size 64 bytes, main.o(i.key_init))
<BR><BR>[Stack]<UL><LI>Max Depth = 88<LI>Call Chain = key_init &rArr; HAL_GPIO_Init
</UL>
<BR>[Calls]<UL><LI><a href="#[37]">&gt;&gt;</a>&nbsp;&nbsp;&nbsp;HAL_GPIO_Init
</UL>
<BR>[Called By]<UL><LI><a href="#[1f]">&gt;&gt;</a>&nbsp;&nbsp;&nbsp;main
</UL>

<P><STRONG><a name="[1f]"></a>main</STRONG> (Thumb, 610 bytes, Stack size 72 bytes, main.o(i.main))
<BR><BR>[Stack]<UL><LI>Max Depth = 336<LI>Call Chain = main &rArr; ads1115_get_voltage_val &rArr; ads1115_config_register &rArr; IIC_Write &rArr; Soft_IIC_Write_Byte &rArr; Soft_IIC_Output &rArr; HAL_GPIO_Init
</UL>
<BR>[Calls]<UL><LI><a href="#[81]">&gt;&gt;</a>&nbsp;&nbsp;&nbsp;i2cInitSlave
<LI><a href="#[80]">&gt;&gt;</a>&nbsp;&nbsp;&nbsp;i2cIRQConfig
<LI><a href="#[7a]">&gt;&gt;</a>&nbsp;&nbsp;&nbsp;ads1115_get_voltage_val
<LI><a href="#[83]">&gt;&gt;</a>&nbsp;&nbsp;&nbsp;__aeabi_fmul
<LI><a href="#[84]">&gt;&gt;</a>&nbsp;&nbsp;&nbsp;__aeabi_f2uiz
<LI><a href="#[2f]">&gt;&gt;</a>&nbsp;&nbsp;&nbsp;__aeabi_d2f
<LI><a href="#[67]">&gt;&gt;</a>&nbsp;&nbsp;&nbsp;LogInit
<LI><a href="#[85]">&gt;&gt;</a>&nbsp;&nbsp;&nbsp;HAL_UART_Transmit_IT
<LI><a href="#[4b]">&gt;&gt;</a>&nbsp;&nbsp;&nbsp;HAL_Init
<LI><a href="#[3c]">&gt;&gt;</a>&nbsp;&nbsp;&nbsp;HAL_I2C_DeInit
<LI><a href="#[38]">&gt;&gt;</a>&nbsp;&nbsp;&nbsp;HAL_Delay
<LI><a href="#[35]">&gt;&gt;</a>&nbsp;&nbsp;&nbsp;Ads1115_I2C_Init
<LI><a href="#[82]">&gt;&gt;</a>&nbsp;&nbsp;&nbsp;key_init
<LI><a href="#[74]">&gt;&gt;</a>&nbsp;&nbsp;&nbsp;SystemClock_Config
<LI><a href="#[70]">&gt;&gt;</a>&nbsp;&nbsp;&nbsp;HAL_GPIO_ReadPin
<LI><a href="#[7b]">&gt;&gt;</a>&nbsp;&nbsp;&nbsp;__aeabi_memcpy4
<LI><a href="#[44]">&gt;&gt;</a>&nbsp;&nbsp;&nbsp;__aeabi_uidivmod
</UL>
<BR>[Address Reference Count : 1]<UL><LI> entry9a.o(.ARM.Collect$$$$0000000B)
</UL><P>
<H3>
Local Symbols
</H3>
<P><STRONG><a name="[68]"></a>SerialInit</STRONG> (Thumb, 176 bytes, Stack size 64 bytes, log.o(i.SerialInit))
<BR><BR>[Stack]<UL><LI>Max Depth = 108<LI>Call Chain = SerialInit &rArr; HAL_UART_Init &rArr; UART_SetConfig &rArr; HAL_RCC_GetPCLKFreq &rArr; __aeabi_uidivmod
</UL>
<BR>[Calls]<UL><LI><a href="#[5a]">&gt;&gt;</a>&nbsp;&nbsp;&nbsp;HAL_UART_Init
<LI><a href="#[5e]">&gt;&gt;</a>&nbsp;&nbsp;&nbsp;HAL_UART_Receive_IT
<LI><a href="#[4a]">&gt;&gt;</a>&nbsp;&nbsp;&nbsp;HAL_NVIC_EnableIRQ
<LI><a href="#[37]">&gt;&gt;</a>&nbsp;&nbsp;&nbsp;HAL_GPIO_Init
<LI><a href="#[36]">&gt;&gt;</a>&nbsp;&nbsp;&nbsp;__aeabi_memclr4
</UL>
<BR>[Called By]<UL><LI><a href="#[67]">&gt;&gt;</a>&nbsp;&nbsp;&nbsp;LogInit
</UL>

<P><STRONG><a name="[69]"></a>SerialSend</STRONG> (Thumb, 16 bytes, Stack size 8 bytes, log.o(i.SerialSend))
<BR><BR>[Stack]<UL><LI>Max Depth = 80<LI>Call Chain = SerialSend &rArr; HAL_UART_Transmit &rArr; UART_WaitOnFlagUntilTimeout
</UL>
<BR>[Calls]<UL><LI><a href="#[5f]">&gt;&gt;</a>&nbsp;&nbsp;&nbsp;HAL_UART_Transmit
</UL>
<BR>[Called By]<UL><LI><a href="#[22]">&gt;&gt;</a>&nbsp;&nbsp;&nbsp;fputc
</UL>

<P><STRONG><a name="[6d]"></a>Soft_IIC_Input</STRONG> (Thumb, 38 bytes, Stack size 56 bytes, ads1115.o(i.Soft_IIC_Input))
<BR><BR>[Stack]<UL><LI>Max Depth = 80<LI>Call Chain = Soft_IIC_Input &rArr; HAL_GPIO_Init
</UL>
<BR>[Calls]<UL><LI><a href="#[37]">&gt;&gt;</a>&nbsp;&nbsp;&nbsp;HAL_GPIO_Init
</UL>
<BR>[Called By]<UL><LI><a href="#[64]">&gt;&gt;</a>&nbsp;&nbsp;&nbsp;Soft_IIC_Wait_ACK
<LI><a href="#[6f]">&gt;&gt;</a>&nbsp;&nbsp;&nbsp;Soft_IIC_Recv_Byte
</UL>

<P><STRONG><a name="[6b]"></a>Soft_IIC_Output</STRONG> (Thumb, 38 bytes, Stack size 56 bytes, ads1115.o(i.Soft_IIC_Output))
<BR><BR>[Stack]<UL><LI>Max Depth = 80<LI>Call Chain = Soft_IIC_Output &rArr; HAL_GPIO_Init
</UL>
<BR>[Calls]<UL><LI><a href="#[37]">&gt;&gt;</a>&nbsp;&nbsp;&nbsp;HAL_GPIO_Init
</UL>
<BR>[Called By]<UL><LI><a href="#[63]">&gt;&gt;</a>&nbsp;&nbsp;&nbsp;Soft_IIC_Write_Byte
<LI><a href="#[64]">&gt;&gt;</a>&nbsp;&nbsp;&nbsp;Soft_IIC_Wait_ACK
<LI><a href="#[65]">&gt;&gt;</a>&nbsp;&nbsp;&nbsp;Soft_IIC_Stop
<LI><a href="#[62]">&gt;&gt;</a>&nbsp;&nbsp;&nbsp;Soft_IIC_Start
<LI><a href="#[6e]">&gt;&gt;</a>&nbsp;&nbsp;&nbsp;Soft_IIC_NACK
<LI><a href="#[6a]">&gt;&gt;</a>&nbsp;&nbsp;&nbsp;Soft_IIC_ACK
</UL>

<P><STRONG><a name="[50]"></a>NVIC_SetPriority</STRONG> (Thumb, 110 bytes, Stack size 8 bytes, cs32l010_hal_cortex.o(i.NVIC_SetPriority))
<BR><BR>[Stack]<UL><LI>Max Depth = 8<LI>Call Chain = NVIC_SetPriority
</UL>
<BR>[Called By]<UL><LI><a href="#[4f]">&gt;&gt;</a>&nbsp;&nbsp;&nbsp;HAL_NVIC_SetPriority
<LI><a href="#[4e]">&gt;&gt;</a>&nbsp;&nbsp;&nbsp;HAL_SYSTICK_Config
</UL>

<P><STRONG><a name="[55]"></a>RCC_Delay</STRONG> (Thumb, 38 bytes, Stack size 16 bytes, cs32l010_hal_rcc.o(i.RCC_Delay))
<BR><BR>[Stack]<UL><LI>Max Depth = 28<LI>Call Chain = RCC_Delay &rArr; __aeabi_uidivmod
</UL>
<BR>[Calls]<UL><LI><a href="#[44]">&gt;&gt;</a>&nbsp;&nbsp;&nbsp;__aeabi_uidivmod
</UL>
<BR>[Called By]<UL><LI><a href="#[54]">&gt;&gt;</a>&nbsp;&nbsp;&nbsp;HAL_RCC_OscConfig
</UL>

<P><STRONG><a name="[5c]"></a>UART_SetConfig</STRONG> (Thumb, 70 bytes, Stack size 16 bytes, cs32l010_hal_uart.o(i.UART_SetConfig))
<BR><BR>[Stack]<UL><LI>Max Depth = 36<LI>Call Chain = UART_SetConfig &rArr; HAL_RCC_GetPCLKFreq &rArr; __aeabi_uidivmod
</UL>
<BR>[Calls]<UL><LI><a href="#[43]">&gt;&gt;</a>&nbsp;&nbsp;&nbsp;HAL_RCC_GetPCLKFreq
<LI><a href="#[44]">&gt;&gt;</a>&nbsp;&nbsp;&nbsp;__aeabi_uidivmod
</UL>
<BR>[Called By]<UL><LI><a href="#[5a]">&gt;&gt;</a>&nbsp;&nbsp;&nbsp;HAL_UART_Init
</UL>

<P><STRONG><a name="[60]"></a>UART_WaitOnFlagUntilTimeout</STRONG> (Thumb, 98 bytes, Stack size 40 bytes, cs32l010_hal_uart.o(i.UART_WaitOnFlagUntilTimeout))
<BR><BR>[Stack]<UL><LI>Max Depth = 40<LI>Call Chain = UART_WaitOnFlagUntilTimeout
</UL>
<BR>[Calls]<UL><LI><a href="#[39]">&gt;&gt;</a>&nbsp;&nbsp;&nbsp;HAL_GetTick
</UL>
<BR>[Called By]<UL><LI><a href="#[5f]">&gt;&gt;</a>&nbsp;&nbsp;&nbsp;HAL_UART_Transmit
</UL>

<P><STRONG><a name="[78]"></a>_printf_core</STRONG> (Thumb, 210 bytes, Stack size 40 bytes, printf2.o(i._printf_core), UNUSED)
<BR><BR>[Called By]<UL><LI><a href="#[77]">&gt;&gt;</a>&nbsp;&nbsp;&nbsp;__0printf$2
</UL>
<P>
<H3>
Undefined Global Symbols
</H3>
<P><STRONG><a name="[26]"></a>__arm_fini_</STRONG> (Unknown, 0 bytes, Stack size 0 bytes, UNDEFINED)
<BR><BR>[Called By]<UL><LI><a href="#[25]">&gt;&gt;</a>&nbsp;&nbsp;&nbsp;__rt_lib_shutdown_fini
</UL>
<HR></body></html>
